Archive member included to satisfy reference by file (symbol)

C:/Users/totia/.mcuxpressotools/arm-gnu-toolchain-13.2.Rel1-mingw-w64-i686-arm-none-eabi/bin/../lib/gcc/arm-none-eabi/13.2.1/thumb/v6-m/nofp\libgcc.a(_udivsi3.o)
                              CMakeFiles/new_project.elf.dir/b2f5765e3116205059112aab3ed77601/curso-lse/workspace_lpc845/sdks/proyecto_final_sdk/devices/LPC845/system_LPC845.c.obj (__aeabi_uidiv)
C:/Users/totia/.mcuxpressotools/arm-gnu-toolchain-13.2.Rel1-mingw-w64-i686-arm-none-eabi/bin/../lib/gcc/arm-none-eabi/13.2.1/thumb/v6-m/nofp\libgcc.a(_dvmd_tls.o)
                              C:/Users/totia/.mcuxpressotools/arm-gnu-toolchain-13.2.Rel1-mingw-w64-i686-arm-none-eabi/bin/../lib/gcc/arm-none-eabi/13.2.1/thumb/v6-m/nofp\libgcc.a(_udivsi3.o) (__aeabi_idiv0)
C:/Users/totia/.mcuxpressotools/arm-gnu-toolchain-13.2.Rel1-mingw-w64-i686-arm-none-eabi/bin/../lib/gcc/arm-none-eabi/13.2.1/thumb/v6-m/nofp\libgcc.a(_aeabi_uldivmod.o)
                              CMakeFiles/new_project.elf.dir/4e71e0e38af02242c99929a0f5db6cc6/workspace_lpc845/sdks/proyecto_final_sdk/devices/LPC845/drivers/fsl_clock.c.obj (__aeabi_uldivmod)
C:/Users/totia/.mcuxpressotools/arm-gnu-toolchain-13.2.Rel1-mingw-w64-i686-arm-none-eabi/bin/../lib/gcc/arm-none-eabi/13.2.1/thumb/v6-m/nofp\libgcc.a(_muldi3.o)
                              CMakeFiles/new_project.elf.dir/4e71e0e38af02242c99929a0f5db6cc6/workspace_lpc845/sdks/proyecto_final_sdk/devices/LPC845/drivers/fsl_common_arm.c.obj (__aeabi_lmul)
C:/Users/totia/.mcuxpressotools/arm-gnu-toolchain-13.2.Rel1-mingw-w64-i686-arm-none-eabi/bin/../lib/gcc/arm-none-eabi/13.2.1/thumb/v6-m/nofp\libgcc.a(_udivmoddi4.o)
                              C:/Users/totia/.mcuxpressotools/arm-gnu-toolchain-13.2.Rel1-mingw-w64-i686-arm-none-eabi/bin/../lib/gcc/arm-none-eabi/13.2.1/thumb/v6-m/nofp\libgcc.a(_aeabi_uldivmod.o) (__udivmoddi4)
C:/Users/totia/.mcuxpressotools/arm-gnu-toolchain-13.2.Rel1-mingw-w64-i686-arm-none-eabi/bin/../lib/gcc/arm-none-eabi/13.2.1/thumb/v6-m/nofp\libgcc.a(_clzdi2.o)
                              C:/Users/totia/.mcuxpressotools/arm-gnu-toolchain-13.2.Rel1-mingw-w64-i686-arm-none-eabi/bin/../lib/gcc/arm-none-eabi/13.2.1/thumb/v6-m/nofp\libgcc.a(_udivmoddi4.o) (__clzdi2)
C:/Users/totia/.mcuxpressotools/arm-gnu-toolchain-13.2.Rel1-mingw-w64-i686-arm-none-eabi/bin/../lib/gcc/arm-none-eabi/13.2.1/thumb/v6-m/nofp\libgcc.a(_clzsi2.o)
                              C:/Users/totia/.mcuxpressotools/arm-gnu-toolchain-13.2.Rel1-mingw-w64-i686-arm-none-eabi/bin/../lib/gcc/arm-none-eabi/13.2.1/thumb/v6-m/nofp\libgcc.a(_clzdi2.o) (__clzsi2)
C:/Users/totia/.mcuxpressotools/arm-gnu-toolchain-13.2.Rel1-mingw-w64-i686-arm-none-eabi/bin/../lib/gcc/arm-none-eabi/13.2.1/thumb/v6-m/nofp\libc_nano.a(libc_a-exit.o)
                              C:/Users/totia/.mcuxpressotools/arm-gnu-toolchain-13.2.Rel1-mingw-w64-i686-arm-none-eabi/bin/../lib/gcc/arm-none-eabi/13.2.1/thumb/v6-m/nofp/crt0.o (exit)
C:/Users/totia/.mcuxpressotools/arm-gnu-toolchain-13.2.Rel1-mingw-w64-i686-arm-none-eabi/bin/../lib/gcc/arm-none-eabi/13.2.1/thumb/v6-m/nofp\libc_nano.a(libc_a-malloc.o)
                              CMakeFiles/new_project.elf.dir/4e71e0e38af02242c99929a0f5db6cc6/workspace_lpc845/sdks/proyecto_final_sdk/devices/LPC845/drivers/fsl_common.c.obj (malloc)
C:/Users/totia/.mcuxpressotools/arm-gnu-toolchain-13.2.Rel1-mingw-w64-i686-arm-none-eabi/bin/../lib/gcc/arm-none-eabi/13.2.1/thumb/v6-m/nofp\libc_nano.a(libc_a-mallocr.o)
                              C:/Users/totia/.mcuxpressotools/arm-gnu-toolchain-13.2.Rel1-mingw-w64-i686-arm-none-eabi/bin/../lib/gcc/arm-none-eabi/13.2.1/thumb/v6-m/nofp\libc_nano.a(libc_a-malloc.o) (_malloc_r)
C:/Users/totia/.mcuxpressotools/arm-gnu-toolchain-13.2.Rel1-mingw-w64-i686-arm-none-eabi/bin/../lib/gcc/arm-none-eabi/13.2.1/thumb/v6-m/nofp\libc_nano.a(libc_a-mlock.o)
                              C:/Users/totia/.mcuxpressotools/arm-gnu-toolchain-13.2.Rel1-mingw-w64-i686-arm-none-eabi/bin/../lib/gcc/arm-none-eabi/13.2.1/thumb/v6-m/nofp\libc_nano.a(libc_a-mallocr.o) (__malloc_lock)
C:/Users/totia/.mcuxpressotools/arm-gnu-toolchain-13.2.Rel1-mingw-w64-i686-arm-none-eabi/bin/../lib/gcc/arm-none-eabi/13.2.1/thumb/v6-m/nofp\libc_nano.a(libc_a-strtoul.o)
                              CMakeFiles/new_project.elf.dir/4e71e0e38af02242c99929a0f5db6cc6/workspace_lpc845/sdks/proyecto_final_sdk/devices/LPC845/utilities/str/fsl_str.c.obj (strtoul)
C:/Users/totia/.mcuxpressotools/arm-gnu-toolchain-13.2.Rel1-mingw-w64-i686-arm-none-eabi/bin/../lib/gcc/arm-none-eabi/13.2.1/thumb/v6-m/nofp\libc_nano.a(libc_a-ctype_.o)
                              C:/Users/totia/.mcuxpressotools/arm-gnu-toolchain-13.2.Rel1-mingw-w64-i686-arm-none-eabi/bin/../lib/gcc/arm-none-eabi/13.2.1/thumb/v6-m/nofp\libc_nano.a(libc_a-strtoul.o) (_ctype_)
[...]
Memory Configuration

Name             Origin             Length             Attributes
m_interrupts     0x00000000         0x00000200         xr
m_crp            0x000002fc         0x00000004         xr
m_text           0x00000300         0x0000fd00         xr
m_data           0x10000000         0x00003fe0         rw
*default*        0x00000000         0xffffffff

Linker script and memory map

LOAD C:/Users/totia/.mcuxpressotools/arm-gnu-toolchain-13.2.Rel1-mingw-w64-i686-arm-none-eabi/bin/../lib/gcc/arm-none-eabi/13.2.1/thumb/v6-m/nofp/crti.o
LOAD C:/Users/totia/.mcuxpressotools/arm-gnu-toolchain-13.2.Rel1-mingw-w64-i686-arm-none-eabi/bin/../lib/gcc/arm-none-eabi/13.2.1/thumb/v6-m/nofp/crtbegin.o
LOAD C:/Users/totia/.mcuxpressotools/arm-gnu-toolchain-13.2.Rel1-mingw-w64-i686-arm-none-eabi/bin/../lib/gcc/arm-none-eabi/13.2.1/thumb/v6-m/nofp/crt0.o
LOAD CMakeFiles/new_project.elf.dir/C_/Users/totia/OneDrive/Documentos/GitHub/curso-lse/trabajo_integrador/proyecto_final/main.c.obj
LOAD CMakeFiles/new_project.elf.dir/C_/Users/totia/OneDrive/Documentos/GitHub/curso-lse/trabajo_integrador/proyecto_final/peripherals.c.obj
LOAD CMakeFiles/new_project.elf.dir/C_/Users/totia/OneDrive/Documentos/GitHub/curso-lse/trabajo_integrador/proyecto_final/pin_mux.c.obj
LOAD CMakeFiles/new_project.elf.dir/C_/Users/totia/OneDrive/Documentos/GitHub/curso-lse/trabajo_integrador/proyecto_final/board.c.obj
LOAD CMakeFiles/new_project.elf.dir/C_/Users/totia/OneDrive/Documentos/GitHub/curso-lse/trabajo_integrador/proyecto_final/clock_config.c.obj
LOAD CMakeFiles/new_project.elf.dir/C_/Users/totia/OneDrive/Documentos/GitHub/curso-lse/trabajo_integrador/proyecto_final/hardware_init.c.obj
LOAD CMakeFiles/new_project.elf.dir/4e71e0e38af02242c99929a0f5db6cc6/workspace_lpc845/sdks/proyecto_final_sdk/components/uart/fsl_adapter_miniusart.c.obj
LOAD CMakeFiles/new_project.elf.dir/4e71e0e38af02242c99929a0f5db6cc6/workspace_lpc845/sdks/proyecto_final_sdk/devices/LPC845/gcc/startup_LPC845.S.obj
LOAD CMakeFiles/new_project.elf.dir/b2f5765e3116205059112aab3ed77601/curso-lse/workspace_lpc845/sdks/proyecto_final_sdk/devices/LPC845/system_LPC845.c.obj
LOAD CMakeFiles/new_project.elf.dir/4e71e0e38af02242c99929a0f5db6cc6/workspace_lpc845/sdks/proyecto_final_sdk/devices/LPC845/drivers/fsl_clock.c.obj
LOAD CMakeFiles/new_project.elf.dir/4e71e0e38af02242c99929a0f5db6cc6/workspace_lpc845/sdks/proyecto_final_sdk/devices/LPC845/drivers/fsl_common.c.obj
LOAD CMakeFiles/new_project.elf.dir/4e71e0e38af02242c99929a0f5db6cc6/workspace_lpc845/sdks/proyecto_final_sdk/devices/LPC845/drivers/fsl_common_arm.c.obj
LOAD CMakeFiles/new_project.elf.dir/4e71e0e38af02242c99929a0f5db6cc6/workspace_lpc845/sdks/proyecto_final_sdk/devices/LPC845/drivers/fsl_inputmux.c.obj
LOAD CMakeFiles/new_project.elf.dir/4e71e0e38af02242c99929a0f5db6cc6/workspace_lpc845/sdks/proyecto_final_sdk/devices/LPC845/drivers/fsl_gpio.c.obj
LOAD CMakeFiles/new_project.elf.dir/4e71e0e38af02242c99929a0f5db6cc6/workspace_lpc845/sdks/proyecto_final_sdk/devices/LPC845/drivers/fsl_usart.c.obj
LOAD CMakeFiles/new_project.elf.dir/4e71e0e38af02242c99929a0f5db6cc6/workspace_lpc845/sdks/proyecto_final_sdk/devices/LPC845/drivers/fsl_power.c.obj
LOAD CMakeFiles/new_project.elf.dir/4e71e0e38af02242c99929a0f5db6cc6/workspace_lpc845/sdks/proyecto_final_sdk/devices/LPC845/drivers/fsl_reset.c.obj
LOAD CMakeFiles/new_project.elf.dir/4e71e0e38af02242c99929a0f5db6cc6/workspace_lpc845/sdks/proyecto_final_sdk/devices/LPC845/drivers/fsl_swm.c.obj
LOAD CMakeFiles/new_project.elf.dir/4e71e0e38af02242c99929a0f5db6cc6/workspace_lpc845/sdks/proyecto_final_sdk/devices/LPC845/drivers/fsl_syscon.c.obj
LOAD CMakeFiles/new_project.elf.dir/e50fa42c96dad9d8d207ba90a8b49f56/sdks/proyecto_final_sdk/devices/LPC845/utilities/fsl_syscall_stub.c.obj
LOAD CMakeFiles/new_project.elf.dir/4e71e0e38af02242c99929a0f5db6cc6/workspace_lpc845/sdks/proyecto_final_sdk/devices/LPC845/utilities/fsl_sbrk.c.obj
LOAD CMakeFiles/new_project.elf.dir/e50fa42c96dad9d8d207ba90a8b49f56/sdks/proyecto_final_sdk/devices/LPC845/utilities/debug_console_lite/fsl_assert.c.obj
LOAD CMakeFiles/new_project.elf.dir/ec71fa50d421d79df567cacb05559b0e/devices/LPC845/utilities/debug_console_lite/fsl_debug_console.c.obj
LOAD CMakeFiles/new_project.elf.dir/4e71e0e38af02242c99929a0f5db6cc6/workspace_lpc845/sdks/proyecto_final_sdk/devices/LPC845/utilities/str/fsl_str.c.obj
START GROUP
LOAD C:/Users/totia/.mcuxpressotools/arm-gnu-toolchain-13.2.Rel1-mingw-w64-i686-arm-none-eabi/bin/../lib/gcc/arm-none-eabi/13.2.1/thumb/v6-m/nofp\libgcc.a
LOAD C:/Users/totia/.mcuxpressotools/arm-gnu-toolchain-13.2.Rel1-mingw-w64-i686-arm-none-eabi/bin/../lib/gcc/arm-none-eabi/13.2.1/thumb/v6-m/nofp\libc_nano.a
LOAD C:/Users/totia/.mcuxpressotools/arm-gnu-toolchain-13.2.Rel1-mingw-w64-i686-arm-none-eabi/bin/../lib/gcc/arm-none-eabi/13.2.1/thumb/v6-m/nofp\libm.a
LOAD C:/Users/totia/.mcuxpressotools/arm-gnu-toolchain-13.2.Rel1-mingw-w64-i686-arm-none-eabi/bin/../lib/gcc/arm-none-eabi/13.2.1/../../../../arm-none-eabi/lib/thumb/v6-m/nofp\libcr_newlib_nohost.a
LOAD freertos/libfreertos.a
END GROUP
START GROUP
LOAD C:/Users/totia/.mcuxpressotools/arm-gnu-toolchain-13.2.Rel1-mingw-w64-i686-arm-none-eabi/bin/../lib/gcc/arm-none-eabi/13.2.1/thumb/v6-m/nofp\libgcc.a
LOAD C:/Users/totia/.mcuxpressotools/arm-gnu-toolchain-13.2.Rel1-mingw-w64-i686-arm-none-eabi/bin/../lib/gcc/arm-none-eabi/13.2.1/thumb/v6-m/nofp\libg_nano.a
LOAD C:/Users/totia/.mcuxpressotools/arm-gnu-toolchain-13.2.Rel1-mingw-w64-i686-arm-none-eabi/bin/../lib/gcc/arm-none-eabi/13.2.1/thumb/v6-m/nofp\libc_nano.a
END GROUP
START GROUP
LOAD C:/Users/totia/.mcuxpressotools/arm-gnu-toolchain-13.2.Rel1-mingw-w64-i686-arm-none-eabi/bin/../lib/gcc/arm-none-eabi/13.2.1/thumb/v6-m/nofp\libgcc.a
LOAD C:/Users/totia/.mcuxpressotools/arm-gnu-toolchain-13.2.Rel1-mingw-w64-i686-arm-none-eabi/bin/../lib/gcc/arm-none-eabi/13.2.1/thumb/v6-m/nofp\libc_nano.a
LOAD C:/Users/totia/.mcuxpressotools/arm-gnu-toolchain-13.2.Rel1-mingw-w64-i686-arm-none-eabi/bin/../lib/gcc/arm-none-eabi/13.2.1/thumb/v6-m/nofp\libnosys.a
END GROUP
START GROUP
LOAD C:/Users/totia/.mcuxpressotools/arm-gnu-toolchain-13.2.Rel1-mingw-w64-i686-arm-none-eabi/bin/../lib/gcc/arm-none-eabi/13.2.1/thumb/v6-m/nofp\libgcc.a
LOAD C:/Users/totia/.mcuxpressotools/arm-gnu-toolchain-13.2.Rel1-mingw-w64-i686-arm-none-eabi/bin/../lib/gcc/arm-none-eabi/13.2.1/thumb/v6-m/nofp\libc_nano.a
LOAD C:/Users/totia/.mcuxpressotools/arm-gnu-toolchain-13.2.Rel1-mingw-w64-i686-arm-none-eabi/bin/../lib/gcc/arm-none-eabi/13.2.1/thumb/v6-m/nofp\libnosys.a
END GROUP
LOAD C:/Users/totia/.mcuxpressotools/arm-gnu-toolchain-13.2.Rel1-mingw-w64-i686-arm-none-eabi/bin/../lib/gcc/arm-none-eabi/13.2.1/thumb/v6-m/nofp/crtend.o
LOAD C:/Users/totia/.mcuxpressotools/arm-gnu-toolchain-13.2.Rel1-mingw-w64-i686-arm-none-eabi/bin/../lib/gcc/arm-none-eabi/13.2.1/thumb/v6-m/nofp/crtn.o
                0x00000400                        HEAP_SIZE = DEFINED (__heap_size__)?__heap_size__:0x400
                0x00000800                        STACK_SIZE = DEFINED (__stack_size__)?__stack_size__:0x800
                0xefffb4f9                        __valid_user_code_checksum = (0x0 - ((((__StackTop + Reset_Handler) + NMI_Handler) + HardFault_Handler) + 0x3))

.interrupts     0x00000000       0xc0
                0x00000000                        . = ALIGN (0x4)
 *(.isr_vector)
 .isr_vector    0x00000000       0xc0 CMakeFiles/new_project.elf.dir/4e71e0e38af02242c99929a0f5db6cc6/workspace_lpc845/sdks/proyecto_final_sdk/devices/LPC845/gcc/startup_LPC845.S.obj
                0x00000000                __Vectors
                0x000000c0                        . = ALIGN (0x4)

.crp            0x000002fc        0x4
                0x000002fc                        . = ALIGN (0x4)
 *(.crp)
 .crp           0x000002fc        0x4 CMakeFiles/new_project.elf.dir/4e71e0e38af02242c99929a0f5db6cc6/workspace_lpc845/sdks/proyecto_final_sdk/devices/LPC845/gcc/startup_LPC845.S.obj
                0x00000300                        . = ALIGN (0x4)

.text           0x00000300     0x241c
                0x00000300                        . = ALIGN (0x4)
 *(.text)
 .text          0x00000300       0x80 C:/Users/totia/.mcuxpressotools/arm-gnu-toolchain-13.2.Rel1-mingw-w64-i686-arm-none-eabi/bin/../lib/gcc/arm-none-eabi/13.2.1/thumb/v6-m/nofp/crt0.o
                0x00000300                _stack_init
                0x0000030c                _start
                0x0000030c                _mainCRTStartup
 .text          0x00000380      0x17c CMakeFiles/new_project.elf.dir/4e71e0e38af02242c99929a0f5db6cc6/workspace_lpc845/sdks/proyecto_final_sdk/devices/LPC845/gcc/startup_LPC845.S.obj
                0x00000380                Reset_Handler
                0x000003cc                I2C1_DriverIRQHandler
                0x000003cc                ADC0_OVR_DriverIRQHandler
                0x000003cc                SCT0_DriverIRQHandler
                0x000003cc                DMA0_DriverIRQHandler
                0x000003cc                PIN_INT1_DriverIRQHandler
                0x000003cc                SPI1_DriverIRQHandler
                0x000003cc                I2C0_DriverIRQHandler
                0x000003cc                WDT_DriverIRQHandler
                0x000003cc                CTIMER0_DriverIRQHandler
                0x000003cc                I2C3_DriverIRQHandler
                0x000003cc                ADC0_SEQB_DriverIRQHandler
                0x000003cc                PIN_INT3_DriverIRQHandler
                0x000003cc                PIN_INT5_DAC1_DriverIRQHandler
                0x000003cc                PIN_INT2_DriverIRQHandler
                0x000003cc                FLASH_DriverIRQHandler
                0x000003cc                I2C2_DriverIRQHandler
                0x000003cc                PIN_INT0_DriverIRQHandler
                0x000003cc                Reserved22_DriverIRQHandler
                0x000003cc                ADC0_SEQA_DriverIRQHandler
                0x000003cc                BOD_DriverIRQHandler
                0x000003cc                DefaultISR
                0x000003cc                WKT_DriverIRQHandler
                0x000003cc                DAC0_DriverIRQHandler
                0x000003cc                MRT0_DriverIRQHandler
                0x000003cc                PIN_INT4_DriverIRQHandler
                0x000003cc                SPI0_DriverIRQHandler
                0x000003cc                CMP_CAPT_DriverIRQHandler
                0x000003cc                ADC0_THCMP_DriverIRQHandler
                0x000003d0                NMI_Handler
                0x000003d4                HardFault_Handler
                0x000003e4                SPI0_IRQHandler
                0x000003e8                SPI1_IRQHandler
                0x000003ec                DAC0_IRQHandler
                0x000003f0                USART0_IRQHandler
                0x000003f4                USART1_IRQHandler
                0x000003f8                USART2_IRQHandler
                0x000003fc                Reserved22_IRQHandler
                0x00000400                I2C1_IRQHandler
                0x00000404                I2C0_IRQHandler
                0x00000408                SCT0_IRQHandler
                0x0000040c                MRT0_IRQHandler
                0x00000410                CMP_CAPT_IRQHandler
                0x00000414                WDT_IRQHandler
                0x00000418                BOD_IRQHandler
                0x0000041c                FLASH_IRQHandler
                0x00000420                WKT_IRQHandler
                0x00000424                ADC0_SEQA_IRQHandler
                0x00000428                ADC0_SEQB_IRQHandler
                0x0000042c                ADC0_THCMP_IRQHandler
                0x00000430                ADC0_OVR_IRQHandler
                0x00000434                DMA0_IRQHandler
                0x00000438                I2C2_IRQHandler
                0x0000043c                I2C3_IRQHandler
                0x00000440                CTIMER0_IRQHandler
                0x00000444                PIN_INT0_IRQHandler
                0x00000448                PIN_INT1_IRQHandler
                0x0000044c                PIN_INT2_IRQHandler
                0x00000450                PIN_INT3_IRQHandler
                0x00000454                PIN_INT4_IRQHandler
                0x00000458                PIN_INT5_DAC1_IRQHandler
                0x0000045c                PIN_INT6_USART3_IRQHandler
                0x00000460                PIN_INT7_USART4_IRQHandler
 .text          0x000004fc      0x114 C:/Users/totia/.mcuxpressotools/arm-gnu-toolchain-13.2.Rel1-mingw-w64-i686-arm-none-eabi/bin/../lib/gcc/arm-none-eabi/13.2.1/thumb/v6-m/nofp\libgcc.a(_udivsi3.o)
                0x000004fc                __aeabi_uidiv
                0x000004fc                __udivsi3
                0x00000608                __aeabi_uidivmod
 .text          0x00000610        0x4 C:/Users/totia/.mcuxpressotools/arm-gnu-toolchain-13.2.Rel1-mingw-w64-i686-arm-none-eabi/bin/../lib/gcc/arm-none-eabi/13.2.1/thumb/v6-m/nofp\libgcc.a(_dvmd_tls.o)
                0x00000610                __aeabi_idiv0
                0x00000610                __aeabi_ldiv0
 .text          0x00000614        0xe C:/Users/totia/.mcuxpressotools/arm-gnu-toolchain-13.2.Rel1-mingw-w64-i686-arm-none-eabi/bin/../lib/gcc/arm-none-eabi/13.2.1/thumb/v6-m/nofp\libc_nano.a(libc_a-strlen.o)
                0x00000614                strlen
 *(.text*)
 *fill*         0x00000622        0x2 
 .text.deregister_tm_clones
                0x00000624       0x20 C:/Users/totia/.mcuxpressotools/arm-gnu-toolchain-13.2.Rel1-mingw-w64-i686-arm-none-eabi/bin/../lib/gcc/arm-none-eabi/13.2.1/thumb/v6-m/nofp/crtbegin.o
 .text.register_tm_clones
                0x00000644       0x28 C:/Users/totia/.mcuxpressotools/arm-gnu-toolchain-13.2.Rel1-mingw-w64-i686-arm-none-eabi/bin/../lib/gcc/arm-none-eabi/13.2.1/thumb/v6-m/nofp/crtbegin.o
 .text.__do_global_dtors_aux
                0x0000066c       0x2c C:/Users/totia/.mcuxpressotools/arm-gnu-toolchain-13.2.Rel1-mingw-w64-i686-arm-none-eabi/bin/../lib/gcc/arm-none-eabi/13.2.1/thumb/v6-m/nofp/crtbegin.o
 .text.frame_dummy
                0x00000698       0x24 C:/Users/totia/.mcuxpressotools/arm-gnu-toolchain-13.2.Rel1-mingw-w64-i686-arm-none-eabi/bin/../lib/gcc/arm-none-eabi/13.2.1/thumb/v6-m/nofp/crtbegin.o
 .text.main     0x000006bc      0x16c CMakeFiles/new_project.elf.dir/C_/Users/totia/OneDrive/Documentos/GitHub/curso-lse/trabajo_integrador/proyecto_final/main.c.obj
                0x000006bc                main
 .text.CLOCK_Select
                0x00000828       0x38 CMakeFiles/new_project.elf.dir/C_/Users/totia/OneDrive/Documentos/GitHub/curso-lse/trabajo_integrador/proyecto_final/clock_config.c.obj
 .text.CLOCK_SetCoreSysClkDiv
                0x00000860       0x4c CMakeFiles/new_project.elf.dir/C_/Users/totia/OneDrive/Documentos/GitHub/curso-lse/trabajo_integrador/proyecto_final/clock_config.c.obj
 .text.CLOCK_SetFroOscFreq
                0x000008ac       0x24 CMakeFiles/new_project.elf.dir/C_/Users/totia/OneDrive/Documentos/GitHub/curso-lse/trabajo_integrador/proyecto_final/clock_config.c.obj
 .text.POWER_DisablePD
                0x000008d0       0x2c CMakeFiles/new_project.elf.dir/C_/Users/totia/OneDrive/Documentos/GitHub/curso-lse/trabajo_integrador/proyecto_final/clock_config.c.obj
 .text.BOARD_BootClockFRO30M
                0x000008fc       0x58 CMakeFiles/new_project.elf.dir/C_/Users/totia/OneDrive/Documentos/GitHub/curso-lse/trabajo_integrador/proyecto_final/clock_config.c.obj
                0x000008fc                BOARD_BootClockFRO30M
 .text.SystemInit
                0x00000954       0x2c CMakeFiles/new_project.elf.dir/b2f5765e3116205059112aab3ed77601/curso-lse/workspace_lpc845/sdks/proyecto_final_sdk/devices/LPC845/system_LPC845.c.obj
                0x00000954                SystemInit
 .text.SystemInitHook
                0x00000980        0xa CMakeFiles/new_project.elf.dir/b2f5765e3116205059112aab3ed77601/curso-lse/workspace_lpc845/sdks/proyecto_final_sdk/devices/LPC845/system_LPC845.c.obj
                0x00000980                SystemInitHook
 *fill*         0x0000098a        0x2 
 .text.CLOCK_UpdateClkSrc
                0x0000098c       0x58 CMakeFiles/new_project.elf.dir/4e71e0e38af02242c99929a0f5db6cc6/workspace_lpc845/sdks/proyecto_final_sdk/devices/LPC845/drivers/fsl_clock.c.obj
 .text.CLOCK_SetMainClkSrc
                0x000009e4       0x9c CMakeFiles/new_project.elf.dir/4e71e0e38af02242c99929a0f5db6cc6/workspace_lpc845/sdks/proyecto_final_sdk/devices/LPC845/drivers/fsl_clock.c.obj
                0x000009e4                CLOCK_SetMainClkSrc
 .text.CLOCK_SetFroOutClkSrc
                0x00000a80       0x48 CMakeFiles/new_project.elf.dir/4e71e0e38af02242c99929a0f5db6cc6/workspace_lpc845/sdks/proyecto_final_sdk/devices/LPC845/drivers/fsl_clock.c.obj
                0x00000a80                CLOCK_SetFroOutClkSrc
 .text.USART0_DriverIRQHandler
                0x00000ac8       0x24 CMakeFiles/new_project.elf.dir/4e71e0e38af02242c99929a0f5db6cc6/workspace_lpc845/sdks/proyecto_final_sdk/devices/LPC845/drivers/fsl_usart.c.obj
                0x00000ac8                USART0_DriverIRQHandler
 .text.USART1_DriverIRQHandler
                0x00000aec       0x24 CMakeFiles/new_project.elf.dir/4e71e0e38af02242c99929a0f5db6cc6/workspace_lpc845/sdks/proyecto_final_sdk/devices/LPC845/drivers/fsl_usart.c.obj
                0x00000aec                USART1_DriverIRQHandler
 .text.USART2_DriverIRQHandler
                0x00000b10       0x24 CMakeFiles/new_project.elf.dir/4e71e0e38af02242c99929a0f5db6cc6/workspace_lpc845/sdks/proyecto_final_sdk/devices/LPC845/drivers/fsl_usart.c.obj
                0x00000b10                USART2_DriverIRQHandler
 .text.PIN_INT6_USART3_DriverIRQHandler
                0x00000b34       0x24 CMakeFiles/new_project.elf.dir/4e71e0e38af02242c99929a0f5db6cc6/workspace_lpc845/sdks/proyecto_final_sdk/devices/LPC845/drivers/fsl_usart.c.obj
                0x00000b34                PIN_INT6_USART3_DriverIRQHandler
 .text.PIN_INT7_USART4_DriverIRQHandler
                0x00000b58       0x24 CMakeFiles/new_project.elf.dir/4e71e0e38af02242c99929a0f5db6cc6/workspace_lpc845/sdks/proyecto_final_sdk/devices/LPC845/drivers/fsl_usart.c.obj
                0x00000b58                PIN_INT7_USART4_DriverIRQHandler
 .text.fsl_assert_hook
                0x00000b7c       0x16 CMakeFiles/new_project.elf.dir/e50fa42c96dad9d8d207ba90a8b49f56/sdks/proyecto_final_sdk/devices/LPC845/utilities/debug_console_lite/fsl_assert.c.obj
                0x00000b7c                fsl_assert_hook
 *fill*         0x00000b92        0x2 
 .text.__assert_func
                0x00000b94       0x34 CMakeFiles/new_project.elf.dir/e50fa42c96dad9d8d207ba90a8b49f56/sdks/proyecto_final_sdk/devices/LPC845/utilities/debug_console_lite/fsl_assert.c.obj
                0x00000b94                __assert_func
 .text.DbgConsole_Printf
                0x00000bc8       0x32 CMakeFiles/new_project.elf.dir/ec71fa50d421d79df567cacb05559b0e/devices/LPC845/utilities/debug_console_lite/fsl_debug_console.c.obj
                0x00000bc8                DbgConsole_Printf
 *fill*         0x00000bfa        0x2 
 .text.DbgConsole_Vprintf
                0x00000bfc       0x40 CMakeFiles/new_project.elf.dir/ec71fa50d421d79df567cacb05559b0e/devices/LPC845/utilities/debug_console_lite/fsl_debug_console.c.obj
                0x00000bfc                DbgConsole_Vprintf
 .text.DbgConsole_Putchar
                0x00000c3c       0x30 CMakeFiles/new_project.elf.dir/ec71fa50d421d79df567cacb05559b0e/devices/LPC845/utilities/debug_console_lite/fsl_debug_console.c.obj
                0x00000c3c                DbgConsole_Putchar
 .text.DbgConsole_PrintfPaddingCharacter
                0x00000c6c       0x48 CMakeFiles/new_project.elf.dir/ec71fa50d421d79df567cacb05559b0e/devices/LPC845/utilities/debug_console_lite/fsl_debug_console.c.obj
 .text.DbgConsole_ConvertRadixNumToString
                0x00000cb4       0xc2 CMakeFiles/new_project.elf.dir/ec71fa50d421d79df567cacb05559b0e/devices/LPC845/utilities/debug_console_lite/fsl_debug_console.c.obj
 .text.DbgConsole_PrintfFormattedData
                0x00000d76      0x3da CMakeFiles/new_project.elf.dir/ec71fa50d421d79df567cacb05559b0e/devices/LPC845/utilities/debug_console_lite/fsl_debug_console.c.obj
 .text.exit     0x00001150       0x28 C:/Users/totia/.mcuxpressotools/arm-gnu-toolchain-13.2.Rel1-mingw-w64-i686-arm-none-eabi/bin/../lib/gcc/arm-none-eabi/13.2.1/thumb/v6-m/nofp\libc_nano.a(libc_a-exit.o)
                0x00001150                exit
 .text.memset   0x00001178       0x10 C:/Users/totia/.mcuxpressotools/arm-gnu-toolchain-13.2.Rel1-mingw-w64-i686-arm-none-eabi/bin/../lib/gcc/arm-none-eabi/13.2.1/thumb/v6-m/nofp\libc_nano.a(libc_a-memset.o)
                0x00001178                memset
 .text.__libc_init_array
                0x00001188       0x48 C:/Users/totia/.mcuxpressotools/arm-gnu-toolchain-13.2.Rel1-mingw-w64-i686-arm-none-eabi/bin/../lib/gcc/arm-none-eabi/13.2.1/thumb/v6-m/nofp\libc_nano.a(libc_a-init.o)
                0x00001188                __libc_init_array
 .text.memcpy   0x000011d0       0x12 C:/Users/totia/.mcuxpressotools/arm-gnu-toolchain-13.2.Rel1-mingw-w64-i686-arm-none-eabi/bin/../lib/gcc/arm-none-eabi/13.2.1/thumb/v6-m/nofp\libc_nano.a(libc_a-memcpy-stub.o)
                0x000011d0                memcpy
 .text._exit    0x000011e2        0x2 C:/Users/totia/.mcuxpressotools/arm-gnu-toolchain-13.2.Rel1-mingw-w64-i686-arm-none-eabi/bin/../lib/gcc/arm-none-eabi/13.2.1/../../../../arm-none-eabi/lib/thumb/v6-m/nofp\libcr_newlib_nohost.a(_exit.o)
                0x000011e2                _exit
 .text.prvCreateTask
                0x000011e4       0x82 freertos/libfreertos.a(tasks.c.obj)
 .text.xTaskCreate
                0x00001266       0x4c freertos/libfreertos.a(tasks.c.obj)
                0x00001266                xTaskCreate
 *fill*         0x000012b2        0x2 
 .text.prvInitialiseNewTask
                0x000012b4      0x108 freertos/libfreertos.a(tasks.c.obj)
 .text.prvAddNewTaskToReadyList
                0x000013bc      0x120 freertos/libfreertos.a(tasks.c.obj)
 .text.prvCreateIdleTasks
                0x000014dc       0x98 freertos/libfreertos.a(tasks.c.obj)
 .text.vTaskStartScheduler
                0x00001574       0x58 freertos/libfreertos.a(tasks.c.obj)
                0x00001574                vTaskStartScheduler
 .text.vTaskSuspendAll
                0x000015cc       0x18 freertos/libfreertos.a(tasks.c.obj)
                0x000015cc                vTaskSuspendAll
 .text.prvGetExpectedIdleTime
                0x000015e4       0x70 freertos/libfreertos.a(tasks.c.obj)
 .text.xTaskResumeAll
                0x00001654      0x1ec freertos/libfreertos.a(tasks.c.obj)
                0x00001654                xTaskResumeAll
 .text.vTaskStepTick
                0x00001840       0x84 freertos/libfreertos.a(tasks.c.obj)
                0x00001840                vTaskStepTick
 .text.xTaskIncrementTick
                0x000018c4      0x21c freertos/libfreertos.a(tasks.c.obj)
                0x000018c4                xTaskIncrementTick
 .text.vTaskSwitchContext
                0x00001ae0       0xa8 freertos/libfreertos.a(tasks.c.obj)
                0x00001ae0                vTaskSwitchContext
 .text.prvIdleTask
                0x00001b88       0x64 freertos/libfreertos.a(tasks.c.obj)
 .text.eTaskConfirmSleepModeStatus
                0x00001bec       0x78 freertos/libfreertos.a(tasks.c.obj)
                0x00001bec                eTaskConfirmSleepModeStatus
 .text.prvInitialiseTaskLists
                0x00001c64       0x88 freertos/libfreertos.a(tasks.c.obj)
 .text.prvCheckTasksWaitingTermination
                0x00001cec       0x5c freertos/libfreertos.a(tasks.c.obj)
 .text.prvDeleteTCB
                0x00001d48       0x22 freertos/libfreertos.a(tasks.c.obj)
 *fill*         0x00001d6a        0x2 
 .text.prvResetNextTaskUnblockTime
                0x00001d6c       0x34 freertos/libfreertos.a(tasks.c.obj)
 .text.pvPortMalloc
                0x00001da0      0x140 freertos/libfreertos.a(heap_2.c.obj)
                0x00001da0                pvPortMalloc
 .text.vPortFree
                0x00001ee0       0xac freertos/libfreertos.a(heap_2.c.obj)
                0x00001ee0                vPortFree
 .text.prvHeapInit
                0x00001f8c       0x50 freertos/libfreertos.a(heap_2.c.obj)
 .text.pxPortInitialiseStack
                0x00001fdc       0x54 freertos/libfreertos.a(port.c.obj)
                0x00001fdc                pxPortInitialiseStack
 .text.prvTaskExitError
                0x00002030       0x30 freertos/libfreertos.a(port.c.obj)
 .text.SVC_Handler
                0x00002060        0xa freertos/libfreertos.a(port.c.obj)
                0x00002060                SVC_Handler
 *fill*         0x0000206a        0x6 
 .text.vPortStartFirstTask
                0x00002070       0x38 freertos/libfreertos.a(port.c.obj)
 .text.xPortStartScheduler
                0x000020a8       0x48 freertos/libfreertos.a(port.c.obj)
                0x000020a8                xPortStartScheduler
 .text.vPortYield
                0x000020f0       0x20 freertos/libfreertos.a(port.c.obj)
                0x000020f0                vPortYield
 .text.vPortEnterCritical
                0x00002110       0x24 freertos/libfreertos.a(port.c.obj)
                0x00002110                vPortEnterCritical
 .text.vPortExitCritical
                0x00002134       0x30 freertos/libfreertos.a(port.c.obj)
                0x00002134                vPortExitCritical
 .text.ulSetInterruptMaskFromISR
                0x00002164        0xc freertos/libfreertos.a(port.c.obj)
                0x00002164                ulSetInterruptMaskFromISR
 .text.vClearInterruptMaskFromISR
                0x00002170        0x8 freertos/libfreertos.a(port.c.obj)
                0x00002170                vClearInterruptMaskFromISR
 *fill*         0x00002178        0x8 
 .text.PendSV_Handler
                0x00002180       0x48 freertos/libfreertos.a(port.c.obj)
                0x00002180                PendSV_Handler
 .text.SysTick_Handler
                0x000021c8       0x34 freertos/libfreertos.a(port.c.obj)
                0x000021c8                SysTick_Handler
 .text.vPortSetupTimerInterrupt
                0x000021fc       0x84 freertos/libfreertos.a(port.c.obj)
                0x000021fc                vPortSetupTimerInterrupt
 .text.vPortSuppressTicksAndSleep
                0x00002280      0x194 freertos/libfreertos.a(port.c.obj)
                0x00002280                vPortSuppressTicksAndSleep
 .text.vListInitialise
                0x00002414       0x3c freertos/libfreertos.a(list.c.obj)
                0x00002414                vListInitialise
 .text.vListInitialiseItem
                0x00002450       0x16 freertos/libfreertos.a(list.c.obj)
                0x00002450                vListInitialiseItem
 .text.uxListRemove
                0x00002466       0x50 freertos/libfreertos.a(list.c.obj)
                0x00002466                uxListRemove
 *(.rodata)
 *fill*         0x000024b6        0x2 
 .rodata        0x000024b8       0x65 CMakeFiles/new_project.elf.dir/C_/Users/totia/OneDrive/Documentos/GitHub/curso-lse/trabajo_integrador/proyecto_final/main.c.obj
 *fill*         0x0000251d        0x3 
 .rodata        0x00002520       0x8c CMakeFiles/new_project.elf.dir/C_/Users/totia/OneDrive/Documentos/GitHub/curso-lse/trabajo_integrador/proyecto_final/clock_config.c.obj
 .rodata        0x000025ac       0xe0 CMakeFiles/new_project.elf.dir/4e71e0e38af02242c99929a0f5db6cc6/workspace_lpc845/sdks/proyecto_final_sdk/devices/LPC845/drivers/fsl_clock.c.obj
 .rodata        0x0000268c       0x3e CMakeFiles/new_project.elf.dir/e50fa42c96dad9d8d207ba90a8b49f56/sdks/proyecto_final_sdk/devices/LPC845/utilities/debug_console_lite/fsl_assert.c.obj
 *fill*         0x000026ca        0x2 
 .rodata        0x000026cc        0x5 freertos/libfreertos.a(tasks.c.obj)
 *(.rodata*)
 *fill*         0x000026d1        0x3 
 .rodata.__func__.0
                0x000026d4       0x17 CMakeFiles/new_project.elf.dir/C_/Users/totia/OneDrive/Documentos/GitHub/curso-lse/trabajo_integrador/proyecto_final/clock_config.c.obj
 *fill*         0x000026eb        0x1 
 .rodata.__func__.2
                0x000026ec       0x13 CMakeFiles/new_project.elf.dir/4e71e0e38af02242c99929a0f5db6cc6/workspace_lpc845/sdks/proyecto_final_sdk/devices/LPC845/drivers/fsl_clock.c.obj
 *fill*         0x000026ff        0x1 
 .rodata.uxTopUsedPriority
                0x00002700        0x4 freertos/libfreertos.a(tasks.c.obj)
 *(.glue_7)
 .glue_7        0x00002704        0x0 linker stubs
 *(.glue_7t)
 .glue_7t       0x00002704        0x0 linker stubs
 *(.eh_frame)
 .eh_frame      0x00002704        0x0 C:/Users/totia/.mcuxpressotools/arm-gnu-toolchain-13.2.Rel1-mingw-w64-i686-arm-none-eabi/bin/../lib/gcc/arm-none-eabi/13.2.1/thumb/v6-m/nofp/crtbegin.o
 *(.init)
 .init          0x00002704        0x4 C:/Users/totia/.mcuxpressotools/arm-gnu-toolchain-13.2.Rel1-mingw-w64-i686-arm-none-eabi/bin/../lib/gcc/arm-none-eabi/13.2.1/thumb/v6-m/nofp/crti.o
                0x00002704                _init
 .init          0x00002708        0x8 C:/Users/totia/.mcuxpressotools/arm-gnu-toolchain-13.2.Rel1-mingw-w64-i686-arm-none-eabi/bin/../lib/gcc/arm-none-eabi/13.2.1/thumb/v6-m/nofp/crtn.o
 *(.fini)
 .fini          0x00002710        0x4 C:/Users/totia/.mcuxpressotools/arm-gnu-toolchain-13.2.Rel1-mingw-w64-i686-arm-none-eabi/bin/../lib/gcc/arm-none-eabi/13.2.1/thumb/v6-m/nofp/crti.o
                0x00002710                _fini
 .fini          0x00002714        0x8 C:/Users/totia/.mcuxpressotools/arm-gnu-toolchain-13.2.Rel1-mingw-w64-i686-arm-none-eabi/bin/../lib/gcc/arm-none-eabi/13.2.1/thumb/v6-m/nofp/crtn.o
                0x0000271c                        . = ALIGN (0x4)

.vfp11_veneer   0x0000271c        0x0
 .vfp11_veneer  0x0000271c        0x0 linker stubs

.v4_bx          0x0000271c        0x0
 .v4_bx         0x0000271c        0x0 linker stubs

.iplt           0x0000271c        0x0
 .iplt          0x0000271c        0x0 C:/Users/totia/.mcuxpressotools/arm-gnu-toolchain-13.2.Rel1-mingw-w64-i686-arm-none-eabi/bin/../lib/gcc/arm-none-eabi/13.2.1/thumb/v6-m/nofp/crtbegin.o

.ARM.extab
 *(.ARM.extab* .gnu.linkonce.armextab.*)

.ARM            0x0000271c        0x8
                0x0000271c                        __exidx_start = .
 *(.ARM.exidx*)
 .ARM.exidx     0x0000271c        0x8 C:/Users/totia/.mcuxpressotools/arm-gnu-toolchain-13.2.Rel1-mingw-w64-i686-arm-none-eabi/bin/../lib/gcc/arm-none-eabi/13.2.1/thumb/v6-m/nofp/crt0.o
                                 0x10 (size before relaxing)
                0x00002724                        __exidx_end = .

.rel.dyn        0x00002724        0x0
 .rel.iplt      0x00002724        0x0 C:/Users/totia/.mcuxpressotools/arm-gnu-toolchain-13.2.Rel1-mingw-w64-i686-arm-none-eabi/bin/../lib/gcc/arm-none-eabi/13.2.1/thumb/v6-m/nofp/crtbegin.o

.ctors          0x00002724        0x0
                0x00002724                        __CTOR_LIST__ = .
 *crtbegin.o(.ctors)
 *crtbegin?.o(.ctors)
 *(EXCLUDE_FILE(*crtend.o *crtend?.o) .ctors)
 *(SORT_BY_NAME(.ctors.*))
 *(.ctors)
                0x00002724                        __CTOR_END__ = .

.dtors          0x00002724        0x0
                0x00002724                        __DTOR_LIST__ = .
 *crtbegin.o(.dtors)
 *crtbegin?.o(.dtors)
 *(EXCLUDE_FILE(*crtend.o *crtend?.o) .dtors)
 *(SORT_BY_NAME(.dtors.*))
 *(.dtors)
                0x00002724                        __DTOR_END__ = .

.preinit_array  0x00002724        0x0
                0x00002724                        PROVIDE (__preinit_array_start = .)
 *(.preinit_array*)
                0x00002724                        PROVIDE (__preinit_array_end = .)

.init_array     0x00002724        0x4
                0x00002724                        PROVIDE (__init_array_start = .)
 *(SORT_BY_NAME(.init_array.*))
 *(.init_array*)
 .init_array    0x00002724        0x4 C:/Users/totia/.mcuxpressotools/arm-gnu-toolchain-13.2.Rel1-mingw-w64-i686-arm-none-eabi/bin/../lib/gcc/arm-none-eabi/13.2.1/thumb/v6-m/nofp/crtbegin.o
                0x00002728                        PROVIDE (__init_array_end = .)

.fini_array     0x00002728        0x4
                [!provide]                        PROVIDE (__fini_array_start = .)
 *(SORT_BY_NAME(.fini_array.*))
 *(.fini_array*)
 .fini_array    0x00002728        0x4 C:/Users/totia/.mcuxpressotools/arm-gnu-toolchain-13.2.Rel1-mingw-w64-i686-arm-none-eabi/bin/../lib/gcc/arm-none-eabi/13.2.1/thumb/v6-m/nofp/crtbegin.o
                [!provide]                        PROVIDE (__fini_array_end = .)
                0x0000272c                        __etext = .
                0x0000272c                        __DATA_ROM = .

.data           0x10000000        0xc load address 0x0000272c
                0x10000000                        . = ALIGN (0x4)
                0x10000000                        __DATA_RAM = .
                0x10000000                        __data_start__ = .
 *(.ramfunc*)
 *(.data)
 *(.data*)
 .data.SystemCoreClock
                0x10000000        0x4 CMakeFiles/new_project.elf.dir/b2f5765e3116205059112aab3ed77601/curso-lse/workspace_lpc845/sdks/proyecto_final_sdk/devices/LPC845/system_LPC845.c.obj
                0x10000000                SystemCoreClock
 .data.xFreeBytesRemaining
                0x10000004        0x4 freertos/libfreertos.a(heap_2.c.obj)
 .data.uxCriticalNesting
                0x10000008        0x4 freertos/libfreertos.a(port.c.obj)
 *(.jcr*)
                0x1000000c                        . = ALIGN (0x4)
                0x1000000c                        __data_end__ = .
                0x00002738                        __DATA_END = (__DATA_ROM + (__data_end__ - __data_start__))
                0x00010000                        text_end = (ORIGIN (m_text) + LENGTH (m_text))
                0x00000001                        ASSERT ((__DATA_END <= text_end), region m_text overflowed with text and data)

.tm_clone_table
                0x1000000c        0x0 load address 0x00002738
 .tm_clone_table
                0x1000000c        0x0 C:/Users/totia/.mcuxpressotools/arm-gnu-toolchain-13.2.Rel1-mingw-w64-i686-arm-none-eabi/bin/../lib/gcc/arm-none-eabi/13.2.1/thumb/v6-m/nofp/crtbegin.o
 .tm_clone_table
                0x1000000c        0x0 C:/Users/totia/.mcuxpressotools/arm-gnu-toolchain-13.2.Rel1-mingw-w64-i686-arm-none-eabi/bin/../lib/gcc/arm-none-eabi/13.2.1/thumb/v6-m/nofp/crtend.o

.igot.plt       0x1000000c        0x0 load address 0x00002738
 .igot.plt      0x1000000c        0x0 C:/Users/totia/.mcuxpressotools/arm-gnu-toolchain-13.2.Rel1-mingw-w64-i686-arm-none-eabi/bin/../lib/gcc/arm-none-eabi/13.2.1/thumb/v6-m/nofp/crtbegin.o

.bss            0x1000000c     0x21ac load address 0x00002738
                0x1000000c                        . = ALIGN (0x4)
                0x1000000c                        __START_BSS = .
                0x1000000c                        __bss_start__ = .
 *(.bss)
 *(.bss*)
 .bss.completed.1
                0x1000000c        0x1 C:/Users/totia/.mcuxpressotools/arm-gnu-toolchain-13.2.Rel1-mingw-w64-i686-arm-none-eabi/bin/../lib/gcc/arm-none-eabi/13.2.1/thumb/v6-m/nofp/crtbegin.o
 *fill*         0x1000000d        0x3 
 .bss.object.0  0x10000010       0x18 C:/Users/totia/.mcuxpressotools/arm-gnu-toolchain-13.2.Rel1-mingw-w64-i686-arm-none-eabi/bin/../lib/gcc/arm-none-eabi/13.2.1/thumb/v6-m/nofp/crtbegin.o
 .bss.s_usartHandle
                0x10000028       0x14 CMakeFiles/new_project.elf.dir/4e71e0e38af02242c99929a0f5db6cc6/workspace_lpc845/sdks/proyecto_final_sdk/devices/LPC845/drivers/fsl_usart.c.obj
 .bss.s_usartIsr
                0x1000003c        0x4 CMakeFiles/new_project.elf.dir/4e71e0e38af02242c99929a0f5db6cc6/workspace_lpc845/sdks/proyecto_final_sdk/devices/LPC845/drivers/fsl_usart.c.obj
 .bss.s_debugConsole
                0x10000040       0x14 CMakeFiles/new_project.elf.dir/ec71fa50d421d79df567cacb05559b0e/devices/LPC845/utilities/debug_console_lite/fsl_debug_console.c.obj
 .bss.__stdio_exit_handler
                0x10000054        0x4 C:/Users/totia/.mcuxpressotools/arm-gnu-toolchain-13.2.Rel1-mingw-w64-i686-arm-none-eabi/bin/../lib/gcc/arm-none-eabi/13.2.1/thumb/v6-m/nofp\libc_nano.a(libc_a-findfp.o)
                0x10000054                __stdio_exit_handler
 .bss.pxCurrentTCB
                0x10000058        0x4 freertos/libfreertos.a(tasks.c.obj)
                0x10000058                pxCurrentTCB
 .bss.pxReadyTasksLists
                0x1000005c       0xa0 freertos/libfreertos.a(tasks.c.obj)
 .bss.xDelayedTaskList1
                0x100000fc       0x14 freertos/libfreertos.a(tasks.c.obj)
 .bss.xDelayedTaskList2
                0x10000110       0x14 freertos/libfreertos.a(tasks.c.obj)
 .bss.pxDelayedTaskList
                0x10000124        0x4 freertos/libfreertos.a(tasks.c.obj)
 .bss.pxOverflowDelayedTaskList
                0x10000128        0x4 freertos/libfreertos.a(tasks.c.obj)
 .bss.xPendingReadyList
                0x1000012c       0x14 freertos/libfreertos.a(tasks.c.obj)
 .bss.xTasksWaitingTermination
                0x10000140       0x14 freertos/libfreertos.a(tasks.c.obj)
 .bss.uxDeletedTasksWaitingCleanUp
                0x10000154        0x4 freertos/libfreertos.a(tasks.c.obj)
 .bss.xSuspendedTaskList
                0x10000158       0x14 freertos/libfreertos.a(tasks.c.obj)
 .bss.uxCurrentNumberOfTasks
                0x1000016c        0x4 freertos/libfreertos.a(tasks.c.obj)
 .bss.xTickCount
                0x10000170        0x4 freertos/libfreertos.a(tasks.c.obj)
 .bss.uxTopReadyPriority
                0x10000174        0x4 freertos/libfreertos.a(tasks.c.obj)
 .bss.xSchedulerRunning
                0x10000178        0x4 freertos/libfreertos.a(tasks.c.obj)
 .bss.xPendedTicks
                0x1000017c        0x4 freertos/libfreertos.a(tasks.c.obj)
 .bss.xYieldPendings
                0x10000180        0x4 freertos/libfreertos.a(tasks.c.obj)
 .bss.xNumOfOverflows
                0x10000184        0x4 freertos/libfreertos.a(tasks.c.obj)
 .bss.uxTaskNumber
                0x10000188        0x4 freertos/libfreertos.a(tasks.c.obj)
 .bss.xNextTaskUnblockTime
                0x1000018c        0x4 freertos/libfreertos.a(tasks.c.obj)
 .bss.xIdleTaskHandles
                0x10000190        0x4 freertos/libfreertos.a(tasks.c.obj)
 .bss.uxSchedulerSuspended
                0x10000194        0x4 freertos/libfreertos.a(tasks.c.obj)
 .bss.ucHeap    0x10000198     0x2000 freertos/libfreertos.a(heap_2.c.obj)
 .bss.xStart    0x10002198        0x8 freertos/libfreertos.a(heap_2.c.obj)
 .bss.xEnd      0x100021a0        0x8 freertos/libfreertos.a(heap_2.c.obj)
 .bss.xHeapHasBeenInitialised.0
                0x100021a8        0x4 freertos/libfreertos.a(heap_2.c.obj)
 .bss.ulTimerCountsForOneTick
                0x100021ac        0x4 freertos/libfreertos.a(port.c.obj)
 .bss.xMaximumPossibleSuppressedTicks
                0x100021b0        0x4 freertos/libfreertos.a(port.c.obj)
 .bss.ulStoppedTimerCompensation
                0x100021b4        0x4 freertos/libfreertos.a(port.c.obj)
 *(COMMON)
                0x100021b8                        . = ALIGN (0x4)
                0x100021b8                        __bss_end__ = .
                0x100021b8                        __END_BSS = .

.heap           0x100021b8      0x400 load address 0x000048e4
                0x100021b8                        . = ALIGN (0x8)
                0x100021b8                        __end__ = .
                0x100021b8                        PROVIDE (end = .)
                0x100021b8                        __HeapBase = .
                0x100025b8                        . = (. + HEAP_SIZE)
 *fill*         0x100021b8      0x400 
                0x100025b8                        __HeapLimit = .
                0x100025b8                        __heap_limit = .

.stack          0x100025b8      0x800 load address 0x00004ce4
                0x100025b8                        . = ALIGN (0x8)
                0x10002db8                        . = (. + STACK_SIZE)
 *fill*         0x100025b8      0x800 
                0x10003fe0                        __StackTop = (ORIGIN (m_data) + LENGTH (m_data))
                0x100037e0                        __StackLimit = (__StackTop - STACK_SIZE)
                0x10003fe0                        PROVIDE (__stack = __StackTop)

.ARM.attributes
                0x00000000       0x28
 *(.ARM.attributes)
 .ARM.attributes
                0x00000000       0x1e C:/Users/totia/.mcuxpressotools/arm-gnu-toolchain-13.2.Rel1-mingw-w64-i686-arm-none-eabi/bin/../lib/gcc/arm-none-eabi/13.2.1/thumb/v6-m/nofp/crti.o
 .ARM.attributes
                0x0000001e       0x2c C:/Users/totia/.mcuxpressotools/arm-gnu-toolchain-13.2.Rel1-mingw-w64-i686-arm-none-eabi/bin/../lib/gcc/arm-none-eabi/13.2.1/thumb/v6-m/nofp/crtbegin.o
 .ARM.attributes
                0x0000004a       0x1b C:/Users/totia/.mcuxpressotools/arm-gnu-toolchain-13.2.Rel1-mingw-w64-i686-arm-none-eabi/bin/../lib/gcc/arm-none-eabi/13.2.1/thumb/v6-m/nofp/crt0.o
 .ARM.attributes
                0x00000065       0x2c CMakeFiles/new_project.elf.dir/C_/Users/totia/OneDrive/Documentos/GitHub/curso-lse/trabajo_integrador/proyecto_final/main.c.obj
 .ARM.attributes
                0x00000091       0x2c CMakeFiles/new_project.elf.dir/C_/Users/totia/OneDrive/Documentos/GitHub/curso-lse/trabajo_integrador/proyecto_final/clock_config.c.obj
 .ARM.attributes
                0x000000bd       0x1b CMakeFiles/new_project.elf.dir/4e71e0e38af02242c99929a0f5db6cc6/workspace_lpc845/sdks/proyecto_final_sdk/devices/LPC845/gcc/startup_LPC845.S.obj
 .ARM.attributes
                0x000000d8       0x2c CMakeFiles/new_project.elf.dir/b2f5765e3116205059112aab3ed77601/curso-lse/workspace_lpc845/sdks/proyecto_final_sdk/devices/LPC845/system_LPC845.c.obj
 .ARM.attributes
                0x00000104       0x2c CMakeFiles/new_project.elf.dir/4e71e0e38af02242c99929a0f5db6cc6/workspace_lpc845/sdks/proyecto_final_sdk/devices/LPC845/drivers/fsl_clock.c.obj
 .ARM.attributes
                0x00000130       0x2c CMakeFiles/new_project.elf.dir/4e71e0e38af02242c99929a0f5db6cc6/workspace_lpc845/sdks/proyecto_final_sdk/devices/LPC845/drivers/fsl_usart.c.obj
 .ARM.attributes
                0x0000015c       0x2c CMakeFiles/new_project.elf.dir/e50fa42c96dad9d8d207ba90a8b49f56/sdks/proyecto_final_sdk/devices/LPC845/utilities/debug_console_lite/fsl_assert.c.obj
 .ARM.attributes
                0x00000188       0x2c CMakeFiles/new_project.elf.dir/ec71fa50d421d79df567cacb05559b0e/devices/LPC845/utilities/debug_console_lite/fsl_debug_console.c.obj
 .ARM.attributes
                0x000001b4       0x1e C:/Users/totia/.mcuxpressotools/arm-gnu-toolchain-13.2.Rel1-mingw-w64-i686-arm-none-eabi/bin/../lib/gcc/arm-none-eabi/13.2.1/thumb/v6-m/nofp\libgcc.a(_udivsi3.o)
 .ARM.attributes
                0x000001d2       0x1e C:/Users/totia/.mcuxpressotools/arm-gnu-toolchain-13.2.Rel1-mingw-w64-i686-arm-none-eabi/bin/../lib/gcc/arm-none-eabi/13.2.1/thumb/v6-m/nofp\libgcc.a(_dvmd_tls.o)
 .ARM.attributes
                0x000001f0       0x2c C:/Users/totia/.mcuxpressotools/arm-gnu-toolchain-13.2.Rel1-mingw-w64-i686-arm-none-eabi/bin/../lib/gcc/arm-none-eabi/13.2.1/thumb/v6-m/nofp\libc_nano.a(libc_a-exit.o)
 .ARM.attributes
                0x0000021c       0x2c C:/Users/totia/.mcuxpressotools/arm-gnu-toolchain-13.2.Rel1-mingw-w64-i686-arm-none-eabi/bin/../lib/gcc/arm-none-eabi/13.2.1/thumb/v6-m/nofp\libc_nano.a(libc_a-findfp.o)
 .ARM.attributes
                0x00000248       0x2c C:/Users/totia/.mcuxpressotools/arm-gnu-toolchain-13.2.Rel1-mingw-w64-i686-arm-none-eabi/bin/../lib/gcc/arm-none-eabi/13.2.1/thumb/v6-m/nofp\libc_nano.a(libc_a-memset.o)
 .ARM.attributes
                0x00000274       0x2c C:/Users/totia/.mcuxpressotools/arm-gnu-toolchain-13.2.Rel1-mingw-w64-i686-arm-none-eabi/bin/../lib/gcc/arm-none-eabi/13.2.1/thumb/v6-m/nofp\libc_nano.a(libc_a-init.o)
 .ARM.attributes
                0x000002a0       0x2c C:/Users/totia/.mcuxpressotools/arm-gnu-toolchain-13.2.Rel1-mingw-w64-i686-arm-none-eabi/bin/../lib/gcc/arm-none-eabi/13.2.1/thumb/v6-m/nofp\libc_nano.a(libc_a-memcpy-stub.o)
 .ARM.attributes
                0x000002cc       0x1c C:/Users/totia/.mcuxpressotools/arm-gnu-toolchain-13.2.Rel1-mingw-w64-i686-arm-none-eabi/bin/../lib/gcc/arm-none-eabi/13.2.1/thumb/v6-m/nofp\libc_nano.a(libc_a-strlen.o)
 .ARM.attributes
                0x000002e8       0x2c C:/Users/totia/.mcuxpressotools/arm-gnu-toolchain-13.2.Rel1-mingw-w64-i686-arm-none-eabi/bin/../lib/gcc/arm-none-eabi/13.2.1/../../../../arm-none-eabi/lib/thumb/v6-m/nofp\libcr_newlib_nohost.a(_exit.o)
 .ARM.attributes
                0x00000314       0x2c freertos/libfreertos.a(tasks.c.obj)
 .ARM.attributes
                0x00000340       0x2c freertos/libfreertos.a(heap_2.c.obj)
 .ARM.attributes
                0x0000036c       0x2c freertos/libfreertos.a(port.c.obj)
 .ARM.attributes
                0x00000398       0x2c freertos/libfreertos.a(list.c.obj)
 .ARM.attributes
                0x000003c4       0x2c C:/Users/totia/.mcuxpressotools/arm-gnu-toolchain-13.2.Rel1-mingw-w64-i686-arm-none-eabi/bin/../lib/gcc/arm-none-eabi/13.2.1/thumb/v6-m/nofp/crtend.o
 .ARM.attributes
                0x000003f0       0x1e C:/Users/totia/.mcuxpressotools/arm-gnu-toolchain-13.2.Rel1-mingw-w64-i686-arm-none-eabi/bin/../lib/gcc/arm-none-eabi/13.2.1/thumb/v6-m/nofp/crtn.o
                0x00000001                        ASSERT ((__StackLimit >= __HeapLimit), region m_data overflowed with stack and heap)
OUTPUT(new_project.elf elf32-littlearm)
LOAD linker stubs

.debug_line_str
                0x00000000      0x366
 .debug_line_str
                0x00000000      0x366 C:/Users/totia/.mcuxpressotools/arm-gnu-toolchain-13.2.Rel1-mingw-w64-i686-arm-none-eabi/bin/../lib/gcc/arm-none-eabi/13.2.1/thumb/v6-m/nofp/crt0.o
                                 0xd2 (size before relaxing)
 .debug_line_str
                0x00000366       0xe4 CMakeFiles/new_project.elf.dir/4e71e0e38af02242c99929a0f5db6cc6/workspace_lpc845/sdks/proyecto_final_sdk/devices/LPC845/gcc/startup_LPC845.S.obj
 .debug_line_str
                0x00000366       0xc9 C:/Users/totia/.mcuxpressotools/arm-gnu-toolchain-13.2.Rel1-mingw-w64-i686-arm-none-eabi/bin/../lib/gcc/arm-none-eabi/13.2.1/thumb/v6-m/nofp\libgcc.a(_udivsi3.o)
 .debug_line_str
                0x00000366       0xc9 C:/Users/totia/.mcuxpressotools/arm-gnu-toolchain-13.2.Rel1-mingw-w64-i686-arm-none-eabi/bin/../lib/gcc/arm-none-eabi/13.2.1/thumb/v6-m/nofp\libgcc.a(_dvmd_tls.o)
 .debug_line_str
                0x00000366       0xe7 C:/Users/totia/.mcuxpressotools/arm-gnu-toolchain-13.2.Rel1-mingw-w64-i686-arm-none-eabi/bin/../lib/gcc/arm-none-eabi/13.2.1/thumb/v6-m/nofp\libc_nano.a(libc_a-strlen.o)

.debug_info     0x00000000     0x7faf
 .debug_info    0x00000000      0x249 CMakeFiles/new_project.elf.dir/C_/Users/totia/OneDrive/Documentos/GitHub/curso-lse/trabajo_integrador/proyecto_final/main.c.obj
 .debug_info    0x00000249      0xa3e CMakeFiles/new_project.elf.dir/C_/Users/totia/OneDrive/Documentos/GitHub/curso-lse/trabajo_integrador/proyecto_final/clock_config.c.obj
 .debug_info    0x00000c87      0x37b CMakeFiles/new_project.elf.dir/4e71e0e38af02242c99929a0f5db6cc6/workspace_lpc845/sdks/proyecto_final_sdk/devices/LPC845/gcc/startup_LPC845.S.obj
 .debug_info    0x00001002      0x60e CMakeFiles/new_project.elf.dir/b2f5765e3116205059112aab3ed77601/curso-lse/workspace_lpc845/sdks/proyecto_final_sdk/devices/LPC845/system_LPC845.c.obj
 .debug_info    0x00001610     0x12f9 CMakeFiles/new_project.elf.dir/4e71e0e38af02242c99929a0f5db6cc6/workspace_lpc845/sdks/proyecto_final_sdk/devices/LPC845/drivers/fsl_clock.c.obj
 .debug_info    0x00002909     0x1dce CMakeFiles/new_project.elf.dir/4e71e0e38af02242c99929a0f5db6cc6/workspace_lpc845/sdks/proyecto_final_sdk/devices/LPC845/drivers/fsl_usart.c.obj
 .debug_info    0x000046d7      0x126 CMakeFiles/new_project.elf.dir/e50fa42c96dad9d8d207ba90a8b49f56/sdks/proyecto_final_sdk/devices/LPC845/utilities/debug_console_lite/fsl_assert.c.obj
 .debug_info    0x000047fd      0xcd3 CMakeFiles/new_project.elf.dir/ec71fa50d421d79df567cacb05559b0e/devices/LPC845/utilities/debug_console_lite/fsl_debug_console.c.obj
 .debug_info    0x000054d0       0xa3 C:/Users/totia/.mcuxpressotools/arm-gnu-toolchain-13.2.Rel1-mingw-w64-i686-arm-none-eabi/bin/../lib/gcc/arm-none-eabi/13.2.1/../../../../arm-none-eabi/lib/thumb/v6-m/nofp\libcr_newlib_nohost.a(_exit.o)
 .debug_info    0x00005573     0x20a5 freertos/libfreertos.a(tasks.c.obj)
 .debug_info    0x00007618      0x36e freertos/libfreertos.a(heap_2.c.obj)
 .debug_info    0x00007986      0x38a freertos/libfreertos.a(port.c.obj)
 .debug_info    0x00007d10      0x29f freertos/libfreertos.a(list.c.obj)

.debug_abbrev   0x00000000     0x1701
 .debug_abbrev  0x00000000       0xec CMakeFiles/new_project.elf.dir/C_/Users/totia/OneDrive/Documentos/GitHub/curso-lse/trabajo_integrador/proyecto_final/main.c.obj
 .debug_abbrev  0x000000ec      0x270 CMakeFiles/new_project.elf.dir/C_/Users/totia/OneDrive/Documentos/GitHub/curso-lse/trabajo_integrador/proyecto_final/clock_config.c.obj
 .debug_abbrev  0x0000035c       0x26 CMakeFiles/new_project.elf.dir/4e71e0e38af02242c99929a0f5db6cc6/workspace_lpc845/sdks/proyecto_final_sdk/devices/LPC845/gcc/startup_LPC845.S.obj
 .debug_abbrev  0x00000382      0x16b CMakeFiles/new_project.elf.dir/b2f5765e3116205059112aab3ed77601/curso-lse/workspace_lpc845/sdks/proyecto_final_sdk/devices/LPC845/system_LPC845.c.obj
 .debug_abbrev  0x000004ed      0x343 CMakeFiles/new_project.elf.dir/4e71e0e38af02242c99929a0f5db6cc6/workspace_lpc845/sdks/proyecto_final_sdk/devices/LPC845/drivers/fsl_clock.c.obj
 .debug_abbrev  0x00000830      0x38f CMakeFiles/new_project.elf.dir/4e71e0e38af02242c99929a0f5db6cc6/workspace_lpc845/sdks/proyecto_final_sdk/devices/LPC845/drivers/fsl_usart.c.obj
 .debug_abbrev  0x00000bbf       0xa8 CMakeFiles/new_project.elf.dir/e50fa42c96dad9d8d207ba90a8b49f56/sdks/proyecto_final_sdk/devices/LPC845/utilities/debug_console_lite/fsl_assert.c.obj
 .debug_abbrev  0x00000c67      0x242 CMakeFiles/new_project.elf.dir/ec71fa50d421d79df567cacb05559b0e/devices/LPC845/utilities/debug_console_lite/fsl_debug_console.c.obj
 .debug_abbrev  0x00000ea9       0x67 C:/Users/totia/.mcuxpressotools/arm-gnu-toolchain-13.2.Rel1-mingw-w64-i686-arm-none-eabi/bin/../lib/gcc/arm-none-eabi/13.2.1/../../../../arm-none-eabi/lib/thumb/v6-m/nofp\libcr_newlib_nohost.a(_exit.o)
 .debug_abbrev  0x00000f10      0x301 freertos/libfreertos.a(tasks.c.obj)
 .debug_abbrev  0x00001211      0x1e0 freertos/libfreertos.a(heap_2.c.obj)
 .debug_abbrev  0x000013f1      0x224 freertos/libfreertos.a(port.c.obj)
 .debug_abbrev  0x00001615       0xec freertos/libfreertos.a(list.c.obj)

.debug_aranges  0x00000000      0x708
 .debug_aranges
                0x00000000       0x20 CMakeFiles/new_project.elf.dir/C_/Users/totia/OneDrive/Documentos/GitHub/curso-lse/trabajo_integrador/proyecto_final/main.c.obj
 .debug_aranges
                0x00000020       0x60 CMakeFiles/new_project.elf.dir/C_/Users/totia/OneDrive/Documentos/GitHub/curso-lse/trabajo_integrador/proyecto_final/clock_config.c.obj
 .debug_aranges
                0x00000080       0x20 CMakeFiles/new_project.elf.dir/4e71e0e38af02242c99929a0f5db6cc6/workspace_lpc845/sdks/proyecto_final_sdk/devices/LPC845/gcc/startup_LPC845.S.obj
 .debug_aranges
                0x000000a0       0x30 CMakeFiles/new_project.elf.dir/b2f5765e3116205059112aab3ed77601/curso-lse/workspace_lpc845/sdks/proyecto_final_sdk/devices/LPC845/system_LPC845.c.obj
 .debug_aranges
                0x000000d0      0x108 CMakeFiles/new_project.elf.dir/4e71e0e38af02242c99929a0f5db6cc6/workspace_lpc845/sdks/proyecto_final_sdk/devices/LPC845/drivers/fsl_clock.c.obj
 .debug_aranges
                0x000001d8      0x128 CMakeFiles/new_project.elf.dir/4e71e0e38af02242c99929a0f5db6cc6/workspace_lpc845/sdks/proyecto_final_sdk/devices/LPC845/drivers/fsl_usart.c.obj
 .debug_aranges
                0x00000300       0x28 CMakeFiles/new_project.elf.dir/e50fa42c96dad9d8d207ba90a8b49f56/sdks/proyecto_final_sdk/devices/LPC845/utilities/debug_console_lite/fsl_assert.c.obj
 .debug_aranges
                0x00000328       0x78 CMakeFiles/new_project.elf.dir/ec71fa50d421d79df567cacb05559b0e/devices/LPC845/utilities/debug_console_lite/fsl_debug_console.c.obj
 .debug_aranges
                0x000003a0       0x20 C:/Users/totia/.mcuxpressotools/arm-gnu-toolchain-13.2.Rel1-mingw-w64-i686-arm-none-eabi/bin/../lib/gcc/arm-none-eabi/13.2.1/../../../../arm-none-eabi/lib/thumb/v6-m/nofp\libcr_newlib_nohost.a(_exit.o)
 .debug_aranges
                0x000003c0      0x230 freertos/libfreertos.a(tasks.c.obj)
 .debug_aranges
                0x000005f0       0x48 freertos/libfreertos.a(heap_2.c.obj)
 .debug_aranges
                0x00000638       0x90 freertos/libfreertos.a(port.c.obj)
 .debug_aranges
                0x000006c8       0x40 freertos/libfreertos.a(list.c.obj)

.debug_rnglists
                0x00000000      0x529
 .debug_rnglists
                0x00000000       0x14 CMakeFiles/new_project.elf.dir/C_/Users/totia/OneDrive/Documentos/GitHub/curso-lse/trabajo_integrador/proyecto_final/main.c.obj
 .debug_rnglists
                0x00000014       0x43 CMakeFiles/new_project.elf.dir/C_/Users/totia/OneDrive/Documentos/GitHub/curso-lse/trabajo_integrador/proyecto_final/clock_config.c.obj
 .debug_rnglists
                0x00000057       0x20 CMakeFiles/new_project.elf.dir/b2f5765e3116205059112aab3ed77601/curso-lse/workspace_lpc845/sdks/proyecto_final_sdk/devices/LPC845/system_LPC845.c.obj
 .debug_rnglists
                0x00000077       0xc9 CMakeFiles/new_project.elf.dir/4e71e0e38af02242c99929a0f5db6cc6/workspace_lpc845/sdks/proyecto_final_sdk/devices/LPC845/drivers/fsl_clock.c.obj
 .debug_rnglists
                0x00000140       0xe2 CMakeFiles/new_project.elf.dir/4e71e0e38af02242c99929a0f5db6cc6/workspace_lpc845/sdks/proyecto_final_sdk/devices/LPC845/drivers/fsl_usart.c.obj
 .debug_rnglists
                0x00000222       0x19 CMakeFiles/new_project.elf.dir/e50fa42c96dad9d8d207ba90a8b49f56/sdks/proyecto_final_sdk/devices/LPC845/utilities/debug_console_lite/fsl_assert.c.obj
 .debug_rnglists
                0x0000023b       0x59 CMakeFiles/new_project.elf.dir/ec71fa50d421d79df567cacb05559b0e/devices/LPC845/utilities/debug_console_lite/fsl_debug_console.c.obj
 .debug_rnglists
                0x00000294      0x1ce freertos/libfreertos.a(tasks.c.obj)
 .debug_rnglists
                0x00000462       0x33 freertos/libfreertos.a(heap_2.c.obj)
 .debug_rnglists
                0x00000495       0x69 freertos/libfreertos.a(port.c.obj)
 .debug_rnglists
                0x000004fe       0x2b freertos/libfreertos.a(list.c.obj)

.debug_line     0x00000000     0x59f8
 .debug_line    0x00000000      0x2b4 CMakeFiles/new_project.elf.dir/C_/Users/totia/OneDrive/Documentos/GitHub/curso-lse/trabajo_integrador/proyecto_final/main.c.obj
 .debug_line    0x000002b4      0x4df CMakeFiles/new_project.elf.dir/C_/Users/totia/OneDrive/Documentos/GitHub/curso-lse/trabajo_integrador/proyecto_final/clock_config.c.obj
 .debug_line    0x00000793      0x136 CMakeFiles/new_project.elf.dir/4e71e0e38af02242c99929a0f5db6cc6/workspace_lpc845/sdks/proyecto_final_sdk/devices/LPC845/gcc/startup_LPC845.S.obj
 .debug_line    0x000008c9      0x460 CMakeFiles/new_project.elf.dir/b2f5765e3116205059112aab3ed77601/curso-lse/workspace_lpc845/sdks/proyecto_final_sdk/devices/LPC845/system_LPC845.c.obj
 .debug_line    0x00000d29      0xabc CMakeFiles/new_project.elf.dir/4e71e0e38af02242c99929a0f5db6cc6/workspace_lpc845/sdks/proyecto_final_sdk/devices/LPC845/drivers/fsl_clock.c.obj
 .debug_line    0x000017e5      0xe6a CMakeFiles/new_project.elf.dir/4e71e0e38af02242c99929a0f5db6cc6/workspace_lpc845/sdks/proyecto_final_sdk/devices/LPC845/drivers/fsl_usart.c.obj
 .debug_line    0x0000264f      0x17b CMakeFiles/new_project.elf.dir/e50fa42c96dad9d8d207ba90a8b49f56/sdks/proyecto_final_sdk/devices/LPC845/utilities/debug_console_lite/fsl_assert.c.obj
 .debug_line    0x000027ca      0x8f7 CMakeFiles/new_project.elf.dir/ec71fa50d421d79df567cacb05559b0e/devices/LPC845/utilities/debug_console_lite/fsl_debug_console.c.obj
 .debug_line    0x000030c1       0x44 C:/Users/totia/.mcuxpressotools/arm-gnu-toolchain-13.2.Rel1-mingw-w64-i686-arm-none-eabi/bin/../lib/gcc/arm-none-eabi/13.2.1/../../../../arm-none-eabi/lib/thumb/v6-m/nofp\libcr_newlib_nohost.a(_exit.o)
 .debug_line    0x00003105     0x1a6a freertos/libfreertos.a(tasks.c.obj)
 .debug_line    0x00004b6f      0x549 freertos/libfreertos.a(heap_2.c.obj)
 .debug_line    0x000050b8      0x5b9 freertos/libfreertos.a(port.c.obj)
 .debug_line    0x00005671      0x387 freertos/libfreertos.a(list.c.obj)

.debug_str      0x00000000     0x5beb
 .debug_str     0x00000000     0x5beb CMakeFiles/new_project.elf.dir/C_/Users/totia/OneDrive/Documentos/GitHub/curso-lse/trabajo_integrador/proyecto_final/main.c.obj
                                0x37e (size before relaxing)
 .debug_str     0x00005beb     0x1028 CMakeFiles/new_project.elf.dir/C_/Users/totia/OneDrive/Documentos/GitHub/curso-lse/trabajo_integrador/proyecto_final/clock_config.c.obj
 .debug_str     0x00005beb      0x6c4 CMakeFiles/new_project.elf.dir/4e71e0e38af02242c99929a0f5db6cc6/workspace_lpc845/sdks/proyecto_final_sdk/devices/LPC845/gcc/startup_LPC845.S.obj
 .debug_str     0x00005beb      0x5d4 CMakeFiles/new_project.elf.dir/b2f5765e3116205059112aab3ed77601/curso-lse/workspace_lpc845/sdks/proyecto_final_sdk/devices/LPC845/system_LPC845.c.obj
 .debug_str     0x00005beb     0x1887 CMakeFiles/new_project.elf.dir/4e71e0e38af02242c99929a0f5db6cc6/workspace_lpc845/sdks/proyecto_final_sdk/devices/LPC845/drivers/fsl_clock.c.obj
 .debug_str     0x00005beb     0x249a CMakeFiles/new_project.elf.dir/4e71e0e38af02242c99929a0f5db6cc6/workspace_lpc845/sdks/proyecto_final_sdk/devices/LPC845/drivers/fsl_usart.c.obj
 .debug_str     0x00005beb      0x29a CMakeFiles/new_project.elf.dir/e50fa42c96dad9d8d207ba90a8b49f56/sdks/proyecto_final_sdk/devices/LPC845/utilities/debug_console_lite/fsl_assert.c.obj
 .debug_str     0x00005beb     0x1434 CMakeFiles/new_project.elf.dir/ec71fa50d421d79df567cacb05559b0e/devices/LPC845/utilities/debug_console_lite/fsl_debug_console.c.obj
 .debug_str     0x00005beb      0x1b8 C:/Users/totia/.mcuxpressotools/arm-gnu-toolchain-13.2.Rel1-mingw-w64-i686-arm-none-eabi/bin/../lib/gcc/arm-none-eabi/13.2.1/../../../../arm-none-eabi/lib/thumb/v6-m/nofp\libcr_newlib_nohost.a(_exit.o)
 .debug_str     0x00005beb     0x13b0 freertos/libfreertos.a(tasks.c.obj)
 .debug_str     0x00005beb      0x405 freertos/libfreertos.a(heap_2.c.obj)
 .debug_str     0x00005beb      0x577 freertos/libfreertos.a(port.c.obj)
 .debug_str     0x00005beb      0x364 freertos/libfreertos.a(list.c.obj)

.comment        0x00000000       0x44
 .comment       0x00000000       0x44 CMakeFiles/new_project.elf.dir/C_/Users/totia/OneDrive/Documentos/GitHub/curso-lse/trabajo_integrador/proyecto_final/main.c.obj
                                 0x45 (size before relaxing)
 .comment       0x00000044       0x45 CMakeFiles/new_project.elf.dir/C_/Users/totia/OneDrive/Documentos/GitHub/curso-lse/trabajo_integrador/proyecto_final/clock_config.c.obj
 .comment       0x00000044       0x45 CMakeFiles/new_project.elf.dir/b2f5765e3116205059112aab3ed77601/curso-lse/workspace_lpc845/sdks/proyecto_final_sdk/devices/LPC845/system_LPC845.c.obj
 .comment       0x00000044       0x45 CMakeFiles/new_project.elf.dir/4e71e0e38af02242c99929a0f5db6cc6/workspace_lpc845/sdks/proyecto_final_sdk/devices/LPC845/drivers/fsl_clock.c.obj
 .comment       0x00000044       0x45 CMakeFiles/new_project.elf.dir/4e71e0e38af02242c99929a0f5db6cc6/workspace_lpc845/sdks/proyecto_final_sdk/devices/LPC845/drivers/fsl_usart.c.obj
 .comment       0x00000044       0x45 CMakeFiles/new_project.elf.dir/e50fa42c96dad9d8d207ba90a8b49f56/sdks/proyecto_final_sdk/devices/LPC845/utilities/debug_console_lite/fsl_assert.c.obj
 .comment       0x00000044       0x45 CMakeFiles/new_project.elf.dir/ec71fa50d421d79df567cacb05559b0e/devices/LPC845/utilities/debug_console_lite/fsl_debug_console.c.obj
 .comment       0x00000044       0x45 C:/Users/totia/.mcuxpressotools/arm-gnu-toolchain-13.2.Rel1-mingw-w64-i686-arm-none-eabi/bin/../lib/gcc/arm-none-eabi/13.2.1/../../../../arm-none-eabi/lib/thumb/v6-m/nofp\libcr_newlib_nohost.a(_exit.o)
 .comment       0x00000044       0x45 freertos/libfreertos.a(tasks.c.obj)
 .comment       0x00000044       0x45 freertos/libfreertos.a(heap_2.c.obj)
 .comment       0x00000044       0x45 freertos/libfreertos.a(port.c.obj)
 .comment       0x00000044       0x45 freertos/libfreertos.a(list.c.obj)

.debug_frame    0x00000000     0x1920
 .debug_frame   0x00000000       0x30 CMakeFiles/new_project.elf.dir/C_/Users/totia/OneDrive/Documentos/GitHub/curso-lse/trabajo_integrador/proyecto_final/main.c.obj
 .debug_frame   0x00000030      0x120 CMakeFiles/new_project.elf.dir/C_/Users/totia/OneDrive/Documentos/GitHub/curso-lse/trabajo_integrador/proyecto_final/clock_config.c.obj
 .debug_frame   0x00000150       0x68 CMakeFiles/new_project.elf.dir/b2f5765e3116205059112aab3ed77601/curso-lse/workspace_lpc845/sdks/proyecto_final_sdk/devices/LPC845/system_LPC845.c.obj
 .debug_frame   0x000001b8      0x3cc CMakeFiles/new_project.elf.dir/4e71e0e38af02242c99929a0f5db6cc6/workspace_lpc845/sdks/proyecto_final_sdk/devices/LPC845/drivers/fsl_clock.c.obj
 .debug_frame   0x00000584      0x43c CMakeFiles/new_project.elf.dir/4e71e0e38af02242c99929a0f5db6cc6/workspace_lpc845/sdks/proyecto_final_sdk/devices/LPC845/drivers/fsl_usart.c.obj
 .debug_frame   0x000009c0       0x50 CMakeFiles/new_project.elf.dir/e50fa42c96dad9d8d207ba90a8b49f56/sdks/proyecto_final_sdk/devices/LPC845/utilities/debug_console_lite/fsl_assert.c.obj
 .debug_frame   0x00000a10      0x190 CMakeFiles/new_project.elf.dir/ec71fa50d421d79df567cacb05559b0e/devices/LPC845/utilities/debug_console_lite/fsl_debug_console.c.obj
 .debug_frame   0x00000ba0       0x20 C:/Users/totia/.mcuxpressotools/arm-gnu-toolchain-13.2.Rel1-mingw-w64-i686-arm-none-eabi/bin/../lib/gcc/arm-none-eabi/13.2.1/thumb/v6-m/nofp\libgcc.a(_udivsi3.o)
 .debug_frame   0x00000bc0       0x28 C:/Users/totia/.mcuxpressotools/arm-gnu-toolchain-13.2.Rel1-mingw-w64-i686-arm-none-eabi/bin/../lib/gcc/arm-none-eabi/13.2.1/thumb/v6-m/nofp\libc_nano.a(libc_a-exit.o)
 .debug_frame   0x00000be8      0x138 C:/Users/totia/.mcuxpressotools/arm-gnu-toolchain-13.2.Rel1-mingw-w64-i686-arm-none-eabi/bin/../lib/gcc/arm-none-eabi/13.2.1/thumb/v6-m/nofp\libc_nano.a(libc_a-findfp.o)
 .debug_frame   0x00000d20       0x20 C:/Users/totia/.mcuxpressotools/arm-gnu-toolchain-13.2.Rel1-mingw-w64-i686-arm-none-eabi/bin/../lib/gcc/arm-none-eabi/13.2.1/thumb/v6-m/nofp\libc_nano.a(libc_a-memset.o)
 .debug_frame   0x00000d40       0x2c C:/Users/totia/.mcuxpressotools/arm-gnu-toolchain-13.2.Rel1-mingw-w64-i686-arm-none-eabi/bin/../lib/gcc/arm-none-eabi/13.2.1/thumb/v6-m/nofp\libc_nano.a(libc_a-init.o)
 .debug_frame   0x00000d6c       0x28 C:/Users/totia/.mcuxpressotools/arm-gnu-toolchain-13.2.Rel1-mingw-w64-i686-arm-none-eabi/bin/../lib/gcc/arm-none-eabi/13.2.1/thumb/v6-m/nofp\libc_nano.a(libc_a-memcpy-stub.o)
 .debug_frame   0x00000d94       0x20 C:/Users/totia/.mcuxpressotools/arm-gnu-toolchain-13.2.Rel1-mingw-w64-i686-arm-none-eabi/bin/../lib/gcc/arm-none-eabi/13.2.1/../../../../arm-none-eabi/lib/thumb/v6-m/nofp\libcr_newlib_nohost.a(_exit.o)
 .debug_frame   0x00000db4      0x860 freertos/libfreertos.a(tasks.c.obj)
 .debug_frame   0x00001614       0xc8 freertos/libfreertos.a(heap_2.c.obj)
 .debug_frame   0x000016dc      0x194 freertos/libfreertos.a(port.c.obj)
 .debug_frame   0x00001870       0xb0 freertos/libfreertos.a(list.c.obj)

.debug_loc      0x00000000       0x15
 .debug_loc     0x00000000       0x15 C:/Users/totia/.mcuxpressotools/arm-gnu-toolchain-13.2.Rel1-mingw-w64-i686-arm-none-eabi/bin/../lib/gcc/arm-none-eabi/13.2.1/../../../../arm-none-eabi/lib/thumb/v6-m/nofp\libcr_newlib_nohost.a(_exit.o)

.debug_ranges   0x00000000       0x10
 .debug_ranges  0x00000000       0x10 C:/Users/totia/.mcuxpressotools/arm-gnu-toolchain-13.2.Rel1-mingw-w64-i686-arm-none-eabi/bin/../lib/gcc/arm-none-eabi/13.2.1/../../../../arm-none-eabi/lib/thumb/v6-m/nofp\libcr_newlib_nohost.a(_exit.o)
