Archive member included to satisfy reference by file (symbol)

C:/Users/totia/.mcuxpressotools/arm-gnu-toolchain-13.2.Rel1-mingw-w64-i686-arm-none-eabi/bin/../lib/gcc/arm-none-eabi/13.2.1/thumb/v6-m/nofp\libgcc.a(_udivsi3.o)
                              CMakeFiles/new_project.elf.dir/b2f5765e3116205059112aab3ed77601/curso-lse/workspace_lpc845/sdks/proyecto_final_sdk/devices/LPC845/system_LPC845.c.obj (__aeabi_uidiv)
C:/Users/totia/.mcuxpressotools/arm-gnu-toolchain-13.2.Rel1-mingw-w64-i686-arm-none-eabi/bin/../lib/gcc/arm-none-eabi/13.2.1/thumb/v6-m/nofp\libgcc.a(_dvmd_tls.o)
                              C:/Users/totia/.mcuxpressotools/arm-gnu-toolchain-13.2.Rel1-mingw-w64-i686-arm-none-eabi/bin/../lib/gcc/arm-none-eabi/13.2.1/thumb/v6-m/nofp\libgcc.a(_udivsi3.o) (__aeabi_idiv0)
C:/Users/totia/.mcuxpressotools/arm-gnu-toolchain-13.2.Rel1-mingw-w64-i686-arm-none-eabi/bin/../lib/gcc/arm-none-eabi/13.2.1/thumb/v6-m/nofp\libgcc.a(_aeabi_uldivmod.o)
                              CMakeFiles/new_project.elf.dir/4e71e0e38af02242c99929a0f5db6cc6/workspace_lpc845/sdks/proyecto_final_sdk/devices/LPC845/drivers/fsl_clock.c.obj (__aeabi_uldivmod)
C:/Users/totia/.mcuxpressotools/arm-gnu-toolchain-13.2.Rel1-mingw-w64-i686-arm-none-eabi/bin/../lib/gcc/arm-none-eabi/13.2.1/thumb/v6-m/nofp\libgcc.a(_muldi3.o)
                              CMakeFiles/new_project.elf.dir/4e71e0e38af02242c99929a0f5db6cc6/workspace_lpc845/sdks/proyecto_final_sdk/devices/LPC845/drivers/fsl_common_arm.c.obj (__aeabi_lmul)
C:/Users/totia/.mcuxpressotools/arm-gnu-toolchain-13.2.Rel1-mingw-w64-i686-arm-none-eabi/bin/../lib/gcc/arm-none-eabi/13.2.1/thumb/v6-m/nofp\libgcc.a(_udivmoddi4.o)
                              C:/Users/totia/.mcuxpressotools/arm-gnu-toolchain-13.2.Rel1-mingw-w64-i686-arm-none-eabi/bin/../lib/gcc/arm-none-eabi/13.2.1/thumb/v6-m/nofp\libgcc.a(_aeabi_uldivmod.o) (__udivmoddi4)
C:/Users/totia/.mcuxpressotools/arm-gnu-toolchain-13.2.Rel1-mingw-w64-i686-arm-none-eabi/bin/../lib/gcc/arm-none-eabi/13.2.1/thumb/v6-m/nofp\libgcc.a(_clzdi2.o)
                              C:/Users/totia/.mcuxpressotools/arm-gnu-toolchain-13.2.Rel1-mingw-w64-i686-arm-none-eabi/bin/../lib/gcc/arm-none-eabi/13.2.1/thumb/v6-m/nofp\libgcc.a(_udivmoddi4.o) (__clzdi2)
C:/Users/totia/.mcuxpressotools/arm-gnu-toolchain-13.2.Rel1-mingw-w64-i686-arm-none-eabi/bin/../lib/gcc/arm-none-eabi/13.2.1/thumb/v6-m/nofp\libgcc.a(_clzsi2.o)
                              C:/Users/totia/.mcuxpressotools/arm-gnu-toolchain-13.2.Rel1-mingw-w64-i686-arm-none-eabi/bin/../lib/gcc/arm-none-eabi/13.2.1/thumb/v6-m/nofp\libgcc.a(_clzdi2.o) (__clzsi2)
C:/Users/totia/.mcuxpressotools/arm-gnu-toolchain-13.2.Rel1-mingw-w64-i686-arm-none-eabi/bin/../lib/gcc/arm-none-eabi/13.2.1/thumb/v6-m/nofp\libc_nano.a(libc_a-exit.o)
                              C:/Users/totia/.mcuxpressotools/arm-gnu-toolchain-13.2.Rel1-mingw-w64-i686-arm-none-eabi/bin/../lib/gcc/arm-none-eabi/13.2.1/thumb/v6-m/nofp/crt0.o (exit)
C:/Users/totia/.mcuxpressotools/arm-gnu-toolchain-13.2.Rel1-mingw-w64-i686-arm-none-eabi/bin/../lib/gcc/arm-none-eabi/13.2.1/thumb/v6-m/nofp\libc_nano.a(libc_a-malloc.o)
                              CMakeFiles/new_project.elf.dir/4e71e0e38af02242c99929a0f5db6cc6/workspace_lpc845/sdks/proyecto_final_sdk/devices/LPC845/drivers/fsl_common.c.obj (malloc)
C:/Users/totia/.mcuxpressotools/arm-gnu-toolchain-13.2.Rel1-mingw-w64-i686-arm-none-eabi/bin/../lib/gcc/arm-none-eabi/13.2.1/thumb/v6-m/nofp\libc_nano.a(libc_a-mallocr.o)
                              C:/Users/totia/.mcuxpressotools/arm-gnu-toolchain-13.2.Rel1-mingw-w64-i686-arm-none-eabi/bin/../lib/gcc/arm-none-eabi/13.2.1/thumb/v6-m/nofp\libc_nano.a(libc_a-malloc.o) (_malloc_r)
C:/Users/totia/.mcuxpressotools/arm-gnu-toolchain-13.2.Rel1-mingw-w64-i686-arm-none-eabi/bin/../lib/gcc/arm-none-eabi/13.2.1/thumb/v6-m/nofp\libc_nano.a(libc_a-mlock.o)
                              C:/Users/totia/.mcuxpressotools/arm-gnu-toolchain-13.2.Rel1-mingw-w64-i686-arm-none-eabi/bin/../lib/gcc/arm-none-eabi/13.2.1/thumb/v6-m/nofp\libc_nano.a(libc_a-mallocr.o) (__malloc_lock)
C:/Users/totia/.mcuxpressotools/arm-gnu-toolchain-13.2.Rel1-mingw-w64-i686-arm-none-eabi/bin/../lib/gcc/arm-none-eabi/13.2.1/thumb/v6-m/nofp\libc_nano.a(libc_a-strtoul.o)
                              CMakeFiles/new_project.elf.dir/4e71e0e38af02242c99929a0f5db6cc6/workspace_lpc845/sdks/proyecto_final_sdk/devices/LPC845/utilities/str/fsl_str.c.obj (strtoul)
C:/Users/totia/.mcuxpressotools/arm-gnu-toolchain-13.2.Rel1-mingw-w64-i686-arm-none-eabi/bin/../lib/gcc/arm-none-eabi/13.2.1/thumb/v6-m/nofp\libc_nano.a(libc_a-ctype_.o)
                              C:/Users/totia/.mcuxpressotools/arm-gnu-toolchain-13.2.Rel1-mingw-w64-i686-arm-none-eabi/bin/../lib/gcc/arm-none-eabi/13.2.1/thumb/v6-m/nofp\libc_nano.a(libc_a-strtoul.o) (_ctype_)
[...]
Memory Configuration

Name             Origin             Length             Attributes
m_interrupts     0x00000000         0x00000200         xr
m_crp            0x000002fc         0x00000004         xr
m_text           0x00000300         0x0000fd00         xr
m_data           0x10000000         0x00003fe0         rw
*default*        0x00000000         0xffffffff

Linker script and memory map

LOAD C:/Users/totia/.mcuxpressotools/arm-gnu-toolchain-13.2.Rel1-mingw-w64-i686-arm-none-eabi/bin/../lib/gcc/arm-none-eabi/13.2.1/thumb/v6-m/nofp/crti.o
LOAD C:/Users/totia/.mcuxpressotools/arm-gnu-toolchain-13.2.Rel1-mingw-w64-i686-arm-none-eabi/bin/../lib/gcc/arm-none-eabi/13.2.1/thumb/v6-m/nofp/crtbegin.o
LOAD C:/Users/totia/.mcuxpressotools/arm-gnu-toolchain-13.2.Rel1-mingw-w64-i686-arm-none-eabi/bin/../lib/gcc/arm-none-eabi/13.2.1/thumb/v6-m/nofp/crt0.o
LOAD CMakeFiles/new_project.elf.dir/C_/Users/totia/OneDrive/Documentos/GitHub/curso-lse/trabajo_integrador/proyecto_final/main.c.obj
LOAD CMakeFiles/new_project.elf.dir/C_/Users/totia/OneDrive/Documentos/GitHub/curso-lse/trabajo_integrador/proyecto_final/peripherals.c.obj
LOAD CMakeFiles/new_project.elf.dir/C_/Users/totia/OneDrive/Documentos/GitHub/curso-lse/trabajo_integrador/proyecto_final/pin_mux.c.obj
LOAD CMakeFiles/new_project.elf.dir/C_/Users/totia/OneDrive/Documentos/GitHub/curso-lse/trabajo_integrador/proyecto_final/board.c.obj
LOAD CMakeFiles/new_project.elf.dir/C_/Users/totia/OneDrive/Documentos/GitHub/curso-lse/trabajo_integrador/proyecto_final/clock_config.c.obj
LOAD CMakeFiles/new_project.elf.dir/C_/Users/totia/OneDrive/Documentos/GitHub/curso-lse/trabajo_integrador/proyecto_final/hardware_init.c.obj
LOAD CMakeFiles/new_project.elf.dir/4e71e0e38af02242c99929a0f5db6cc6/workspace_lpc845/sdks/proyecto_final_sdk/components/uart/fsl_adapter_miniusart.c.obj
LOAD CMakeFiles/new_project.elf.dir/4e71e0e38af02242c99929a0f5db6cc6/workspace_lpc845/sdks/proyecto_final_sdk/devices/LPC845/gcc/startup_LPC845.S.obj
LOAD CMakeFiles/new_project.elf.dir/b2f5765e3116205059112aab3ed77601/curso-lse/workspace_lpc845/sdks/proyecto_final_sdk/devices/LPC845/system_LPC845.c.obj
LOAD CMakeFiles/new_project.elf.dir/4e71e0e38af02242c99929a0f5db6cc6/workspace_lpc845/sdks/proyecto_final_sdk/devices/LPC845/drivers/fsl_clock.c.obj
LOAD CMakeFiles/new_project.elf.dir/4e71e0e38af02242c99929a0f5db6cc6/workspace_lpc845/sdks/proyecto_final_sdk/devices/LPC845/drivers/fsl_common.c.obj
LOAD CMakeFiles/new_project.elf.dir/4e71e0e38af02242c99929a0f5db6cc6/workspace_lpc845/sdks/proyecto_final_sdk/devices/LPC845/drivers/fsl_common_arm.c.obj
LOAD CMakeFiles/new_project.elf.dir/4e71e0e38af02242c99929a0f5db6cc6/workspace_lpc845/sdks/proyecto_final_sdk/devices/LPC845/drivers/fsl_inputmux.c.obj
LOAD CMakeFiles/new_project.elf.dir/4e71e0e38af02242c99929a0f5db6cc6/workspace_lpc845/sdks/proyecto_final_sdk/devices/LPC845/drivers/fsl_gpio.c.obj
LOAD CMakeFiles/new_project.elf.dir/4e71e0e38af02242c99929a0f5db6cc6/workspace_lpc845/sdks/proyecto_final_sdk/devices/LPC845/drivers/fsl_usart.c.obj
LOAD CMakeFiles/new_project.elf.dir/4e71e0e38af02242c99929a0f5db6cc6/workspace_lpc845/sdks/proyecto_final_sdk/devices/LPC845/drivers/fsl_power.c.obj
LOAD CMakeFiles/new_project.elf.dir/4e71e0e38af02242c99929a0f5db6cc6/workspace_lpc845/sdks/proyecto_final_sdk/devices/LPC845/drivers/fsl_reset.c.obj
LOAD CMakeFiles/new_project.elf.dir/4e71e0e38af02242c99929a0f5db6cc6/workspace_lpc845/sdks/proyecto_final_sdk/devices/LPC845/drivers/fsl_swm.c.obj
LOAD CMakeFiles/new_project.elf.dir/4e71e0e38af02242c99929a0f5db6cc6/workspace_lpc845/sdks/proyecto_final_sdk/devices/LPC845/drivers/fsl_syscon.c.obj
LOAD CMakeFiles/new_project.elf.dir/e50fa42c96dad9d8d207ba90a8b49f56/sdks/proyecto_final_sdk/devices/LPC845/utilities/fsl_syscall_stub.c.obj
LOAD CMakeFiles/new_project.elf.dir/4e71e0e38af02242c99929a0f5db6cc6/workspace_lpc845/sdks/proyecto_final_sdk/devices/LPC845/utilities/fsl_sbrk.c.obj
LOAD CMakeFiles/new_project.elf.dir/e50fa42c96dad9d8d207ba90a8b49f56/sdks/proyecto_final_sdk/devices/LPC845/utilities/debug_console_lite/fsl_assert.c.obj
LOAD CMakeFiles/new_project.elf.dir/ec71fa50d421d79df567cacb05559b0e/devices/LPC845/utilities/debug_console_lite/fsl_debug_console.c.obj
LOAD CMakeFiles/new_project.elf.dir/4e71e0e38af02242c99929a0f5db6cc6/workspace_lpc845/sdks/proyecto_final_sdk/devices/LPC845/utilities/str/fsl_str.c.obj
START GROUP
LOAD C:/Users/totia/.mcuxpressotools/arm-gnu-toolchain-13.2.Rel1-mingw-w64-i686-arm-none-eabi/bin/../lib/gcc/arm-none-eabi/13.2.1/thumb/v6-m/nofp\libgcc.a
LOAD C:/Users/totia/.mcuxpressotools/arm-gnu-toolchain-13.2.Rel1-mingw-w64-i686-arm-none-eabi/bin/../lib/gcc/arm-none-eabi/13.2.1/thumb/v6-m/nofp\libc_nano.a
LOAD C:/Users/totia/.mcuxpressotools/arm-gnu-toolchain-13.2.Rel1-mingw-w64-i686-arm-none-eabi/bin/../lib/gcc/arm-none-eabi/13.2.1/thumb/v6-m/nofp\libm.a
LOAD C:/Users/totia/.mcuxpressotools/arm-gnu-toolchain-13.2.Rel1-mingw-w64-i686-arm-none-eabi/bin/../lib/gcc/arm-none-eabi/13.2.1/../../../../arm-none-eabi/lib/thumb/v6-m/nofp\libcr_newlib_nohost.a
LOAD freertos/libfreertos.a
END GROUP
START GROUP
LOAD C:/Users/totia/.mcuxpressotools/arm-gnu-toolchain-13.2.Rel1-mingw-w64-i686-arm-none-eabi/bin/../lib/gcc/arm-none-eabi/13.2.1/thumb/v6-m/nofp\libgcc.a
LOAD C:/Users/totia/.mcuxpressotools/arm-gnu-toolchain-13.2.Rel1-mingw-w64-i686-arm-none-eabi/bin/../lib/gcc/arm-none-eabi/13.2.1/thumb/v6-m/nofp\libg_nano.a
LOAD C:/Users/totia/.mcuxpressotools/arm-gnu-toolchain-13.2.Rel1-mingw-w64-i686-arm-none-eabi/bin/../lib/gcc/arm-none-eabi/13.2.1/thumb/v6-m/nofp\libc_nano.a
END GROUP
START GROUP
LOAD C:/Users/totia/.mcuxpressotools/arm-gnu-toolchain-13.2.Rel1-mingw-w64-i686-arm-none-eabi/bin/../lib/gcc/arm-none-eabi/13.2.1/thumb/v6-m/nofp\libgcc.a
LOAD C:/Users/totia/.mcuxpressotools/arm-gnu-toolchain-13.2.Rel1-mingw-w64-i686-arm-none-eabi/bin/../lib/gcc/arm-none-eabi/13.2.1/thumb/v6-m/nofp\libc_nano.a
LOAD C:/Users/totia/.mcuxpressotools/arm-gnu-toolchain-13.2.Rel1-mingw-w64-i686-arm-none-eabi/bin/../lib/gcc/arm-none-eabi/13.2.1/thumb/v6-m/nofp\libnosys.a
END GROUP
START GROUP
LOAD C:/Users/totia/.mcuxpressotools/arm-gnu-toolchain-13.2.Rel1-mingw-w64-i686-arm-none-eabi/bin/../lib/gcc/arm-none-eabi/13.2.1/thumb/v6-m/nofp\libgcc.a
LOAD C:/Users/totia/.mcuxpressotools/arm-gnu-toolchain-13.2.Rel1-mingw-w64-i686-arm-none-eabi/bin/../lib/gcc/arm-none-eabi/13.2.1/thumb/v6-m/nofp\libc_nano.a
LOAD C:/Users/totia/.mcuxpressotools/arm-gnu-toolchain-13.2.Rel1-mingw-w64-i686-arm-none-eabi/bin/../lib/gcc/arm-none-eabi/13.2.1/thumb/v6-m/nofp\libnosys.a
END GROUP
LOAD C:/Users/totia/.mcuxpressotools/arm-gnu-toolchain-13.2.Rel1-mingw-w64-i686-arm-none-eabi/bin/../lib/gcc/arm-none-eabi/13.2.1/thumb/v6-m/nofp/crtend.o
LOAD C:/Users/totia/.mcuxpressotools/arm-gnu-toolchain-13.2.Rel1-mingw-w64-i686-arm-none-eabi/bin/../lib/gcc/arm-none-eabi/13.2.1/thumb/v6-m/nofp/crtn.o
                0x00000400                        HEAP_SIZE = DEFINED (__heap_size__)?__heap_size__:0x400
                0x00000800                        STACK_SIZE = DEFINED (__stack_size__)?__stack_size__:0x800
                0xefffb4f9                        __valid_user_code_checksum = (0x0 - ((((__StackTop + Reset_Handler) + NMI_Handler) + HardFault_Handler) + 0x3))

.interrupts     0x00000000       0xc0
                0x00000000                        . = ALIGN (0x4)
 *(.isr_vector)
 .isr_vector    0x00000000       0xc0 CMakeFiles/new_project.elf.dir/4e71e0e38af02242c99929a0f5db6cc6/workspace_lpc845/sdks/proyecto_final_sdk/devices/LPC845/gcc/startup_LPC845.S.obj
                0x00000000                __Vectors
                0x000000c0                        . = ALIGN (0x4)

.crp            0x000002fc        0x4
                0x000002fc                        . = ALIGN (0x4)
 *(.crp)
 .crp           0x000002fc        0x4 CMakeFiles/new_project.elf.dir/4e71e0e38af02242c99929a0f5db6cc6/workspace_lpc845/sdks/proyecto_final_sdk/devices/LPC845/gcc/startup_LPC845.S.obj
                0x00000300                        . = ALIGN (0x4)

.text           0x00000300     0x1754
                0x00000300                        . = ALIGN (0x4)
 *(.text)
 .text          0x00000300       0x80 C:/Users/totia/.mcuxpressotools/arm-gnu-toolchain-13.2.Rel1-mingw-w64-i686-arm-none-eabi/bin/../lib/gcc/arm-none-eabi/13.2.1/thumb/v6-m/nofp/crt0.o
                0x00000300                _stack_init
                0x0000030c                _start
                0x0000030c                _mainCRTStartup
 .text          0x00000380      0x17c CMakeFiles/new_project.elf.dir/4e71e0e38af02242c99929a0f5db6cc6/workspace_lpc845/sdks/proyecto_final_sdk/devices/LPC845/gcc/startup_LPC845.S.obj
                0x00000380                Reset_Handler
                0x000003cc                BOD_DriverIRQHandler
                0x000003cc                ADC0_OVR_DriverIRQHandler
                0x000003cc                SCT0_DriverIRQHandler
                0x000003cc                DMA0_DriverIRQHandler
                0x000003cc                ADC0_THCMP_DriverIRQHandler
                0x000003cc                SPI1_DriverIRQHandler
                0x000003cc                I2C0_DriverIRQHandler
                0x000003cc                I2C1_DriverIRQHandler
                0x000003cc                PIN_INT1_DriverIRQHandler
                0x000003cc                CMP_CAPT_DriverIRQHandler
                0x000003cc                WDT_DriverIRQHandler
                0x000003cc                I2C3_DriverIRQHandler
                0x000003cc                CTIMER0_DriverIRQHandler
                0x000003cc                PIN_INT3_DriverIRQHandler
                0x000003cc                PIN_INT5_DAC1_DriverIRQHandler
                0x000003cc                PIN_INT2_DriverIRQHandler
                0x000003cc                ADC0_SEQB_DriverIRQHandler
                0x000003cc                I2C2_DriverIRQHandler
                0x000003cc                PIN_INT0_DriverIRQHandler
                0x000003cc                FLASH_DriverIRQHandler
                0x000003cc                Reserved22_DriverIRQHandler
                0x000003cc                SPI0_DriverIRQHandler
                0x000003cc                ADC0_SEQA_DriverIRQHandler
                0x000003cc                WKT_DriverIRQHandler
                0x000003cc                DAC0_DriverIRQHandler
                0x000003cc                MRT0_DriverIRQHandler
                0x000003cc                PIN_INT4_DriverIRQHandler
                0x000003cc                DefaultISR
                0x000003d0                NMI_Handler
                0x000003d4                HardFault_Handler
                0x000003d8                SVC_Handler
                0x000003dc                PendSV_Handler
                0x000003e0                SysTick_Handler
                0x000003e4                SPI0_IRQHandler
                0x000003e8                SPI1_IRQHandler
                0x000003ec                DAC0_IRQHandler
                0x000003f0                USART0_IRQHandler
                0x000003f4                USART1_IRQHandler
                0x000003f8                USART2_IRQHandler
                0x000003fc                Reserved22_IRQHandler
                0x00000400                I2C1_IRQHandler
                0x00000404                I2C0_IRQHandler
                0x00000408                SCT0_IRQHandler
                0x0000040c                MRT0_IRQHandler
                0x00000410                CMP_CAPT_IRQHandler
                0x00000414                WDT_IRQHandler
                0x00000418                BOD_IRQHandler
                0x0000041c                FLASH_IRQHandler
                0x00000420                WKT_IRQHandler
                0x00000424                ADC0_SEQA_IRQHandler
                0x00000428                ADC0_SEQB_IRQHandler
                0x0000042c                ADC0_THCMP_IRQHandler
                0x00000430                ADC0_OVR_IRQHandler
                0x00000434                DMA0_IRQHandler
                0x00000438                I2C2_IRQHandler
                0x0000043c                I2C3_IRQHandler
                0x00000440                CTIMER0_IRQHandler
                0x00000444                PIN_INT0_IRQHandler
                0x00000448                PIN_INT1_IRQHandler
                0x0000044c                PIN_INT2_IRQHandler
                0x00000450                PIN_INT3_IRQHandler
                0x00000454                PIN_INT4_IRQHandler
                0x00000458                PIN_INT5_DAC1_IRQHandler
                0x0000045c                PIN_INT6_USART3_IRQHandler
                0x00000460                PIN_INT7_USART4_IRQHandler
 .text          0x000004fc      0x114 C:/Users/totia/.mcuxpressotools/arm-gnu-toolchain-13.2.Rel1-mingw-w64-i686-arm-none-eabi/bin/../lib/gcc/arm-none-eabi/13.2.1/thumb/v6-m/nofp\libgcc.a(_udivsi3.o)
                0x000004fc                __aeabi_uidiv
                0x000004fc                __udivsi3
                0x00000608                __aeabi_uidivmod
 .text          0x00000610        0x4 C:/Users/totia/.mcuxpressotools/arm-gnu-toolchain-13.2.Rel1-mingw-w64-i686-arm-none-eabi/bin/../lib/gcc/arm-none-eabi/13.2.1/thumb/v6-m/nofp\libgcc.a(_dvmd_tls.o)
                0x00000610                __aeabi_idiv0
                0x00000610                __aeabi_ldiv0
 .text          0x00000614        0xe C:/Users/totia/.mcuxpressotools/arm-gnu-toolchain-13.2.Rel1-mingw-w64-i686-arm-none-eabi/bin/../lib/gcc/arm-none-eabi/13.2.1/thumb/v6-m/nofp\libc_nano.a(libc_a-strlen.o)
                0x00000614                strlen
 *(.text*)
 *fill*         0x00000622        0x2 
 .text.deregister_tm_clones
                0x00000624       0x20 C:/Users/totia/.mcuxpressotools/arm-gnu-toolchain-13.2.Rel1-mingw-w64-i686-arm-none-eabi/bin/../lib/gcc/arm-none-eabi/13.2.1/thumb/v6-m/nofp/crtbegin.o
 .text.register_tm_clones
                0x00000644       0x28 C:/Users/totia/.mcuxpressotools/arm-gnu-toolchain-13.2.Rel1-mingw-w64-i686-arm-none-eabi/bin/../lib/gcc/arm-none-eabi/13.2.1/thumb/v6-m/nofp/crtbegin.o
 .text.__do_global_dtors_aux
                0x0000066c       0x2c C:/Users/totia/.mcuxpressotools/arm-gnu-toolchain-13.2.Rel1-mingw-w64-i686-arm-none-eabi/bin/../lib/gcc/arm-none-eabi/13.2.1/thumb/v6-m/nofp/crtbegin.o
 .text.frame_dummy
                0x00000698       0x24 C:/Users/totia/.mcuxpressotools/arm-gnu-toolchain-13.2.Rel1-mingw-w64-i686-arm-none-eabi/bin/../lib/gcc/arm-none-eabi/13.2.1/thumb/v6-m/nofp/crtbegin.o
 .text.main     0x000006bc        0xc CMakeFiles/new_project.elf.dir/C_/Users/totia/OneDrive/Documentos/GitHub/curso-lse/trabajo_integrador/proyecto_final/main.c.obj
                0x000006bc                main
 .text.CLOCK_EnableClock
                0x000006c8       0x54 CMakeFiles/new_project.elf.dir/C_/Users/totia/OneDrive/Documentos/GitHub/curso-lse/trabajo_integrador/proyecto_final/pin_mux.c.obj
 .text.CLOCK_DisableClock
                0x0000071c       0x58 CMakeFiles/new_project.elf.dir/C_/Users/totia/OneDrive/Documentos/GitHub/curso-lse/trabajo_integrador/proyecto_final/pin_mux.c.obj
 .text.IOCON_PinMuxSet
                0x00000774       0x26 CMakeFiles/new_project.elf.dir/C_/Users/totia/OneDrive/Documentos/GitHub/curso-lse/trabajo_integrador/proyecto_final/pin_mux.c.obj
 .text.BOARD_InitBootPins
                0x0000079a       0x22 CMakeFiles/new_project.elf.dir/C_/Users/totia/OneDrive/Documentos/GitHub/curso-lse/trabajo_integrador/proyecto_final/pin_mux.c.obj
                0x0000079a                BOARD_InitBootPins
 .text.BOARD_InitPins
                0x000007bc        0xa CMakeFiles/new_project.elf.dir/C_/Users/totia/OneDrive/Documentos/GitHub/curso-lse/trabajo_integrador/proyecto_final/pin_mux.c.obj
                0x000007bc                BOARD_InitPins
 *fill*         0x000007c6        0x2 
 .text.BOARD_InitLEDsPins
                0x000007c8       0x98 CMakeFiles/new_project.elf.dir/C_/Users/totia/OneDrive/Documentos/GitHub/curso-lse/trabajo_integrador/proyecto_final/pin_mux.c.obj
                0x000007c8                BOARD_InitLEDsPins
 .text.BOARD_InitDEBUG_UARTPins
                0x00000860       0x60 CMakeFiles/new_project.elf.dir/C_/Users/totia/OneDrive/Documentos/GitHub/curso-lse/trabajo_integrador/proyecto_final/pin_mux.c.obj
                0x00000860                BOARD_InitDEBUG_UARTPins
 .text.BOARD_InitSWD_DEBUGPins
                0x000008c0       0x80 CMakeFiles/new_project.elf.dir/C_/Users/totia/OneDrive/Documentos/GitHub/curso-lse/trabajo_integrador/proyecto_final/pin_mux.c.obj
                0x000008c0                BOARD_InitSWD_DEBUGPins
 .text.BOARD_InitBUTTONsPins
                0x00000940       0x50 CMakeFiles/new_project.elf.dir/C_/Users/totia/OneDrive/Documentos/GitHub/curso-lse/trabajo_integrador/proyecto_final/pin_mux.c.obj
                0x00000940                BOARD_InitBUTTONsPins
 .text.BOARD_InitCAPTPins
                0x00000990       0xa4 CMakeFiles/new_project.elf.dir/C_/Users/totia/OneDrive/Documentos/GitHub/curso-lse/trabajo_integrador/proyecto_final/pin_mux.c.obj
                0x00000990                BOARD_InitCAPTPins
 .text.CLOCK_Select
                0x00000a34       0x38 CMakeFiles/new_project.elf.dir/C_/Users/totia/OneDrive/Documentos/GitHub/curso-lse/trabajo_integrador/proyecto_final/clock_config.c.obj
 .text.CLOCK_SetCoreSysClkDiv
                0x00000a6c       0x4c CMakeFiles/new_project.elf.dir/C_/Users/totia/OneDrive/Documentos/GitHub/curso-lse/trabajo_integrador/proyecto_final/clock_config.c.obj
 .text.CLOCK_SetFroOscFreq
                0x00000ab8       0x24 CMakeFiles/new_project.elf.dir/C_/Users/totia/OneDrive/Documentos/GitHub/curso-lse/trabajo_integrador/proyecto_final/clock_config.c.obj
 .text.POWER_DisablePD
                0x00000adc       0x2c CMakeFiles/new_project.elf.dir/C_/Users/totia/OneDrive/Documentos/GitHub/curso-lse/trabajo_integrador/proyecto_final/clock_config.c.obj
 .text.BOARD_InitBootClocks
                0x00000b08        0xe CMakeFiles/new_project.elf.dir/C_/Users/totia/OneDrive/Documentos/GitHub/curso-lse/trabajo_integrador/proyecto_final/clock_config.c.obj
                0x00000b08                BOARD_InitBootClocks
 *fill*         0x00000b16        0x2 
 .text.BOARD_BootClockFRO18M
                0x00000b18       0x58 CMakeFiles/new_project.elf.dir/C_/Users/totia/OneDrive/Documentos/GitHub/curso-lse/trabajo_integrador/proyecto_final/clock_config.c.obj
                0x00000b18                BOARD_BootClockFRO18M
 .text.BOARD_InitHardware
                0x00000b70       0x12 CMakeFiles/new_project.elf.dir/C_/Users/totia/OneDrive/Documentos/GitHub/curso-lse/trabajo_integrador/proyecto_final/hardware_init.c.obj
                0x00000b70                BOARD_InitHardware
 *fill*         0x00000b82        0x2 
 .text.SystemInit
                0x00000b84       0x2c CMakeFiles/new_project.elf.dir/b2f5765e3116205059112aab3ed77601/curso-lse/workspace_lpc845/sdks/proyecto_final_sdk/devices/LPC845/system_LPC845.c.obj
                0x00000b84                SystemInit
 .text.SystemInitHook
                0x00000bb0        0xa CMakeFiles/new_project.elf.dir/b2f5765e3116205059112aab3ed77601/curso-lse/workspace_lpc845/sdks/proyecto_final_sdk/devices/LPC845/system_LPC845.c.obj
                0x00000bb0                SystemInitHook
 *fill*         0x00000bba        0x2 
 .text.CLOCK_UpdateClkSrc
                0x00000bbc       0x58 CMakeFiles/new_project.elf.dir/4e71e0e38af02242c99929a0f5db6cc6/workspace_lpc845/sdks/proyecto_final_sdk/devices/LPC845/drivers/fsl_clock.c.obj
 .text.CLOCK_SetMainClkSrc
                0x00000c14       0x9c CMakeFiles/new_project.elf.dir/4e71e0e38af02242c99929a0f5db6cc6/workspace_lpc845/sdks/proyecto_final_sdk/devices/LPC845/drivers/fsl_clock.c.obj
                0x00000c14                CLOCK_SetMainClkSrc
 .text.CLOCK_SetFroOutClkSrc
                0x00000cb0       0x48 CMakeFiles/new_project.elf.dir/4e71e0e38af02242c99929a0f5db6cc6/workspace_lpc845/sdks/proyecto_final_sdk/devices/LPC845/drivers/fsl_clock.c.obj
                0x00000cb0                CLOCK_SetFroOutClkSrc
 .text.CLOCK_EnableClock
                0x00000cf8       0x54 CMakeFiles/new_project.elf.dir/4e71e0e38af02242c99929a0f5db6cc6/workspace_lpc845/sdks/proyecto_final_sdk/devices/LPC845/drivers/fsl_gpio.c.obj
 .text.GPIO_EnablePortClock
                0x00000d4c       0x44 CMakeFiles/new_project.elf.dir/4e71e0e38af02242c99929a0f5db6cc6/workspace_lpc845/sdks/proyecto_final_sdk/devices/LPC845/drivers/fsl_gpio.c.obj
 .text.GPIO_PinInit
                0x00000d90       0xc0 CMakeFiles/new_project.elf.dir/4e71e0e38af02242c99929a0f5db6cc6/workspace_lpc845/sdks/proyecto_final_sdk/devices/LPC845/drivers/fsl_gpio.c.obj
                0x00000d90                GPIO_PinInit
 .text.USART0_DriverIRQHandler
                0x00000e50       0x24 CMakeFiles/new_project.elf.dir/4e71e0e38af02242c99929a0f5db6cc6/workspace_lpc845/sdks/proyecto_final_sdk/devices/LPC845/drivers/fsl_usart.c.obj
                0x00000e50                USART0_DriverIRQHandler
 .text.USART1_DriverIRQHandler
                0x00000e74       0x24 CMakeFiles/new_project.elf.dir/4e71e0e38af02242c99929a0f5db6cc6/workspace_lpc845/sdks/proyecto_final_sdk/devices/LPC845/drivers/fsl_usart.c.obj
                0x00000e74                USART1_DriverIRQHandler
 .text.USART2_DriverIRQHandler
                0x00000e98       0x24 CMakeFiles/new_project.elf.dir/4e71e0e38af02242c99929a0f5db6cc6/workspace_lpc845/sdks/proyecto_final_sdk/devices/LPC845/drivers/fsl_usart.c.obj
                0x00000e98                USART2_DriverIRQHandler
 .text.PIN_INT6_USART3_DriverIRQHandler
                0x00000ebc       0x24 CMakeFiles/new_project.elf.dir/4e71e0e38af02242c99929a0f5db6cc6/workspace_lpc845/sdks/proyecto_final_sdk/devices/LPC845/drivers/fsl_usart.c.obj
                0x00000ebc                PIN_INT6_USART3_DriverIRQHandler
 .text.PIN_INT7_USART4_DriverIRQHandler
                0x00000ee0       0x24 CMakeFiles/new_project.elf.dir/4e71e0e38af02242c99929a0f5db6cc6/workspace_lpc845/sdks/proyecto_final_sdk/devices/LPC845/drivers/fsl_usart.c.obj
                0x00000ee0                PIN_INT7_USART4_DriverIRQHandler
 .text.SWM_SetMovablePinSelect
                0x00000f04       0xa8 CMakeFiles/new_project.elf.dir/4e71e0e38af02242c99929a0f5db6cc6/workspace_lpc845/sdks/proyecto_final_sdk/devices/LPC845/drivers/fsl_swm.c.obj
                0x00000f04                SWM_SetMovablePinSelect
 .text.SWM_SetFixedPinSelect
                0x00000fac       0xac CMakeFiles/new_project.elf.dir/4e71e0e38af02242c99929a0f5db6cc6/workspace_lpc845/sdks/proyecto_final_sdk/devices/LPC845/drivers/fsl_swm.c.obj
                0x00000fac                SWM_SetFixedPinSelect
 .text.fsl_assert_hook
                0x00001058       0x16 CMakeFiles/new_project.elf.dir/e50fa42c96dad9d8d207ba90a8b49f56/sdks/proyecto_final_sdk/devices/LPC845/utilities/debug_console_lite/fsl_assert.c.obj
                0x00001058                fsl_assert_hook
 *fill*         0x0000106e        0x2 
 .text.__assert_func
                0x00001070       0x34 CMakeFiles/new_project.elf.dir/e50fa42c96dad9d8d207ba90a8b49f56/sdks/proyecto_final_sdk/devices/LPC845/utilities/debug_console_lite/fsl_assert.c.obj
                0x00001070                __assert_func
 .text.DbgConsole_Printf
                0x000010a4       0x32 CMakeFiles/new_project.elf.dir/ec71fa50d421d79df567cacb05559b0e/devices/LPC845/utilities/debug_console_lite/fsl_debug_console.c.obj
                0x000010a4                DbgConsole_Printf
 *fill*         0x000010d6        0x2 
 .text.DbgConsole_Vprintf
                0x000010d8       0x40 CMakeFiles/new_project.elf.dir/ec71fa50d421d79df567cacb05559b0e/devices/LPC845/utilities/debug_console_lite/fsl_debug_console.c.obj
                0x000010d8                DbgConsole_Vprintf
 .text.DbgConsole_Putchar
                0x00001118       0x30 CMakeFiles/new_project.elf.dir/ec71fa50d421d79df567cacb05559b0e/devices/LPC845/utilities/debug_console_lite/fsl_debug_console.c.obj
                0x00001118                DbgConsole_Putchar
 .text.DbgConsole_PrintfPaddingCharacter
                0x00001148       0x48 CMakeFiles/new_project.elf.dir/ec71fa50d421d79df567cacb05559b0e/devices/LPC845/utilities/debug_console_lite/fsl_debug_console.c.obj
 .text.DbgConsole_ConvertRadixNumToString
                0x00001190       0xc2 CMakeFiles/new_project.elf.dir/ec71fa50d421d79df567cacb05559b0e/devices/LPC845/utilities/debug_console_lite/fsl_debug_console.c.obj
 .text.DbgConsole_PrintfFormattedData
                0x00001252      0x3da CMakeFiles/new_project.elf.dir/ec71fa50d421d79df567cacb05559b0e/devices/LPC845/utilities/debug_console_lite/fsl_debug_console.c.obj
 .text.exit     0x0000162c       0x28 C:/Users/totia/.mcuxpressotools/arm-gnu-toolchain-13.2.Rel1-mingw-w64-i686-arm-none-eabi/bin/../lib/gcc/arm-none-eabi/13.2.1/thumb/v6-m/nofp\libc_nano.a(libc_a-exit.o)
                0x0000162c                exit
 .text.memset   0x00001654       0x10 C:/Users/totia/.mcuxpressotools/arm-gnu-toolchain-13.2.Rel1-mingw-w64-i686-arm-none-eabi/bin/../lib/gcc/arm-none-eabi/13.2.1/thumb/v6-m/nofp\libc_nano.a(libc_a-memset.o)
                0x00001654                memset
 .text.__libc_init_array
                0x00001664       0x48 C:/Users/totia/.mcuxpressotools/arm-gnu-toolchain-13.2.Rel1-mingw-w64-i686-arm-none-eabi/bin/../lib/gcc/arm-none-eabi/13.2.1/thumb/v6-m/nofp\libc_nano.a(libc_a-init.o)
                0x00001664                __libc_init_array
 .text.memcpy   0x000016ac       0x12 C:/Users/totia/.mcuxpressotools/arm-gnu-toolchain-13.2.Rel1-mingw-w64-i686-arm-none-eabi/bin/../lib/gcc/arm-none-eabi/13.2.1/thumb/v6-m/nofp\libc_nano.a(libc_a-memcpy-stub.o)
                0x000016ac                memcpy
 .text._exit    0x000016be        0x2 C:/Users/totia/.mcuxpressotools/arm-gnu-toolchain-13.2.Rel1-mingw-w64-i686-arm-none-eabi/bin/../lib/gcc/arm-none-eabi/13.2.1/../../../../arm-none-eabi/lib/thumb/v6-m/nofp\libcr_newlib_nohost.a(_exit.o)
                0x000016be                _exit
 *(.rodata)
 .rodata        0x000016c0        0x2 CMakeFiles/new_project.elf.dir/C_/Users/totia/OneDrive/Documentos/GitHub/curso-lse/trabajo_integrador/proyecto_final/pin_mux.c.obj
 *fill*         0x000016c2        0x2 
 .rodata        0x000016c4       0x8c CMakeFiles/new_project.elf.dir/C_/Users/totia/OneDrive/Documentos/GitHub/curso-lse/trabajo_integrador/proyecto_final/clock_config.c.obj
 .rodata        0x00001750       0xe0 CMakeFiles/new_project.elf.dir/4e71e0e38af02242c99929a0f5db6cc6/workspace_lpc845/sdks/proyecto_final_sdk/devices/LPC845/drivers/fsl_clock.c.obj
 .rodata        0x00001830       0xa3 CMakeFiles/new_project.elf.dir/4e71e0e38af02242c99929a0f5db6cc6/workspace_lpc845/sdks/proyecto_final_sdk/devices/LPC845/drivers/fsl_gpio.c.obj
 *fill*         0x000018d3        0x1 
 .rodata        0x000018d4       0xae CMakeFiles/new_project.elf.dir/4e71e0e38af02242c99929a0f5db6cc6/workspace_lpc845/sdks/proyecto_final_sdk/devices/LPC845/drivers/fsl_swm.c.obj
 *fill*         0x00001982        0x2 
 .rodata        0x00001984       0x3e CMakeFiles/new_project.elf.dir/e50fa42c96dad9d8d207ba90a8b49f56/sdks/proyecto_final_sdk/devices/LPC845/utilities/debug_console_lite/fsl_assert.c.obj
 *(.rodata*)
 *fill*         0x000019c2        0x2 
 .rodata.__func__.0
                0x000019c4       0x17 CMakeFiles/new_project.elf.dir/C_/Users/totia/OneDrive/Documentos/GitHub/curso-lse/trabajo_integrador/proyecto_final/clock_config.c.obj
 *fill*         0x000019db        0x1 
 .rodata.__func__.2
                0x000019dc       0x13 CMakeFiles/new_project.elf.dir/4e71e0e38af02242c99929a0f5db6cc6/workspace_lpc845/sdks/proyecto_final_sdk/devices/LPC845/drivers/fsl_clock.c.obj
 *fill*         0x000019ef        0x1 
 .rodata.s_gpioClockName
                0x000019f0        0x4 CMakeFiles/new_project.elf.dir/4e71e0e38af02242c99929a0f5db6cc6/workspace_lpc845/sdks/proyecto_final_sdk/devices/LPC845/drivers/fsl_gpio.c.obj
 .rodata.__func__.0
                0x000019f4       0x15 CMakeFiles/new_project.elf.dir/4e71e0e38af02242c99929a0f5db6cc6/workspace_lpc845/sdks/proyecto_final_sdk/devices/LPC845/drivers/fsl_gpio.c.obj
 *fill*         0x00001a09        0x3 
 .rodata.__func__.1
                0x00001a0c       0x18 CMakeFiles/new_project.elf.dir/4e71e0e38af02242c99929a0f5db6cc6/workspace_lpc845/sdks/proyecto_final_sdk/devices/LPC845/drivers/fsl_swm.c.obj
 .rodata.__func__.0
                0x00001a24       0x16 CMakeFiles/new_project.elf.dir/4e71e0e38af02242c99929a0f5db6cc6/workspace_lpc845/sdks/proyecto_final_sdk/devices/LPC845/drivers/fsl_swm.c.obj
 *(.glue_7)
 .glue_7        0x00001a3a        0x0 linker stubs
 *(.glue_7t)
 .glue_7t       0x00001a3a        0x0 linker stubs
 *(.eh_frame)
 *fill*         0x00001a3a        0x2 
 .eh_frame      0x00001a3c        0x0 C:/Users/totia/.mcuxpressotools/arm-gnu-toolchain-13.2.Rel1-mingw-w64-i686-arm-none-eabi/bin/../lib/gcc/arm-none-eabi/13.2.1/thumb/v6-m/nofp/crtbegin.o
 *(.init)
 .init          0x00001a3c        0x4 C:/Users/totia/.mcuxpressotools/arm-gnu-toolchain-13.2.Rel1-mingw-w64-i686-arm-none-eabi/bin/../lib/gcc/arm-none-eabi/13.2.1/thumb/v6-m/nofp/crti.o
                0x00001a3c                _init
 .init          0x00001a40        0x8 C:/Users/totia/.mcuxpressotools/arm-gnu-toolchain-13.2.Rel1-mingw-w64-i686-arm-none-eabi/bin/../lib/gcc/arm-none-eabi/13.2.1/thumb/v6-m/nofp/crtn.o
 *(.fini)
 .fini          0x00001a48        0x4 C:/Users/totia/.mcuxpressotools/arm-gnu-toolchain-13.2.Rel1-mingw-w64-i686-arm-none-eabi/bin/../lib/gcc/arm-none-eabi/13.2.1/thumb/v6-m/nofp/crti.o
                0x00001a48                _fini
 .fini          0x00001a4c        0x8 C:/Users/totia/.mcuxpressotools/arm-gnu-toolchain-13.2.Rel1-mingw-w64-i686-arm-none-eabi/bin/../lib/gcc/arm-none-eabi/13.2.1/thumb/v6-m/nofp/crtn.o
                0x00001a54                        . = ALIGN (0x4)

.vfp11_veneer   0x00001a54        0x0
 .vfp11_veneer  0x00001a54        0x0 linker stubs

.v4_bx          0x00001a54        0x0
 .v4_bx         0x00001a54        0x0 linker stubs

.iplt           0x00001a54        0x0
 .iplt          0x00001a54        0x0 C:/Users/totia/.mcuxpressotools/arm-gnu-toolchain-13.2.Rel1-mingw-w64-i686-arm-none-eabi/bin/../lib/gcc/arm-none-eabi/13.2.1/thumb/v6-m/nofp/crtbegin.o

.ARM.extab
 *(.ARM.extab* .gnu.linkonce.armextab.*)

.ARM            0x00001a54        0x8
                0x00001a54                        __exidx_start = .
 *(.ARM.exidx*)
 .ARM.exidx     0x00001a54        0x8 C:/Users/totia/.mcuxpressotools/arm-gnu-toolchain-13.2.Rel1-mingw-w64-i686-arm-none-eabi/bin/../lib/gcc/arm-none-eabi/13.2.1/thumb/v6-m/nofp/crt0.o
                                 0x10 (size before relaxing)
                0x00001a5c                        __exidx_end = .

.rel.dyn        0x00001a5c        0x0
 .rel.iplt      0x00001a5c        0x0 C:/Users/totia/.mcuxpressotools/arm-gnu-toolchain-13.2.Rel1-mingw-w64-i686-arm-none-eabi/bin/../lib/gcc/arm-none-eabi/13.2.1/thumb/v6-m/nofp/crtbegin.o

.ctors          0x00001a5c        0x0
                0x00001a5c                        __CTOR_LIST__ = .
 *crtbegin.o(.ctors)
 *crtbegin?.o(.ctors)
 *(EXCLUDE_FILE(*crtend.o *crtend?.o) .ctors)
 *(SORT_BY_NAME(.ctors.*))
 *(.ctors)
                0x00001a5c                        __CTOR_END__ = .

.dtors          0x00001a5c        0x0
                0x00001a5c                        __DTOR_LIST__ = .
 *crtbegin.o(.dtors)
 *crtbegin?.o(.dtors)
 *(EXCLUDE_FILE(*crtend.o *crtend?.o) .dtors)
 *(SORT_BY_NAME(.dtors.*))
 *(.dtors)
                0x00001a5c                        __DTOR_END__ = .

.preinit_array  0x00001a5c        0x0
                0x00001a5c                        PROVIDE (__preinit_array_start = .)
 *(.preinit_array*)
                0x00001a5c                        PROVIDE (__preinit_array_end = .)

.init_array     0x00001a5c        0x4
                0x00001a5c                        PROVIDE (__init_array_start = .)
 *(SORT_BY_NAME(.init_array.*))
 *(.init_array*)
 .init_array    0x00001a5c        0x4 C:/Users/totia/.mcuxpressotools/arm-gnu-toolchain-13.2.Rel1-mingw-w64-i686-arm-none-eabi/bin/../lib/gcc/arm-none-eabi/13.2.1/thumb/v6-m/nofp/crtbegin.o
                0x00001a60                        PROVIDE (__init_array_end = .)

.fini_array     0x00001a60        0x4
                [!provide]                        PROVIDE (__fini_array_start = .)
 *(SORT_BY_NAME(.fini_array.*))
 *(.fini_array*)
 .fini_array    0x00001a60        0x4 C:/Users/totia/.mcuxpressotools/arm-gnu-toolchain-13.2.Rel1-mingw-w64-i686-arm-none-eabi/bin/../lib/gcc/arm-none-eabi/13.2.1/thumb/v6-m/nofp/crtbegin.o
                [!provide]                        PROVIDE (__fini_array_end = .)
                0x00001a64                        __etext = .
                0x00001a64                        __DATA_ROM = .

.data           0x10000000        0x4 load address 0x00001a64
                0x10000000                        . = ALIGN (0x4)
                0x10000000                        __DATA_RAM = .
                0x10000000                        __data_start__ = .
 *(.ramfunc*)
 *(.data)
 *(.data*)
 .data.SystemCoreClock
                0x10000000        0x4 CMakeFiles/new_project.elf.dir/b2f5765e3116205059112aab3ed77601/curso-lse/workspace_lpc845/sdks/proyecto_final_sdk/devices/LPC845/system_LPC845.c.obj
                0x10000000                SystemCoreClock
 *(.jcr*)
                0x10000004                        . = ALIGN (0x4)
                0x10000004                        __data_end__ = .
                0x00001a68                        __DATA_END = (__DATA_ROM + (__data_end__ - __data_start__))
                0x00010000                        text_end = (ORIGIN (m_text) + LENGTH (m_text))
                0x00000001                        ASSERT ((__DATA_END <= text_end), region m_text overflowed with text and data)

.tm_clone_table
                0x10000004        0x0 load address 0x00001a68
 .tm_clone_table
                0x10000004        0x0 C:/Users/totia/.mcuxpressotools/arm-gnu-toolchain-13.2.Rel1-mingw-w64-i686-arm-none-eabi/bin/../lib/gcc/arm-none-eabi/13.2.1/thumb/v6-m/nofp/crtbegin.o
 .tm_clone_table
                0x10000004        0x0 C:/Users/totia/.mcuxpressotools/arm-gnu-toolchain-13.2.Rel1-mingw-w64-i686-arm-none-eabi/bin/../lib/gcc/arm-none-eabi/13.2.1/thumb/v6-m/nofp/crtend.o

.igot.plt       0x10000004        0x0 load address 0x00001a68
 .igot.plt      0x10000004        0x0 C:/Users/totia/.mcuxpressotools/arm-gnu-toolchain-13.2.Rel1-mingw-w64-i686-arm-none-eabi/bin/../lib/gcc/arm-none-eabi/13.2.1/thumb/v6-m/nofp/crtbegin.o

.bss            0x10000004       0x4c load address 0x00001a68
                0x10000004                        . = ALIGN (0x4)
                0x10000004                        __START_BSS = .
                0x10000004                        __bss_start__ = .
 *(.bss)
 *(.bss*)
 .bss.completed.1
                0x10000004        0x1 C:/Users/totia/.mcuxpressotools/arm-gnu-toolchain-13.2.Rel1-mingw-w64-i686-arm-none-eabi/bin/../lib/gcc/arm-none-eabi/13.2.1/thumb/v6-m/nofp/crtbegin.o
 *fill*         0x10000005        0x3 
 .bss.object.0  0x10000008       0x18 C:/Users/totia/.mcuxpressotools/arm-gnu-toolchain-13.2.Rel1-mingw-w64-i686-arm-none-eabi/bin/../lib/gcc/arm-none-eabi/13.2.1/thumb/v6-m/nofp/crtbegin.o
 .bss.s_usartHandle
                0x10000020       0x14 CMakeFiles/new_project.elf.dir/4e71e0e38af02242c99929a0f5db6cc6/workspace_lpc845/sdks/proyecto_final_sdk/devices/LPC845/drivers/fsl_usart.c.obj
 .bss.s_usartIsr
                0x10000034        0x4 CMakeFiles/new_project.elf.dir/4e71e0e38af02242c99929a0f5db6cc6/workspace_lpc845/sdks/proyecto_final_sdk/devices/LPC845/drivers/fsl_usart.c.obj
 .bss.s_debugConsole
                0x10000038       0x14 CMakeFiles/new_project.elf.dir/ec71fa50d421d79df567cacb05559b0e/devices/LPC845/utilities/debug_console_lite/fsl_debug_console.c.obj
 .bss.__stdio_exit_handler
                0x1000004c        0x4 C:/Users/totia/.mcuxpressotools/arm-gnu-toolchain-13.2.Rel1-mingw-w64-i686-arm-none-eabi/bin/../lib/gcc/arm-none-eabi/13.2.1/thumb/v6-m/nofp\libc_nano.a(libc_a-findfp.o)
                0x1000004c                __stdio_exit_handler
 *(COMMON)
                0x10000050                        . = ALIGN (0x4)
                0x10000050                        __bss_end__ = .
                0x10000050                        __END_BSS = .

.heap           0x10000050      0x400 load address 0x00001ab4
                0x10000050                        . = ALIGN (0x8)
                0x10000050                        __end__ = .
                0x10000050                        PROVIDE (end = .)
                0x10000050                        __HeapBase = .
                0x10000450                        . = (. + HEAP_SIZE)
 *fill*         0x10000050      0x400 
                0x10000450                        __HeapLimit = .
                0x10000450                        __heap_limit = .

.stack          0x10000450      0x800 load address 0x00001eb4
                0x10000450                        . = ALIGN (0x8)
                0x10000c50                        . = (. + STACK_SIZE)
 *fill*         0x10000450      0x800 
                0x10003fe0                        __StackTop = (ORIGIN (m_data) + LENGTH (m_data))
                0x100037e0                        __StackLimit = (__StackTop - STACK_SIZE)
                0x10003fe0                        PROVIDE (__stack = __StackTop)

.ARM.attributes
                0x00000000       0x28
 *(.ARM.attributes)
 .ARM.attributes
                0x00000000       0x1e C:/Users/totia/.mcuxpressotools/arm-gnu-toolchain-13.2.Rel1-mingw-w64-i686-arm-none-eabi/bin/../lib/gcc/arm-none-eabi/13.2.1/thumb/v6-m/nofp/crti.o
 .ARM.attributes
                0x0000001e       0x2c C:/Users/totia/.mcuxpressotools/arm-gnu-toolchain-13.2.Rel1-mingw-w64-i686-arm-none-eabi/bin/../lib/gcc/arm-none-eabi/13.2.1/thumb/v6-m/nofp/crtbegin.o
 .ARM.attributes
                0x0000004a       0x1b C:/Users/totia/.mcuxpressotools/arm-gnu-toolchain-13.2.Rel1-mingw-w64-i686-arm-none-eabi/bin/../lib/gcc/arm-none-eabi/13.2.1/thumb/v6-m/nofp/crt0.o
 .ARM.attributes
                0x00000065       0x2c CMakeFiles/new_project.elf.dir/C_/Users/totia/OneDrive/Documentos/GitHub/curso-lse/trabajo_integrador/proyecto_final/main.c.obj
 .ARM.attributes
                0x00000091       0x2c CMakeFiles/new_project.elf.dir/C_/Users/totia/OneDrive/Documentos/GitHub/curso-lse/trabajo_integrador/proyecto_final/pin_mux.c.obj
 .ARM.attributes
                0x000000bd       0x2c CMakeFiles/new_project.elf.dir/C_/Users/totia/OneDrive/Documentos/GitHub/curso-lse/trabajo_integrador/proyecto_final/clock_config.c.obj
 .ARM.attributes
                0x000000e9       0x2c CMakeFiles/new_project.elf.dir/C_/Users/totia/OneDrive/Documentos/GitHub/curso-lse/trabajo_integrador/proyecto_final/hardware_init.c.obj
 .ARM.attributes
                0x00000115       0x1b CMakeFiles/new_project.elf.dir/4e71e0e38af02242c99929a0f5db6cc6/workspace_lpc845/sdks/proyecto_final_sdk/devices/LPC845/gcc/startup_LPC845.S.obj
 .ARM.attributes
                0x00000130       0x2c CMakeFiles/new_project.elf.dir/b2f5765e3116205059112aab3ed77601/curso-lse/workspace_lpc845/sdks/proyecto_final_sdk/devices/LPC845/system_LPC845.c.obj
 .ARM.attributes
                0x0000015c       0x2c CMakeFiles/new_project.elf.dir/4e71e0e38af02242c99929a0f5db6cc6/workspace_lpc845/sdks/proyecto_final_sdk/devices/LPC845/drivers/fsl_clock.c.obj
 .ARM.attributes
                0x00000188       0x2c CMakeFiles/new_project.elf.dir/4e71e0e38af02242c99929a0f5db6cc6/workspace_lpc845/sdks/proyecto_final_sdk/devices/LPC845/drivers/fsl_gpio.c.obj
 .ARM.attributes
                0x000001b4       0x2c CMakeFiles/new_project.elf.dir/4e71e0e38af02242c99929a0f5db6cc6/workspace_lpc845/sdks/proyecto_final_sdk/devices/LPC845/drivers/fsl_usart.c.obj
 .ARM.attributes
                0x000001e0       0x2c CMakeFiles/new_project.elf.dir/4e71e0e38af02242c99929a0f5db6cc6/workspace_lpc845/sdks/proyecto_final_sdk/devices/LPC845/drivers/fsl_swm.c.obj
 .ARM.attributes
                0x0000020c       0x2c CMakeFiles/new_project.elf.dir/e50fa42c96dad9d8d207ba90a8b49f56/sdks/proyecto_final_sdk/devices/LPC845/utilities/debug_console_lite/fsl_assert.c.obj
 .ARM.attributes
                0x00000238       0x2c CMakeFiles/new_project.elf.dir/ec71fa50d421d79df567cacb05559b0e/devices/LPC845/utilities/debug_console_lite/fsl_debug_console.c.obj
 .ARM.attributes
                0x00000264       0x1e C:/Users/totia/.mcuxpressotools/arm-gnu-toolchain-13.2.Rel1-mingw-w64-i686-arm-none-eabi/bin/../lib/gcc/arm-none-eabi/13.2.1/thumb/v6-m/nofp\libgcc.a(_udivsi3.o)
 .ARM.attributes
                0x00000282       0x1e C:/Users/totia/.mcuxpressotools/arm-gnu-toolchain-13.2.Rel1-mingw-w64-i686-arm-none-eabi/bin/../lib/gcc/arm-none-eabi/13.2.1/thumb/v6-m/nofp\libgcc.a(_dvmd_tls.o)
 .ARM.attributes
                0x000002a0       0x2c C:/Users/totia/.mcuxpressotools/arm-gnu-toolchain-13.2.Rel1-mingw-w64-i686-arm-none-eabi/bin/../lib/gcc/arm-none-eabi/13.2.1/thumb/v6-m/nofp\libc_nano.a(libc_a-exit.o)
 .ARM.attributes
                0x000002cc       0x2c C:/Users/totia/.mcuxpressotools/arm-gnu-toolchain-13.2.Rel1-mingw-w64-i686-arm-none-eabi/bin/../lib/gcc/arm-none-eabi/13.2.1/thumb/v6-m/nofp\libc_nano.a(libc_a-findfp.o)
 .ARM.attributes
                0x000002f8       0x2c C:/Users/totia/.mcuxpressotools/arm-gnu-toolchain-13.2.Rel1-mingw-w64-i686-arm-none-eabi/bin/../lib/gcc/arm-none-eabi/13.2.1/thumb/v6-m/nofp\libc_nano.a(libc_a-memset.o)
 .ARM.attributes
                0x00000324       0x2c C:/Users/totia/.mcuxpressotools/arm-gnu-toolchain-13.2.Rel1-mingw-w64-i686-arm-none-eabi/bin/../lib/gcc/arm-none-eabi/13.2.1/thumb/v6-m/nofp\libc_nano.a(libc_a-init.o)
 .ARM.attributes
                0x00000350       0x2c C:/Users/totia/.mcuxpressotools/arm-gnu-toolchain-13.2.Rel1-mingw-w64-i686-arm-none-eabi/bin/../lib/gcc/arm-none-eabi/13.2.1/thumb/v6-m/nofp\libc_nano.a(libc_a-memcpy-stub.o)
 .ARM.attributes
                0x0000037c       0x1c C:/Users/totia/.mcuxpressotools/arm-gnu-toolchain-13.2.Rel1-mingw-w64-i686-arm-none-eabi/bin/../lib/gcc/arm-none-eabi/13.2.1/thumb/v6-m/nofp\libc_nano.a(libc_a-strlen.o)
 .ARM.attributes
                0x00000398       0x2c C:/Users/totia/.mcuxpressotools/arm-gnu-toolchain-13.2.Rel1-mingw-w64-i686-arm-none-eabi/bin/../lib/gcc/arm-none-eabi/13.2.1/../../../../arm-none-eabi/lib/thumb/v6-m/nofp\libcr_newlib_nohost.a(_exit.o)
 .ARM.attributes
                0x000003c4       0x2c C:/Users/totia/.mcuxpressotools/arm-gnu-toolchain-13.2.Rel1-mingw-w64-i686-arm-none-eabi/bin/../lib/gcc/arm-none-eabi/13.2.1/thumb/v6-m/nofp/crtend.o
 .ARM.attributes
                0x000003f0       0x1e C:/Users/totia/.mcuxpressotools/arm-gnu-toolchain-13.2.Rel1-mingw-w64-i686-arm-none-eabi/bin/../lib/gcc/arm-none-eabi/13.2.1/thumb/v6-m/nofp/crtn.o
                0x00000001                        ASSERT ((__StackLimit >= __HeapLimit), region m_data overflowed with stack and heap)
OUTPUT(new_project.elf elf32-littlearm)
LOAD linker stubs

.debug_line_str
                0x00000000      0x366
 .debug_line_str
                0x00000000      0x366 C:/Users/totia/.mcuxpressotools/arm-gnu-toolchain-13.2.Rel1-mingw-w64-i686-arm-none-eabi/bin/../lib/gcc/arm-none-eabi/13.2.1/thumb/v6-m/nofp/crt0.o
                                 0xd2 (size before relaxing)
 .debug_line_str
                0x00000366       0xe4 CMakeFiles/new_project.elf.dir/4e71e0e38af02242c99929a0f5db6cc6/workspace_lpc845/sdks/proyecto_final_sdk/devices/LPC845/gcc/startup_LPC845.S.obj
 .debug_line_str
                0x00000366       0xc9 C:/Users/totia/.mcuxpressotools/arm-gnu-toolchain-13.2.Rel1-mingw-w64-i686-arm-none-eabi/bin/../lib/gcc/arm-none-eabi/13.2.1/thumb/v6-m/nofp\libgcc.a(_udivsi3.o)
 .debug_line_str
                0x00000366       0xc9 C:/Users/totia/.mcuxpressotools/arm-gnu-toolchain-13.2.Rel1-mingw-w64-i686-arm-none-eabi/bin/../lib/gcc/arm-none-eabi/13.2.1/thumb/v6-m/nofp\libgcc.a(_dvmd_tls.o)
 .debug_line_str
                0x00000366       0xe7 C:/Users/totia/.mcuxpressotools/arm-gnu-toolchain-13.2.Rel1-mingw-w64-i686-arm-none-eabi/bin/../lib/gcc/arm-none-eabi/13.2.1/thumb/v6-m/nofp\libc_nano.a(libc_a-strlen.o)

.debug_info     0x00000000     0x7a59
 .debug_info    0x00000000       0x92 CMakeFiles/new_project.elf.dir/C_/Users/totia/OneDrive/Documentos/GitHub/curso-lse/trabajo_integrador/proyecto_final/main.c.obj
 .debug_info    0x00000092     0x10b7 CMakeFiles/new_project.elf.dir/C_/Users/totia/OneDrive/Documentos/GitHub/curso-lse/trabajo_integrador/proyecto_final/pin_mux.c.obj
 .debug_info    0x00001149      0xa3e CMakeFiles/new_project.elf.dir/C_/Users/totia/OneDrive/Documentos/GitHub/curso-lse/trabajo_integrador/proyecto_final/clock_config.c.obj
 .debug_info    0x00001b87       0x94 CMakeFiles/new_project.elf.dir/C_/Users/totia/OneDrive/Documentos/GitHub/curso-lse/trabajo_integrador/proyecto_final/hardware_init.c.obj
 .debug_info    0x00001c1b      0x37b CMakeFiles/new_project.elf.dir/4e71e0e38af02242c99929a0f5db6cc6/workspace_lpc845/sdks/proyecto_final_sdk/devices/LPC845/gcc/startup_LPC845.S.obj
 .debug_info    0x00001f96      0x60e CMakeFiles/new_project.elf.dir/b2f5765e3116205059112aab3ed77601/curso-lse/workspace_lpc845/sdks/proyecto_final_sdk/devices/LPC845/system_LPC845.c.obj
 .debug_info    0x000025a4     0x12f9 CMakeFiles/new_project.elf.dir/4e71e0e38af02242c99929a0f5db6cc6/workspace_lpc845/sdks/proyecto_final_sdk/devices/LPC845/drivers/fsl_clock.c.obj
 .debug_info    0x0000389d      0xde8 CMakeFiles/new_project.elf.dir/4e71e0e38af02242c99929a0f5db6cc6/workspace_lpc845/sdks/proyecto_final_sdk/devices/LPC845/drivers/fsl_gpio.c.obj
 .debug_info    0x00004685     0x1dce CMakeFiles/new_project.elf.dir/4e71e0e38af02242c99929a0f5db6cc6/workspace_lpc845/sdks/proyecto_final_sdk/devices/LPC845/drivers/fsl_usart.c.obj
 .debug_info    0x00006453      0x76a CMakeFiles/new_project.elf.dir/4e71e0e38af02242c99929a0f5db6cc6/workspace_lpc845/sdks/proyecto_final_sdk/devices/LPC845/drivers/fsl_swm.c.obj
 .debug_info    0x00006bbd      0x126 CMakeFiles/new_project.elf.dir/e50fa42c96dad9d8d207ba90a8b49f56/sdks/proyecto_final_sdk/devices/LPC845/utilities/debug_console_lite/fsl_assert.c.obj
 .debug_info    0x00006ce3      0xcd3 CMakeFiles/new_project.elf.dir/ec71fa50d421d79df567cacb05559b0e/devices/LPC845/utilities/debug_console_lite/fsl_debug_console.c.obj
 .debug_info    0x000079b6       0xa3 C:/Users/totia/.mcuxpressotools/arm-gnu-toolchain-13.2.Rel1-mingw-w64-i686-arm-none-eabi/bin/../lib/gcc/arm-none-eabi/13.2.1/../../../../arm-none-eabi/lib/thumb/v6-m/nofp\libcr_newlib_nohost.a(_exit.o)

.debug_abbrev   0x00000000     0x14ae
 .debug_abbrev  0x00000000       0x58 CMakeFiles/new_project.elf.dir/C_/Users/totia/OneDrive/Documentos/GitHub/curso-lse/trabajo_integrador/proyecto_final/main.c.obj
 .debug_abbrev  0x00000058      0x273 CMakeFiles/new_project.elf.dir/C_/Users/totia/OneDrive/Documentos/GitHub/curso-lse/trabajo_integrador/proyecto_final/pin_mux.c.obj
 .debug_abbrev  0x000002cb      0x270 CMakeFiles/new_project.elf.dir/C_/Users/totia/OneDrive/Documentos/GitHub/curso-lse/trabajo_integrador/proyecto_final/clock_config.c.obj
 .debug_abbrev  0x0000053b       0x57 CMakeFiles/new_project.elf.dir/C_/Users/totia/OneDrive/Documentos/GitHub/curso-lse/trabajo_integrador/proyecto_final/hardware_init.c.obj
 .debug_abbrev  0x00000592       0x26 CMakeFiles/new_project.elf.dir/4e71e0e38af02242c99929a0f5db6cc6/workspace_lpc845/sdks/proyecto_final_sdk/devices/LPC845/gcc/startup_LPC845.S.obj
 .debug_abbrev  0x000005b8      0x16b CMakeFiles/new_project.elf.dir/b2f5765e3116205059112aab3ed77601/curso-lse/workspace_lpc845/sdks/proyecto_final_sdk/devices/LPC845/system_LPC845.c.obj
 .debug_abbrev  0x00000723      0x343 CMakeFiles/new_project.elf.dir/4e71e0e38af02242c99929a0f5db6cc6/workspace_lpc845/sdks/proyecto_final_sdk/devices/LPC845/drivers/fsl_clock.c.obj
 .debug_abbrev  0x00000a66      0x1e8 CMakeFiles/new_project.elf.dir/4e71e0e38af02242c99929a0f5db6cc6/workspace_lpc845/sdks/proyecto_final_sdk/devices/LPC845/drivers/fsl_gpio.c.obj
 .debug_abbrev  0x00000c4e      0x38f CMakeFiles/new_project.elf.dir/4e71e0e38af02242c99929a0f5db6cc6/workspace_lpc845/sdks/proyecto_final_sdk/devices/LPC845/drivers/fsl_usart.c.obj
 .debug_abbrev  0x00000fdd      0x180 CMakeFiles/new_project.elf.dir/4e71e0e38af02242c99929a0f5db6cc6/workspace_lpc845/sdks/proyecto_final_sdk/devices/LPC845/drivers/fsl_swm.c.obj
 .debug_abbrev  0x0000115d       0xa8 CMakeFiles/new_project.elf.dir/e50fa42c96dad9d8d207ba90a8b49f56/sdks/proyecto_final_sdk/devices/LPC845/utilities/debug_console_lite/fsl_assert.c.obj
 .debug_abbrev  0x00001205      0x242 CMakeFiles/new_project.elf.dir/ec71fa50d421d79df567cacb05559b0e/devices/LPC845/utilities/debug_console_lite/fsl_debug_console.c.obj
 .debug_abbrev  0x00001447       0x67 C:/Users/totia/.mcuxpressotools/arm-gnu-toolchain-13.2.Rel1-mingw-w64-i686-arm-none-eabi/bin/../lib/gcc/arm-none-eabi/13.2.1/../../../../arm-none-eabi/lib/thumb/v6-m/nofp\libcr_newlib_nohost.a(_exit.o)

.debug_aranges  0x00000000      0x4a8
 .debug_aranges
                0x00000000       0x20 CMakeFiles/new_project.elf.dir/C_/Users/totia/OneDrive/Documentos/GitHub/curso-lse/trabajo_integrador/proyecto_final/main.c.obj
 .debug_aranges
                0x00000020       0x68 CMakeFiles/new_project.elf.dir/C_/Users/totia/OneDrive/Documentos/GitHub/curso-lse/trabajo_integrador/proyecto_final/pin_mux.c.obj
 .debug_aranges
                0x00000088       0x60 CMakeFiles/new_project.elf.dir/C_/Users/totia/OneDrive/Documentos/GitHub/curso-lse/trabajo_integrador/proyecto_final/clock_config.c.obj
 .debug_aranges
                0x000000e8       0x20 CMakeFiles/new_project.elf.dir/C_/Users/totia/OneDrive/Documentos/GitHub/curso-lse/trabajo_integrador/proyecto_final/hardware_init.c.obj
 .debug_aranges
                0x00000108       0x20 CMakeFiles/new_project.elf.dir/4e71e0e38af02242c99929a0f5db6cc6/workspace_lpc845/sdks/proyecto_final_sdk/devices/LPC845/gcc/startup_LPC845.S.obj
 .debug_aranges
                0x00000128       0x30 CMakeFiles/new_project.elf.dir/b2f5765e3116205059112aab3ed77601/curso-lse/workspace_lpc845/sdks/proyecto_final_sdk/devices/LPC845/system_LPC845.c.obj
 .debug_aranges
                0x00000158      0x108 CMakeFiles/new_project.elf.dir/4e71e0e38af02242c99929a0f5db6cc6/workspace_lpc845/sdks/proyecto_final_sdk/devices/LPC845/drivers/fsl_clock.c.obj
 .debug_aranges
                0x00000260       0x38 CMakeFiles/new_project.elf.dir/4e71e0e38af02242c99929a0f5db6cc6/workspace_lpc845/sdks/proyecto_final_sdk/devices/LPC845/drivers/fsl_gpio.c.obj
 .debug_aranges
                0x00000298      0x128 CMakeFiles/new_project.elf.dir/4e71e0e38af02242c99929a0f5db6cc6/workspace_lpc845/sdks/proyecto_final_sdk/devices/LPC845/drivers/fsl_usart.c.obj
 .debug_aranges
                0x000003c0       0x28 CMakeFiles/new_project.elf.dir/4e71e0e38af02242c99929a0f5db6cc6/workspace_lpc845/sdks/proyecto_final_sdk/devices/LPC845/drivers/fsl_swm.c.obj
 .debug_aranges
                0x000003e8       0x28 CMakeFiles/new_project.elf.dir/e50fa42c96dad9d8d207ba90a8b49f56/sdks/proyecto_final_sdk/devices/LPC845/utilities/debug_console_lite/fsl_assert.c.obj
 .debug_aranges
                0x00000410       0x78 CMakeFiles/new_project.elf.dir/ec71fa50d421d79df567cacb05559b0e/devices/LPC845/utilities/debug_console_lite/fsl_debug_console.c.obj
 .debug_aranges
                0x00000488       0x20 C:/Users/totia/.mcuxpressotools/arm-gnu-toolchain-13.2.Rel1-mingw-w64-i686-arm-none-eabi/bin/../lib/gcc/arm-none-eabi/13.2.1/../../../../arm-none-eabi/lib/thumb/v6-m/nofp\libcr_newlib_nohost.a(_exit.o)

.debug_rnglists
                0x00000000      0x333
 .debug_rnglists
                0x00000000       0x13 CMakeFiles/new_project.elf.dir/C_/Users/totia/OneDrive/Documentos/GitHub/curso-lse/trabajo_integrador/proyecto_final/main.c.obj
 .debug_rnglists
                0x00000013       0x4c CMakeFiles/new_project.elf.dir/C_/Users/totia/OneDrive/Documentos/GitHub/curso-lse/trabajo_integrador/proyecto_final/pin_mux.c.obj
 .debug_rnglists
                0x0000005f       0x43 CMakeFiles/new_project.elf.dir/C_/Users/totia/OneDrive/Documentos/GitHub/curso-lse/trabajo_integrador/proyecto_final/clock_config.c.obj
 .debug_rnglists
                0x000000a2       0x13 CMakeFiles/new_project.elf.dir/C_/Users/totia/OneDrive/Documentos/GitHub/curso-lse/trabajo_integrador/proyecto_final/hardware_init.c.obj
 .debug_rnglists
                0x000000b5       0x20 CMakeFiles/new_project.elf.dir/b2f5765e3116205059112aab3ed77601/curso-lse/workspace_lpc845/sdks/proyecto_final_sdk/devices/LPC845/system_LPC845.c.obj
 .debug_rnglists
                0x000000d5       0xc9 CMakeFiles/new_project.elf.dir/4e71e0e38af02242c99929a0f5db6cc6/workspace_lpc845/sdks/proyecto_final_sdk/devices/LPC845/drivers/fsl_clock.c.obj
 .debug_rnglists
                0x0000019e       0x26 CMakeFiles/new_project.elf.dir/4e71e0e38af02242c99929a0f5db6cc6/workspace_lpc845/sdks/proyecto_final_sdk/devices/LPC845/drivers/fsl_gpio.c.obj
 .debug_rnglists
                0x000001c4       0xe2 CMakeFiles/new_project.elf.dir/4e71e0e38af02242c99929a0f5db6cc6/workspace_lpc845/sdks/proyecto_final_sdk/devices/LPC845/drivers/fsl_usart.c.obj
 .debug_rnglists
                0x000002a6       0x1b CMakeFiles/new_project.elf.dir/4e71e0e38af02242c99929a0f5db6cc6/workspace_lpc845/sdks/proyecto_final_sdk/devices/LPC845/drivers/fsl_swm.c.obj
 .debug_rnglists
                0x000002c1       0x19 CMakeFiles/new_project.elf.dir/e50fa42c96dad9d8d207ba90a8b49f56/sdks/proyecto_final_sdk/devices/LPC845/utilities/debug_console_lite/fsl_assert.c.obj
 .debug_rnglists
                0x000002da       0x59 CMakeFiles/new_project.elf.dir/ec71fa50d421d79df567cacb05559b0e/devices/LPC845/utilities/debug_console_lite/fsl_debug_console.c.obj

.debug_line     0x00000000     0x3b6e
 .debug_line    0x00000000       0x9d CMakeFiles/new_project.elf.dir/C_/Users/totia/OneDrive/Documentos/GitHub/curso-lse/trabajo_integrador/proyecto_final/main.c.obj
 .debug_line    0x0000009d      0x4a8 CMakeFiles/new_project.elf.dir/C_/Users/totia/OneDrive/Documentos/GitHub/curso-lse/trabajo_integrador/proyecto_final/pin_mux.c.obj
 .debug_line    0x00000545      0x4df CMakeFiles/new_project.elf.dir/C_/Users/totia/OneDrive/Documentos/GitHub/curso-lse/trabajo_integrador/proyecto_final/clock_config.c.obj
 .debug_line    0x00000a24       0xbd CMakeFiles/new_project.elf.dir/C_/Users/totia/OneDrive/Documentos/GitHub/curso-lse/trabajo_integrador/proyecto_final/hardware_init.c.obj
 .debug_line    0x00000ae1      0x136 CMakeFiles/new_project.elf.dir/4e71e0e38af02242c99929a0f5db6cc6/workspace_lpc845/sdks/proyecto_final_sdk/devices/LPC845/gcc/startup_LPC845.S.obj
 .debug_line    0x00000c17      0x460 CMakeFiles/new_project.elf.dir/b2f5765e3116205059112aab3ed77601/curso-lse/workspace_lpc845/sdks/proyecto_final_sdk/devices/LPC845/system_LPC845.c.obj
 .debug_line    0x00001077      0xabc CMakeFiles/new_project.elf.dir/4e71e0e38af02242c99929a0f5db6cc6/workspace_lpc845/sdks/proyecto_final_sdk/devices/LPC845/drivers/fsl_clock.c.obj
 .debug_line    0x00001b33      0x3a8 CMakeFiles/new_project.elf.dir/4e71e0e38af02242c99929a0f5db6cc6/workspace_lpc845/sdks/proyecto_final_sdk/devices/LPC845/drivers/fsl_gpio.c.obj
 .debug_line    0x00001edb      0xe6a CMakeFiles/new_project.elf.dir/4e71e0e38af02242c99929a0f5db6cc6/workspace_lpc845/sdks/proyecto_final_sdk/devices/LPC845/drivers/fsl_usart.c.obj
 .debug_line    0x00002d45      0x373 CMakeFiles/new_project.elf.dir/4e71e0e38af02242c99929a0f5db6cc6/workspace_lpc845/sdks/proyecto_final_sdk/devices/LPC845/drivers/fsl_swm.c.obj
 .debug_line    0x000030b8      0x17b CMakeFiles/new_project.elf.dir/e50fa42c96dad9d8d207ba90a8b49f56/sdks/proyecto_final_sdk/devices/LPC845/utilities/debug_console_lite/fsl_assert.c.obj
 .debug_line    0x00003233      0x8f7 CMakeFiles/new_project.elf.dir/ec71fa50d421d79df567cacb05559b0e/devices/LPC845/utilities/debug_console_lite/fsl_debug_console.c.obj
 .debug_line    0x00003b2a       0x44 C:/Users/totia/.mcuxpressotools/arm-gnu-toolchain-13.2.Rel1-mingw-w64-i686-arm-none-eabi/bin/../lib/gcc/arm-none-eabi/13.2.1/../../../../arm-none-eabi/lib/thumb/v6-m/nofp\libcr_newlib_nohost.a(_exit.o)

.debug_str      0x00000000     0x54c9
 .debug_str     0x00000000     0x54c9 CMakeFiles/new_project.elf.dir/C_/Users/totia/OneDrive/Documentos/GitHub/curso-lse/trabajo_integrador/proyecto_final/main.c.obj
                                0x236 (size before relaxing)
 .debug_str     0x000054c9     0x14cd CMakeFiles/new_project.elf.dir/C_/Users/totia/OneDrive/Documentos/GitHub/curso-lse/trabajo_integrador/proyecto_final/pin_mux.c.obj
 .debug_str     0x000054c9     0x102f CMakeFiles/new_project.elf.dir/C_/Users/totia/OneDrive/Documentos/GitHub/curso-lse/trabajo_integrador/proyecto_final/clock_config.c.obj
 .debug_str     0x000054c9      0x262 CMakeFiles/new_project.elf.dir/C_/Users/totia/OneDrive/Documentos/GitHub/curso-lse/trabajo_integrador/proyecto_final/hardware_init.c.obj
 .debug_str     0x000054c9      0x6c4 CMakeFiles/new_project.elf.dir/4e71e0e38af02242c99929a0f5db6cc6/workspace_lpc845/sdks/proyecto_final_sdk/devices/LPC845/gcc/startup_LPC845.S.obj
 .debug_str     0x000054c9      0x5db CMakeFiles/new_project.elf.dir/b2f5765e3116205059112aab3ed77601/curso-lse/workspace_lpc845/sdks/proyecto_final_sdk/devices/LPC845/system_LPC845.c.obj
 .debug_str     0x000054c9     0x188e CMakeFiles/new_project.elf.dir/4e71e0e38af02242c99929a0f5db6cc6/workspace_lpc845/sdks/proyecto_final_sdk/devices/LPC845/drivers/fsl_clock.c.obj
 .debug_str     0x000054c9     0x1595 CMakeFiles/new_project.elf.dir/4e71e0e38af02242c99929a0f5db6cc6/workspace_lpc845/sdks/proyecto_final_sdk/devices/LPC845/drivers/fsl_gpio.c.obj
 .debug_str     0x000054c9     0x24a1 CMakeFiles/new_project.elf.dir/4e71e0e38af02242c99929a0f5db6cc6/workspace_lpc845/sdks/proyecto_final_sdk/devices/LPC845/drivers/fsl_usart.c.obj
 .debug_str     0x000054c9      0xe3c CMakeFiles/new_project.elf.dir/4e71e0e38af02242c99929a0f5db6cc6/workspace_lpc845/sdks/proyecto_final_sdk/devices/LPC845/drivers/fsl_swm.c.obj
 .debug_str     0x000054c9      0x2a1 CMakeFiles/new_project.elf.dir/e50fa42c96dad9d8d207ba90a8b49f56/sdks/proyecto_final_sdk/devices/LPC845/utilities/debug_console_lite/fsl_assert.c.obj
 .debug_str     0x000054c9     0x143b CMakeFiles/new_project.elf.dir/ec71fa50d421d79df567cacb05559b0e/devices/LPC845/utilities/debug_console_lite/fsl_debug_console.c.obj
 .debug_str     0x000054c9      0x1b8 C:/Users/totia/.mcuxpressotools/arm-gnu-toolchain-13.2.Rel1-mingw-w64-i686-arm-none-eabi/bin/../lib/gcc/arm-none-eabi/13.2.1/../../../../arm-none-eabi/lib/thumb/v6-m/nofp\libcr_newlib_nohost.a(_exit.o)

.comment        0x00000000       0x44
 .comment       0x00000000       0x44 CMakeFiles/new_project.elf.dir/C_/Users/totia/OneDrive/Documentos/GitHub/curso-lse/trabajo_integrador/proyecto_final/main.c.obj
                                 0x45 (size before relaxing)
 .comment       0x00000044       0x45 CMakeFiles/new_project.elf.dir/C_/Users/totia/OneDrive/Documentos/GitHub/curso-lse/trabajo_integrador/proyecto_final/pin_mux.c.obj
 .comment       0x00000044       0x45 CMakeFiles/new_project.elf.dir/C_/Users/totia/OneDrive/Documentos/GitHub/curso-lse/trabajo_integrador/proyecto_final/clock_config.c.obj
 .comment       0x00000044       0x45 CMakeFiles/new_project.elf.dir/C_/Users/totia/OneDrive/Documentos/GitHub/curso-lse/trabajo_integrador/proyecto_final/hardware_init.c.obj
 .comment       0x00000044       0x45 CMakeFiles/new_project.elf.dir/b2f5765e3116205059112aab3ed77601/curso-lse/workspace_lpc845/sdks/proyecto_final_sdk/devices/LPC845/system_LPC845.c.obj
 .comment       0x00000044       0x45 CMakeFiles/new_project.elf.dir/4e71e0e38af02242c99929a0f5db6cc6/workspace_lpc845/sdks/proyecto_final_sdk/devices/LPC845/drivers/fsl_clock.c.obj
 .comment       0x00000044       0x45 CMakeFiles/new_project.elf.dir/4e71e0e38af02242c99929a0f5db6cc6/workspace_lpc845/sdks/proyecto_final_sdk/devices/LPC845/drivers/fsl_gpio.c.obj
 .comment       0x00000044       0x45 CMakeFiles/new_project.elf.dir/4e71e0e38af02242c99929a0f5db6cc6/workspace_lpc845/sdks/proyecto_final_sdk/devices/LPC845/drivers/fsl_usart.c.obj
 .comment       0x00000044       0x45 CMakeFiles/new_project.elf.dir/4e71e0e38af02242c99929a0f5db6cc6/workspace_lpc845/sdks/proyecto_final_sdk/devices/LPC845/drivers/fsl_swm.c.obj
 .comment       0x00000044       0x45 CMakeFiles/new_project.elf.dir/e50fa42c96dad9d8d207ba90a8b49f56/sdks/proyecto_final_sdk/devices/LPC845/utilities/debug_console_lite/fsl_assert.c.obj
 .comment       0x00000044       0x45 CMakeFiles/new_project.elf.dir/ec71fa50d421d79df567cacb05559b0e/devices/LPC845/utilities/debug_console_lite/fsl_debug_console.c.obj
 .comment       0x00000044       0x45 C:/Users/totia/.mcuxpressotools/arm-gnu-toolchain-13.2.Rel1-mingw-w64-i686-arm-none-eabi/bin/../lib/gcc/arm-none-eabi/13.2.1/../../../../arm-none-eabi/lib/thumb/v6-m/nofp\libcr_newlib_nohost.a(_exit.o)

.debug_frame    0x00000000     0x1004
 .debug_frame   0x00000000       0x2c CMakeFiles/new_project.elf.dir/C_/Users/totia/OneDrive/Documentos/GitHub/curso-lse/trabajo_integrador/proyecto_final/main.c.obj
 .debug_frame   0x0000002c      0x148 CMakeFiles/new_project.elf.dir/C_/Users/totia/OneDrive/Documentos/GitHub/curso-lse/trabajo_integrador/proyecto_final/pin_mux.c.obj
 .debug_frame   0x00000174      0x120 CMakeFiles/new_project.elf.dir/C_/Users/totia/OneDrive/Documentos/GitHub/curso-lse/trabajo_integrador/proyecto_final/clock_config.c.obj
 .debug_frame   0x00000294       0x2c CMakeFiles/new_project.elf.dir/C_/Users/totia/OneDrive/Documentos/GitHub/curso-lse/trabajo_integrador/proyecto_final/hardware_init.c.obj
 .debug_frame   0x000002c0       0x68 CMakeFiles/new_project.elf.dir/b2f5765e3116205059112aab3ed77601/curso-lse/workspace_lpc845/sdks/proyecto_final_sdk/devices/LPC845/system_LPC845.c.obj
 .debug_frame   0x00000328      0x3cc CMakeFiles/new_project.elf.dir/4e71e0e38af02242c99929a0f5db6cc6/workspace_lpc845/sdks/proyecto_final_sdk/devices/LPC845/drivers/fsl_clock.c.obj
 .debug_frame   0x000006f4       0x90 CMakeFiles/new_project.elf.dir/4e71e0e38af02242c99929a0f5db6cc6/workspace_lpc845/sdks/proyecto_final_sdk/devices/LPC845/drivers/fsl_gpio.c.obj
 .debug_frame   0x00000784      0x43c CMakeFiles/new_project.elf.dir/4e71e0e38af02242c99929a0f5db6cc6/workspace_lpc845/sdks/proyecto_final_sdk/devices/LPC845/drivers/fsl_usart.c.obj
 .debug_frame   0x00000bc0       0x50 CMakeFiles/new_project.elf.dir/4e71e0e38af02242c99929a0f5db6cc6/workspace_lpc845/sdks/proyecto_final_sdk/devices/LPC845/drivers/fsl_swm.c.obj
 .debug_frame   0x00000c10       0x50 CMakeFiles/new_project.elf.dir/e50fa42c96dad9d8d207ba90a8b49f56/sdks/proyecto_final_sdk/devices/LPC845/utilities/debug_console_lite/fsl_assert.c.obj
 .debug_frame   0x00000c60      0x190 CMakeFiles/new_project.elf.dir/ec71fa50d421d79df567cacb05559b0e/devices/LPC845/utilities/debug_console_lite/fsl_debug_console.c.obj
 .debug_frame   0x00000df0       0x20 C:/Users/totia/.mcuxpressotools/arm-gnu-toolchain-13.2.Rel1-mingw-w64-i686-arm-none-eabi/bin/../lib/gcc/arm-none-eabi/13.2.1/thumb/v6-m/nofp\libgcc.a(_udivsi3.o)
 .debug_frame   0x00000e10       0x28 C:/Users/totia/.mcuxpressotools/arm-gnu-toolchain-13.2.Rel1-mingw-w64-i686-arm-none-eabi/bin/../lib/gcc/arm-none-eabi/13.2.1/thumb/v6-m/nofp\libc_nano.a(libc_a-exit.o)
 .debug_frame   0x00000e38      0x138 C:/Users/totia/.mcuxpressotools/arm-gnu-toolchain-13.2.Rel1-mingw-w64-i686-arm-none-eabi/bin/../lib/gcc/arm-none-eabi/13.2.1/thumb/v6-m/nofp\libc_nano.a(libc_a-findfp.o)
 .debug_frame   0x00000f70       0x20 C:/Users/totia/.mcuxpressotools/arm-gnu-toolchain-13.2.Rel1-mingw-w64-i686-arm-none-eabi/bin/../lib/gcc/arm-none-eabi/13.2.1/thumb/v6-m/nofp\libc_nano.a(libc_a-memset.o)
 .debug_frame   0x00000f90       0x2c C:/Users/totia/.mcuxpressotools/arm-gnu-toolchain-13.2.Rel1-mingw-w64-i686-arm-none-eabi/bin/../lib/gcc/arm-none-eabi/13.2.1/thumb/v6-m/nofp\libc_nano.a(libc_a-init.o)
 .debug_frame   0x00000fbc       0x28 C:/Users/totia/.mcuxpressotools/arm-gnu-toolchain-13.2.Rel1-mingw-w64-i686-arm-none-eabi/bin/../lib/gcc/arm-none-eabi/13.2.1/thumb/v6-m/nofp\libc_nano.a(libc_a-memcpy-stub.o)
 .debug_frame   0x00000fe4       0x20 C:/Users/totia/.mcuxpressotools/arm-gnu-toolchain-13.2.Rel1-mingw-w64-i686-arm-none-eabi/bin/../lib/gcc/arm-none-eabi/13.2.1/../../../../arm-none-eabi/lib/thumb/v6-m/nofp\libcr_newlib_nohost.a(_exit.o)

.debug_loc      0x00000000       0x15
 .debug_loc     0x00000000       0x15 C:/Users/totia/.mcuxpressotools/arm-gnu-toolchain-13.2.Rel1-mingw-w64-i686-arm-none-eabi/bin/../lib/gcc/arm-none-eabi/13.2.1/../../../../arm-none-eabi/lib/thumb/v6-m/nofp\libcr_newlib_nohost.a(_exit.o)

.debug_ranges   0x00000000       0x10
 .debug_ranges  0x00000000       0x10 C:/Users/totia/.mcuxpressotools/arm-gnu-toolchain-13.2.Rel1-mingw-w64-i686-arm-none-eabi/bin/../lib/gcc/arm-none-eabi/13.2.1/../../../../arm-none-eabi/lib/thumb/v6-m/nofp\libcr_newlib_nohost.a(_exit.o)
