Archive member included to satisfy reference by file (symbol)

C:/Users/totia/.mcuxpressotools/arm-gnu-toolchain-13.2.Rel1-mingw-w64-i686-arm-none-eabi/bin/../lib/gcc/arm-none-eabi/13.2.1/thumb/v6-m/nofp\libgcc.a(_udivsi3.o)
                              CMakeFiles/new_project.elf.dir/C_/Users/totia/OneDrive/Documentos/GitHub/curso-lse/workspace_lpc845/04_alarma/main.c.obj (__aeabi_uidiv)
C:/Users/totia/.mcuxpressotools/arm-gnu-toolchain-13.2.Rel1-mingw-w64-i686-arm-none-eabi/bin/../lib/gcc/arm-none-eabi/13.2.1/thumb/v6-m/nofp\libgcc.a(_dvmd_tls.o)
                              C:/Users/totia/.mcuxpressotools/arm-gnu-toolchain-13.2.Rel1-mingw-w64-i686-arm-none-eabi/bin/../lib/gcc/arm-none-eabi/13.2.1/thumb/v6-m/nofp\libgcc.a(_udivsi3.o) (__aeabi_idiv0)
C:/Users/totia/.mcuxpressotools/arm-gnu-toolchain-13.2.Rel1-mingw-w64-i686-arm-none-eabi/bin/../lib/gcc/arm-none-eabi/13.2.1/thumb/v6-m/nofp\libgcc.a(_aeabi_uldivmod.o)
                              CMakeFiles/new_project.elf.dir/08d8c53291042733ef4305dc037bba4c/GitHub/curso-lse/workspace_lpc845/sdks/04_alarma_sdk/devices/LPC845/drivers/fsl_clock.c.obj (__aeabi_uldivmod)
C:/Users/totia/.mcuxpressotools/arm-gnu-toolchain-13.2.Rel1-mingw-w64-i686-arm-none-eabi/bin/../lib/gcc/arm-none-eabi/13.2.1/thumb/v6-m/nofp\libgcc.a(_muldi3.o)
                              CMakeFiles/new_project.elf.dir/b2f5765e3116205059112aab3ed77601/curso-lse/workspace_lpc845/sdks/04_alarma_sdk/devices/LPC845/drivers/fsl_common_arm.c.obj (__aeabi_lmul)
C:/Users/totia/.mcuxpressotools/arm-gnu-toolchain-13.2.Rel1-mingw-w64-i686-arm-none-eabi/bin/../lib/gcc/arm-none-eabi/13.2.1/thumb/v6-m/nofp\libgcc.a(_udivmoddi4.o)
                              C:/Users/totia/.mcuxpressotools/arm-gnu-toolchain-13.2.Rel1-mingw-w64-i686-arm-none-eabi/bin/../lib/gcc/arm-none-eabi/13.2.1/thumb/v6-m/nofp\libgcc.a(_aeabi_uldivmod.o) (__udivmoddi4)
C:/Users/totia/.mcuxpressotools/arm-gnu-toolchain-13.2.Rel1-mingw-w64-i686-arm-none-eabi/bin/../lib/gcc/arm-none-eabi/13.2.1/thumb/v6-m/nofp\libgcc.a(_clzdi2.o)
                              C:/Users/totia/.mcuxpressotools/arm-gnu-toolchain-13.2.Rel1-mingw-w64-i686-arm-none-eabi/bin/../lib/gcc/arm-none-eabi/13.2.1/thumb/v6-m/nofp\libgcc.a(_udivmoddi4.o) (__clzdi2)
C:/Users/totia/.mcuxpressotools/arm-gnu-toolchain-13.2.Rel1-mingw-w64-i686-arm-none-eabi/bin/../lib/gcc/arm-none-eabi/13.2.1/thumb/v6-m/nofp\libgcc.a(_clzsi2.o)
                              C:/Users/totia/.mcuxpressotools/arm-gnu-toolchain-13.2.Rel1-mingw-w64-i686-arm-none-eabi/bin/../lib/gcc/arm-none-eabi/13.2.1/thumb/v6-m/nofp\libgcc.a(_clzdi2.o) (__clzsi2)
C:/Users/totia/.mcuxpressotools/arm-gnu-toolchain-13.2.Rel1-mingw-w64-i686-arm-none-eabi/bin/../lib/gcc/arm-none-eabi/13.2.1/thumb/v6-m/nofp\libc_nano.a(libc_a-exit.o)
                              C:/Users/totia/.mcuxpressotools/arm-gnu-toolchain-13.2.Rel1-mingw-w64-i686-arm-none-eabi/bin/../lib/gcc/arm-none-eabi/13.2.1/thumb/v6-m/nofp/crt0.o (exit)
C:/Users/totia/.mcuxpressotools/arm-gnu-toolchain-13.2.Rel1-mingw-w64-i686-arm-none-eabi/bin/../lib/gcc/arm-none-eabi/13.2.1/thumb/v6-m/nofp\libc_nano.a(libc_a-malloc.o)
                              CMakeFiles/new_project.elf.dir/08d8c53291042733ef4305dc037bba4c/GitHub/curso-lse/workspace_lpc845/sdks/04_alarma_sdk/devices/LPC845/drivers/fsl_common.c.obj (malloc)
C:/Users/totia/.mcuxpressotools/arm-gnu-toolchain-13.2.Rel1-mingw-w64-i686-arm-none-eabi/bin/../lib/gcc/arm-none-eabi/13.2.1/thumb/v6-m/nofp\libc_nano.a(libc_a-mallocr.o)
                              C:/Users/totia/.mcuxpressotools/arm-gnu-toolchain-13.2.Rel1-mingw-w64-i686-arm-none-eabi/bin/../lib/gcc/arm-none-eabi/13.2.1/thumb/v6-m/nofp\libc_nano.a(libc_a-malloc.o) (_malloc_r)
C:/Users/totia/.mcuxpressotools/arm-gnu-toolchain-13.2.Rel1-mingw-w64-i686-arm-none-eabi/bin/../lib/gcc/arm-none-eabi/13.2.1/thumb/v6-m/nofp\libc_nano.a(libc_a-mlock.o)
                              C:/Users/totia/.mcuxpressotools/arm-gnu-toolchain-13.2.Rel1-mingw-w64-i686-arm-none-eabi/bin/../lib/gcc/arm-none-eabi/13.2.1/thumb/v6-m/nofp\libc_nano.a(libc_a-mallocr.o) (__malloc_lock)
C:/Users/totia/.mcuxpressotools/arm-gnu-toolchain-13.2.Rel1-mingw-w64-i686-arm-none-eabi/bin/../lib/gcc/arm-none-eabi/13.2.1/thumb/v6-m/nofp\libc_nano.a(libc_a-strtoul.o)
                              CMakeFiles/new_project.elf.dir/b2f5765e3116205059112aab3ed77601/curso-lse/workspace_lpc845/sdks/04_alarma_sdk/devices/LPC845/utilities/str/fsl_str.c.obj (strtoul)
C:/Users/totia/.mcuxpressotools/arm-gnu-toolchain-13.2.Rel1-mingw-w64-i686-arm-none-eabi/bin/../lib/gcc/arm-none-eabi/13.2.1/thumb/v6-m/nofp\libc_nano.a(libc_a-ctype_.o)
                              C:/Users/totia/.mcuxpressotools/arm-gnu-toolchain-13.2.Rel1-mingw-w64-i686-arm-none-eabi/bin/../lib/gcc/arm-none-eabi/13.2.1/thumb/v6-m/nofp\libc_nano.a(libc_a-strtoul.o) (_ctype_)
[...]
Memory Configuration

Name             Origin             Length             Attributes
m_interrupts     0x00000000         0x00000200         xr
m_crp            0x000002fc         0x00000004         xr
m_text           0x00000300         0x0000fd00         xr
m_data           0x10000000         0x00003fe0         rw
*default*        0x00000000         0xffffffff

Linker script and memory map

LOAD C:/Users/totia/.mcuxpressotools/arm-gnu-toolchain-13.2.Rel1-mingw-w64-i686-arm-none-eabi/bin/../lib/gcc/arm-none-eabi/13.2.1/thumb/v6-m/nofp/crti.o
LOAD C:/Users/totia/.mcuxpressotools/arm-gnu-toolchain-13.2.Rel1-mingw-w64-i686-arm-none-eabi/bin/../lib/gcc/arm-none-eabi/13.2.1/thumb/v6-m/nofp/crtbegin.o
LOAD C:/Users/totia/.mcuxpressotools/arm-gnu-toolchain-13.2.Rel1-mingw-w64-i686-arm-none-eabi/bin/../lib/gcc/arm-none-eabi/13.2.1/thumb/v6-m/nofp/crt0.o
LOAD CMakeFiles/new_project.elf.dir/C_/Users/totia/OneDrive/Documentos/GitHub/curso-lse/workspace_lpc845/04_alarma/main.c.obj
LOAD CMakeFiles/new_project.elf.dir/C_/Users/totia/OneDrive/Documentos/GitHub/curso-lse/workspace_lpc845/04_alarma/peripherals.c.obj
LOAD CMakeFiles/new_project.elf.dir/C_/Users/totia/OneDrive/Documentos/GitHub/curso-lse/workspace_lpc845/04_alarma/pin_mux.c.obj
LOAD CMakeFiles/new_project.elf.dir/C_/Users/totia/OneDrive/Documentos/GitHub/curso-lse/workspace_lpc845/04_alarma/board.c.obj
LOAD CMakeFiles/new_project.elf.dir/C_/Users/totia/OneDrive/Documentos/GitHub/curso-lse/workspace_lpc845/04_alarma/clock_config.c.obj
LOAD CMakeFiles/new_project.elf.dir/C_/Users/totia/OneDrive/Documentos/GitHub/curso-lse/workspace_lpc845/04_alarma/hardware_init.c.obj
LOAD CMakeFiles/new_project.elf.dir/b2f5765e3116205059112aab3ed77601/curso-lse/workspace_lpc845/sdks/04_alarma_sdk/components/uart/fsl_adapter_miniusart.c.obj
LOAD CMakeFiles/new_project.elf.dir/08d8c53291042733ef4305dc037bba4c/GitHub/curso-lse/workspace_lpc845/sdks/04_alarma_sdk/devices/LPC845/gcc/startup_LPC845.S.obj
LOAD CMakeFiles/new_project.elf.dir/C_/Users/totia/OneDrive/Documentos/GitHub/curso-lse/workspace_lpc845/sdks/04_alarma_sdk/devices/LPC845/system_LPC845.c.obj
LOAD CMakeFiles/new_project.elf.dir/08d8c53291042733ef4305dc037bba4c/GitHub/curso-lse/workspace_lpc845/sdks/04_alarma_sdk/devices/LPC845/drivers/fsl_clock.c.obj
LOAD CMakeFiles/new_project.elf.dir/08d8c53291042733ef4305dc037bba4c/GitHub/curso-lse/workspace_lpc845/sdks/04_alarma_sdk/devices/LPC845/drivers/fsl_common.c.obj
LOAD CMakeFiles/new_project.elf.dir/b2f5765e3116205059112aab3ed77601/curso-lse/workspace_lpc845/sdks/04_alarma_sdk/devices/LPC845/drivers/fsl_common_arm.c.obj
LOAD CMakeFiles/new_project.elf.dir/b2f5765e3116205059112aab3ed77601/curso-lse/workspace_lpc845/sdks/04_alarma_sdk/devices/LPC845/drivers/fsl_inputmux.c.obj
LOAD CMakeFiles/new_project.elf.dir/C_/Users/totia/OneDrive/Documentos/GitHub/curso-lse/workspace_lpc845/sdks/04_alarma_sdk/devices/LPC845/drivers/fsl_adc.c.obj
LOAD CMakeFiles/new_project.elf.dir/C_/Users/totia/OneDrive/Documentos/GitHub/curso-lse/workspace_lpc845/sdks/04_alarma_sdk/devices/LPC845/drivers/fsl_gpio.c.obj
LOAD CMakeFiles/new_project.elf.dir/08d8c53291042733ef4305dc037bba4c/GitHub/curso-lse/workspace_lpc845/sdks/04_alarma_sdk/devices/LPC845/drivers/fsl_usart.c.obj
LOAD CMakeFiles/new_project.elf.dir/08d8c53291042733ef4305dc037bba4c/GitHub/curso-lse/workspace_lpc845/sdks/04_alarma_sdk/devices/LPC845/drivers/fsl_power.c.obj
LOAD CMakeFiles/new_project.elf.dir/08d8c53291042733ef4305dc037bba4c/GitHub/curso-lse/workspace_lpc845/sdks/04_alarma_sdk/devices/LPC845/drivers/fsl_reset.c.obj
LOAD CMakeFiles/new_project.elf.dir/C_/Users/totia/OneDrive/Documentos/GitHub/curso-lse/workspace_lpc845/sdks/04_alarma_sdk/devices/LPC845/drivers/fsl_swm.c.obj
LOAD CMakeFiles/new_project.elf.dir/08d8c53291042733ef4305dc037bba4c/GitHub/curso-lse/workspace_lpc845/sdks/04_alarma_sdk/devices/LPC845/drivers/fsl_syscon.c.obj
LOAD CMakeFiles/new_project.elf.dir/4e71e0e38af02242c99929a0f5db6cc6/workspace_lpc845/sdks/04_alarma_sdk/devices/LPC845/utilities/fsl_syscall_stub.c.obj
LOAD CMakeFiles/new_project.elf.dir/08d8c53291042733ef4305dc037bba4c/GitHub/curso-lse/workspace_lpc845/sdks/04_alarma_sdk/devices/LPC845/utilities/fsl_sbrk.c.obj
LOAD CMakeFiles/new_project.elf.dir/e50fa42c96dad9d8d207ba90a8b49f56/sdks/04_alarma_sdk/devices/LPC845/utilities/debug_console_lite/fsl_assert.c.obj
LOAD CMakeFiles/new_project.elf.dir/e50fa42c96dad9d8d207ba90a8b49f56/sdks/04_alarma_sdk/devices/LPC845/utilities/debug_console_lite/fsl_debug_console.c.obj
LOAD CMakeFiles/new_project.elf.dir/b2f5765e3116205059112aab3ed77601/curso-lse/workspace_lpc845/sdks/04_alarma_sdk/devices/LPC845/utilities/str/fsl_str.c.obj
START GROUP
LOAD C:/Users/totia/.mcuxpressotools/arm-gnu-toolchain-13.2.Rel1-mingw-w64-i686-arm-none-eabi/bin/../lib/gcc/arm-none-eabi/13.2.1/thumb/v6-m/nofp\libgcc.a
LOAD C:/Users/totia/.mcuxpressotools/arm-gnu-toolchain-13.2.Rel1-mingw-w64-i686-arm-none-eabi/bin/../lib/gcc/arm-none-eabi/13.2.1/thumb/v6-m/nofp\libc_nano.a
LOAD C:/Users/totia/.mcuxpressotools/arm-gnu-toolchain-13.2.Rel1-mingw-w64-i686-arm-none-eabi/bin/../lib/gcc/arm-none-eabi/13.2.1/thumb/v6-m/nofp\libm.a
LOAD C:/Users/totia/.mcuxpressotools/arm-gnu-toolchain-13.2.Rel1-mingw-w64-i686-arm-none-eabi/bin/../lib/gcc/arm-none-eabi/13.2.1/../../../../arm-none-eabi/lib/thumb/v6-m/nofp\libcr_newlib_nohost.a
LOAD freertos/libfreertos.a
END GROUP
START GROUP
LOAD C:/Users/totia/.mcuxpressotools/arm-gnu-toolchain-13.2.Rel1-mingw-w64-i686-arm-none-eabi/bin/../lib/gcc/arm-none-eabi/13.2.1/thumb/v6-m/nofp\libgcc.a
LOAD C:/Users/totia/.mcuxpressotools/arm-gnu-toolchain-13.2.Rel1-mingw-w64-i686-arm-none-eabi/bin/../lib/gcc/arm-none-eabi/13.2.1/thumb/v6-m/nofp\libg_nano.a
LOAD C:/Users/totia/.mcuxpressotools/arm-gnu-toolchain-13.2.Rel1-mingw-w64-i686-arm-none-eabi/bin/../lib/gcc/arm-none-eabi/13.2.1/thumb/v6-m/nofp\libc_nano.a
END GROUP
START GROUP
LOAD C:/Users/totia/.mcuxpressotools/arm-gnu-toolchain-13.2.Rel1-mingw-w64-i686-arm-none-eabi/bin/../lib/gcc/arm-none-eabi/13.2.1/thumb/v6-m/nofp\libgcc.a
LOAD C:/Users/totia/.mcuxpressotools/arm-gnu-toolchain-13.2.Rel1-mingw-w64-i686-arm-none-eabi/bin/../lib/gcc/arm-none-eabi/13.2.1/thumb/v6-m/nofp\libc_nano.a
LOAD C:/Users/totia/.mcuxpressotools/arm-gnu-toolchain-13.2.Rel1-mingw-w64-i686-arm-none-eabi/bin/../lib/gcc/arm-none-eabi/13.2.1/thumb/v6-m/nofp\libnosys.a
END GROUP
START GROUP
LOAD C:/Users/totia/.mcuxpressotools/arm-gnu-toolchain-13.2.Rel1-mingw-w64-i686-arm-none-eabi/bin/../lib/gcc/arm-none-eabi/13.2.1/thumb/v6-m/nofp\libgcc.a
LOAD C:/Users/totia/.mcuxpressotools/arm-gnu-toolchain-13.2.Rel1-mingw-w64-i686-arm-none-eabi/bin/../lib/gcc/arm-none-eabi/13.2.1/thumb/v6-m/nofp\libc_nano.a
LOAD C:/Users/totia/.mcuxpressotools/arm-gnu-toolchain-13.2.Rel1-mingw-w64-i686-arm-none-eabi/bin/../lib/gcc/arm-none-eabi/13.2.1/thumb/v6-m/nofp\libnosys.a
END GROUP
LOAD C:/Users/totia/.mcuxpressotools/arm-gnu-toolchain-13.2.Rel1-mingw-w64-i686-arm-none-eabi/bin/../lib/gcc/arm-none-eabi/13.2.1/thumb/v6-m/nofp/crtend.o
LOAD C:/Users/totia/.mcuxpressotools/arm-gnu-toolchain-13.2.Rel1-mingw-w64-i686-arm-none-eabi/bin/../lib/gcc/arm-none-eabi/13.2.1/thumb/v6-m/nofp/crtn.o
                0x00000400                        HEAP_SIZE = DEFINED (__heap_size__)?__heap_size__:0x400
                0x00000800                        STACK_SIZE = DEFINED (__stack_size__)?__stack_size__:0x800
                0xefffb4f9                        __valid_user_code_checksum = (0x0 - ((((__StackTop + Reset_Handler) + NMI_Handler) + HardFault_Handler) + 0x3))

.interrupts     0x00000000       0xc0
                0x00000000                        . = ALIGN (0x4)
 *(.isr_vector)
 .isr_vector    0x00000000       0xc0 CMakeFiles/new_project.elf.dir/08d8c53291042733ef4305dc037bba4c/GitHub/curso-lse/workspace_lpc845/sdks/04_alarma_sdk/devices/LPC845/gcc/startup_LPC845.S.obj
                0x00000000                __Vectors
                0x000000c0                        . = ALIGN (0x4)

.crp            0x000002fc        0x4
                0x000002fc                        . = ALIGN (0x4)
 *(.crp)
 .crp           0x000002fc        0x4 CMakeFiles/new_project.elf.dir/08d8c53291042733ef4305dc037bba4c/GitHub/curso-lse/workspace_lpc845/sdks/04_alarma_sdk/devices/LPC845/gcc/startup_LPC845.S.obj
                0x00000300                        . = ALIGN (0x4)

.text           0x00000300     0x4db0
                0x00000300                        . = ALIGN (0x4)
 *(.text)
 .text          0x00000300       0x80 C:/Users/totia/.mcuxpressotools/arm-gnu-toolchain-13.2.Rel1-mingw-w64-i686-arm-none-eabi/bin/../lib/gcc/arm-none-eabi/13.2.1/thumb/v6-m/nofp/crt0.o
                0x00000300                _stack_init
                0x0000030c                _start
                0x0000030c                _mainCRTStartup
 .text          0x00000380      0x17c CMakeFiles/new_project.elf.dir/08d8c53291042733ef4305dc037bba4c/GitHub/curso-lse/workspace_lpc845/sdks/04_alarma_sdk/devices/LPC845/gcc/startup_LPC845.S.obj
                0x00000380                Reset_Handler
                0x000003cc                I2C1_DriverIRQHandler
                0x000003cc                ADC0_OVR_DriverIRQHandler
                0x000003cc                SCT0_DriverIRQHandler
                0x000003cc                DMA0_DriverIRQHandler
                0x000003cc                PIN_INT1_DriverIRQHandler
                0x000003cc                SPI1_DriverIRQHandler
                0x000003cc                I2C0_DriverIRQHandler
                0x000003cc                WDT_DriverIRQHandler
                0x000003cc                CTIMER0_DriverIRQHandler
                0x000003cc                I2C3_DriverIRQHandler
                0x000003cc                ADC0_SEQB_DriverIRQHandler
                0x000003cc                PIN_INT3_DriverIRQHandler
                0x000003cc                PIN_INT5_DAC1_DriverIRQHandler
                0x000003cc                PIN_INT2_DriverIRQHandler
                0x000003cc                FLASH_DriverIRQHandler
                0x000003cc                I2C2_DriverIRQHandler
                0x000003cc                PIN_INT0_DriverIRQHandler
                0x000003cc                Reserved22_DriverIRQHandler
                0x000003cc                ADC0_SEQA_DriverIRQHandler
                0x000003cc                BOD_DriverIRQHandler
                0x000003cc                DefaultISR
                0x000003cc                WKT_DriverIRQHandler
                0x000003cc                DAC0_DriverIRQHandler
                0x000003cc                MRT0_DriverIRQHandler
                0x000003cc                PIN_INT4_DriverIRQHandler
                0x000003cc                SPI0_DriverIRQHandler
                0x000003cc                CMP_CAPT_DriverIRQHandler
                0x000003cc                ADC0_THCMP_DriverIRQHandler
                0x000003d0                NMI_Handler
                0x000003d4                HardFault_Handler
                0x000003e4                SPI0_IRQHandler
                0x000003e8                SPI1_IRQHandler
                0x000003ec                DAC0_IRQHandler
                0x000003f0                USART0_IRQHandler
                0x000003f4                USART1_IRQHandler
                0x000003f8                USART2_IRQHandler
                0x000003fc                Reserved22_IRQHandler
                0x00000400                I2C1_IRQHandler
                0x00000404                I2C0_IRQHandler
                0x00000408                SCT0_IRQHandler
                0x0000040c                MRT0_IRQHandler
                0x00000410                CMP_CAPT_IRQHandler
                0x00000414                WDT_IRQHandler
                0x00000418                BOD_IRQHandler
                0x0000041c                FLASH_IRQHandler
                0x00000420                WKT_IRQHandler
                0x00000424                ADC0_SEQA_IRQHandler
                0x00000428                ADC0_SEQB_IRQHandler
                0x0000042c                ADC0_THCMP_IRQHandler
                0x00000430                ADC0_OVR_IRQHandler
                0x00000434                DMA0_IRQHandler
                0x00000438                I2C2_IRQHandler
                0x0000043c                I2C3_IRQHandler
                0x00000440                CTIMER0_IRQHandler
                0x00000444                PIN_INT0_IRQHandler
                0x00000448                PIN_INT1_IRQHandler
                0x0000044c                PIN_INT2_IRQHandler
                0x00000450                PIN_INT3_IRQHandler
                0x00000454                PIN_INT4_IRQHandler
                0x00000458                PIN_INT5_DAC1_IRQHandler
                0x0000045c                PIN_INT6_USART3_IRQHandler
                0x00000460                PIN_INT7_USART4_IRQHandler
 .text          0x000004fc      0x114 C:/Users/totia/.mcuxpressotools/arm-gnu-toolchain-13.2.Rel1-mingw-w64-i686-arm-none-eabi/bin/../lib/gcc/arm-none-eabi/13.2.1/thumb/v6-m/nofp\libgcc.a(_udivsi3.o)
                0x000004fc                __aeabi_uidiv
                0x000004fc                __udivsi3
                0x00000608                __aeabi_uidivmod
 .text          0x00000610        0x4 C:/Users/totia/.mcuxpressotools/arm-gnu-toolchain-13.2.Rel1-mingw-w64-i686-arm-none-eabi/bin/../lib/gcc/arm-none-eabi/13.2.1/thumb/v6-m/nofp\libgcc.a(_dvmd_tls.o)
                0x00000610                __aeabi_idiv0
                0x00000610                __aeabi_ldiv0
 .text          0x00000614       0x40 C:/Users/totia/.mcuxpressotools/arm-gnu-toolchain-13.2.Rel1-mingw-w64-i686-arm-none-eabi/bin/../lib/gcc/arm-none-eabi/13.2.1/thumb/v6-m/nofp\libgcc.a(_aeabi_uldivmod.o)
                0x00000614                __aeabi_uldivmod
 .text          0x00000654       0x18 C:/Users/totia/.mcuxpressotools/arm-gnu-toolchain-13.2.Rel1-mingw-w64-i686-arm-none-eabi/bin/../lib/gcc/arm-none-eabi/13.2.1/thumb/v6-m/nofp\libgcc.a(_clzdi2.o)
                0x00000654                __clzdi2
 .text          0x0000066c       0x3c C:/Users/totia/.mcuxpressotools/arm-gnu-toolchain-13.2.Rel1-mingw-w64-i686-arm-none-eabi/bin/../lib/gcc/arm-none-eabi/13.2.1/thumb/v6-m/nofp\libgcc.a(_clzsi2.o)
                0x0000066c                __clzsi2
 .text          0x000006a8        0xe C:/Users/totia/.mcuxpressotools/arm-gnu-toolchain-13.2.Rel1-mingw-w64-i686-arm-none-eabi/bin/../lib/gcc/arm-none-eabi/13.2.1/thumb/v6-m/nofp\libc_nano.a(libc_a-strlen.o)
                0x000006a8                strlen
 *(.text*)
 *fill*         0x000006b6        0x2 
 .text.deregister_tm_clones
                0x000006b8       0x20 C:/Users/totia/.mcuxpressotools/arm-gnu-toolchain-13.2.Rel1-mingw-w64-i686-arm-none-eabi/bin/../lib/gcc/arm-none-eabi/13.2.1/thumb/v6-m/nofp/crtbegin.o
 .text.register_tm_clones
                0x000006d8       0x28 C:/Users/totia/.mcuxpressotools/arm-gnu-toolchain-13.2.Rel1-mingw-w64-i686-arm-none-eabi/bin/../lib/gcc/arm-none-eabi/13.2.1/thumb/v6-m/nofp/crtbegin.o
 .text.__do_global_dtors_aux
                0x00000700       0x2c C:/Users/totia/.mcuxpressotools/arm-gnu-toolchain-13.2.Rel1-mingw-w64-i686-arm-none-eabi/bin/../lib/gcc/arm-none-eabi/13.2.1/thumb/v6-m/nofp/crtbegin.o
 .text.frame_dummy
                0x0000072c       0x24 C:/Users/totia/.mcuxpressotools/arm-gnu-toolchain-13.2.Rel1-mingw-w64-i686-arm-none-eabi/bin/../lib/gcc/arm-none-eabi/13.2.1/thumb/v6-m/nofp/crtbegin.o
 .text.CLOCK_EnableClock
                0x00000750       0x54 CMakeFiles/new_project.elf.dir/C_/Users/totia/OneDrive/Documentos/GitHub/curso-lse/workspace_lpc845/04_alarma/main.c.obj
 .text.CLOCK_DisableClock
                0x000007a4       0x58 CMakeFiles/new_project.elf.dir/C_/Users/totia/OneDrive/Documentos/GitHub/curso-lse/workspace_lpc845/04_alarma/main.c.obj
 .text.CLOCK_Select
                0x000007fc       0x38 CMakeFiles/new_project.elf.dir/C_/Users/totia/OneDrive/Documentos/GitHub/curso-lse/workspace_lpc845/04_alarma/main.c.obj
 .text.CLOCK_SetClkDivider
                0x00000834       0x30 CMakeFiles/new_project.elf.dir/C_/Users/totia/OneDrive/Documentos/GitHub/curso-lse/workspace_lpc845/04_alarma/main.c.obj
 .text.CLOCK_GetClkDivider
                0x00000864       0x2c CMakeFiles/new_project.elf.dir/C_/Users/totia/OneDrive/Documentos/GitHub/curso-lse/workspace_lpc845/04_alarma/main.c.obj
 .text.GPIO_PinRead
                0x00000890       0x24 CMakeFiles/new_project.elf.dir/C_/Users/totia/OneDrive/Documentos/GitHub/curso-lse/workspace_lpc845/04_alarma/main.c.obj
 .text.POWER_DisablePD
                0x000008b4       0x2c CMakeFiles/new_project.elf.dir/C_/Users/totia/OneDrive/Documentos/GitHub/curso-lse/workspace_lpc845/04_alarma/main.c.obj
 .text.ADC_EnableConvSeqA
                0x000008e0       0x3a CMakeFiles/new_project.elf.dir/C_/Users/totia/OneDrive/Documentos/GitHub/curso-lse/workspace_lpc845/04_alarma/main.c.obj
 .text.ADC_DoSoftwareTriggerConvSeqA
                0x0000091a       0x1e CMakeFiles/new_project.elf.dir/C_/Users/totia/OneDrive/Documentos/GitHub/curso-lse/workspace_lpc845/04_alarma/main.c.obj
 .text.ADC_EnableConvSeqB
                0x00000938       0x3a CMakeFiles/new_project.elf.dir/C_/Users/totia/OneDrive/Documentos/GitHub/curso-lse/workspace_lpc845/04_alarma/main.c.obj
 .text.ADC_DoSoftwareTriggerConvSeqB
                0x00000972       0x1e CMakeFiles/new_project.elf.dir/C_/Users/totia/OneDrive/Documentos/GitHub/curso-lse/workspace_lpc845/04_alarma/main.c.obj
 .text.task_init
                0x00000990      0x114 CMakeFiles/new_project.elf.dir/C_/Users/totia/OneDrive/Documentos/GitHub/curso-lse/workspace_lpc845/04_alarma/main.c.obj
                0x00000990                task_init
 .text.task_user
                0x00000aa4       0x5c CMakeFiles/new_project.elf.dir/C_/Users/totia/OneDrive/Documentos/GitHub/curso-lse/workspace_lpc845/04_alarma/main.c.obj
                0x00000aa4                task_user
 .text.task_adc_seq_a
                0x00000b00       0x54 CMakeFiles/new_project.elf.dir/C_/Users/totia/OneDrive/Documentos/GitHub/curso-lse/workspace_lpc845/04_alarma/main.c.obj
                0x00000b00                task_adc_seq_a
 .text.task_adc_seq_b
                0x00000b54       0x54 CMakeFiles/new_project.elf.dir/C_/Users/totia/OneDrive/Documentos/GitHub/curso-lse/workspace_lpc845/04_alarma/main.c.obj
                0x00000b54                task_adc_seq_b
 .text.main     0x00000ba8       0x90 CMakeFiles/new_project.elf.dir/C_/Users/totia/OneDrive/Documentos/GitHub/curso-lse/workspace_lpc845/04_alarma/main.c.obj
                0x00000ba8                main
 .text.CLOCK_Select
                0x00000c38       0x38 CMakeFiles/new_project.elf.dir/C_/Users/totia/OneDrive/Documentos/GitHub/curso-lse/workspace_lpc845/04_alarma/board.c.obj
 .text.BOARD_InitDebugConsole
                0x00000c70       0x58 CMakeFiles/new_project.elf.dir/C_/Users/totia/OneDrive/Documentos/GitHub/curso-lse/workspace_lpc845/04_alarma/board.c.obj
                0x00000c70                BOARD_InitDebugConsole
 .text.CLOCK_Select
                0x00000cc8       0x38 CMakeFiles/new_project.elf.dir/C_/Users/totia/OneDrive/Documentos/GitHub/curso-lse/workspace_lpc845/04_alarma/clock_config.c.obj
 .text.CLOCK_SetCoreSysClkDiv
                0x00000d00       0x4c CMakeFiles/new_project.elf.dir/C_/Users/totia/OneDrive/Documentos/GitHub/curso-lse/workspace_lpc845/04_alarma/clock_config.c.obj
 .text.CLOCK_SetFroOscFreq
                0x00000d4c       0x24 CMakeFiles/new_project.elf.dir/C_/Users/totia/OneDrive/Documentos/GitHub/curso-lse/workspace_lpc845/04_alarma/clock_config.c.obj
 .text.POWER_DisablePD
                0x00000d70       0x2c CMakeFiles/new_project.elf.dir/C_/Users/totia/OneDrive/Documentos/GitHub/curso-lse/workspace_lpc845/04_alarma/clock_config.c.obj
 .text.BOARD_BootClockFRO30M
                0x00000d9c       0x58 CMakeFiles/new_project.elf.dir/C_/Users/totia/OneDrive/Documentos/GitHub/curso-lse/workspace_lpc845/04_alarma/clock_config.c.obj
                0x00000d9c                BOARD_BootClockFRO30M
 .text.HAL_UartGetStatus
                0x00000df4       0x20 CMakeFiles/new_project.elf.dir/b2f5765e3116205059112aab3ed77601/curso-lse/workspace_lpc845/sdks/04_alarma_sdk/components/uart/fsl_adapter_miniusart.c.obj
 .text.HAL_UartInit
                0x00000e14      0x134 CMakeFiles/new_project.elf.dir/b2f5765e3116205059112aab3ed77601/curso-lse/workspace_lpc845/sdks/04_alarma_sdk/components/uart/fsl_adapter_miniusart.c.obj
                0x00000e14                HAL_UartInit
 .text.HAL_UartReceiveBlocking
                0x00000f48       0x90 CMakeFiles/new_project.elf.dir/b2f5765e3116205059112aab3ed77601/curso-lse/workspace_lpc845/sdks/04_alarma_sdk/components/uart/fsl_adapter_miniusart.c.obj
                0x00000f48                HAL_UartReceiveBlocking
 .text.HAL_UartSendBlocking
                0x00000fd8       0x84 CMakeFiles/new_project.elf.dir/b2f5765e3116205059112aab3ed77601/curso-lse/workspace_lpc845/sdks/04_alarma_sdk/components/uart/fsl_adapter_miniusart.c.obj
                0x00000fd8                HAL_UartSendBlocking
 .text.SystemInit
                0x0000105c       0x2c CMakeFiles/new_project.elf.dir/C_/Users/totia/OneDrive/Documentos/GitHub/curso-lse/workspace_lpc845/sdks/04_alarma_sdk/devices/LPC845/system_LPC845.c.obj
                0x0000105c                SystemInit
 .text.SystemInitHook
                0x00001088        0xa CMakeFiles/new_project.elf.dir/C_/Users/totia/OneDrive/Documentos/GitHub/curso-lse/workspace_lpc845/sdks/04_alarma_sdk/devices/LPC845/system_LPC845.c.obj
                0x00001088                SystemInitHook
 *fill*         0x00001092        0x2 
 .text.CLOCK_GetCoreSysClkFreq
                0x00001094       0x24 CMakeFiles/new_project.elf.dir/08d8c53291042733ef4305dc037bba4c/GitHub/curso-lse/workspace_lpc845/sdks/04_alarma_sdk/devices/LPC845/drivers/fsl_clock.c.obj
 .text.CLOCK_GetSystemPLLFreq
                0x000010b8       0x20 CMakeFiles/new_project.elf.dir/08d8c53291042733ef4305dc037bba4c/GitHub/curso-lse/workspace_lpc845/sdks/04_alarma_sdk/devices/LPC845/drivers/fsl_clock.c.obj
 .text.CLOCK_GetWdtOscFreq
                0x000010d8       0x14 CMakeFiles/new_project.elf.dir/08d8c53291042733ef4305dc037bba4c/GitHub/curso-lse/workspace_lpc845/sdks/04_alarma_sdk/devices/LPC845/drivers/fsl_clock.c.obj
 .text.CLOCK_GetExtClkFreq
                0x000010ec       0x14 CMakeFiles/new_project.elf.dir/08d8c53291042733ef4305dc037bba4c/GitHub/curso-lse/workspace_lpc845/sdks/04_alarma_sdk/devices/LPC845/drivers/fsl_clock.c.obj
 .text.CLOCK_GetFRGInputClkFreq
                0x00001100       0x3e CMakeFiles/new_project.elf.dir/08d8c53291042733ef4305dc037bba4c/GitHub/curso-lse/workspace_lpc845/sdks/04_alarma_sdk/devices/LPC845/drivers/fsl_clock.c.obj
 *fill*         0x0000113e        0x2 
 .text.CLOCK_UpdateClkSrc
                0x00001140       0x58 CMakeFiles/new_project.elf.dir/08d8c53291042733ef4305dc037bba4c/GitHub/curso-lse/workspace_lpc845/sdks/04_alarma_sdk/devices/LPC845/drivers/fsl_clock.c.obj
 .text.CLOCK_GetFRG0ClkFreq
                0x00001198       0x64 CMakeFiles/new_project.elf.dir/08d8c53291042733ef4305dc037bba4c/GitHub/curso-lse/workspace_lpc845/sdks/04_alarma_sdk/devices/LPC845/drivers/fsl_clock.c.obj
                0x00001198                CLOCK_GetFRG0ClkFreq
 .text.CLOCK_GetFRG1ClkFreq
                0x000011fc       0x64 CMakeFiles/new_project.elf.dir/08d8c53291042733ef4305dc037bba4c/GitHub/curso-lse/workspace_lpc845/sdks/04_alarma_sdk/devices/LPC845/drivers/fsl_clock.c.obj
                0x000011fc                CLOCK_GetFRG1ClkFreq
 .text.CLOCK_GetMainClkFreq
                0x00001260       0x78 CMakeFiles/new_project.elf.dir/08d8c53291042733ef4305dc037bba4c/GitHub/curso-lse/workspace_lpc845/sdks/04_alarma_sdk/devices/LPC845/drivers/fsl_clock.c.obj
                0x00001260                CLOCK_GetMainClkFreq
 .text.CLOCK_GetFroFreq
                0x000012d8       0x78 CMakeFiles/new_project.elf.dir/08d8c53291042733ef4305dc037bba4c/GitHub/curso-lse/workspace_lpc845/sdks/04_alarma_sdk/devices/LPC845/drivers/fsl_clock.c.obj
                0x000012d8                CLOCK_GetFroFreq
 .text.CLOCK_GetFreq
                0x00001350       0x90 CMakeFiles/new_project.elf.dir/08d8c53291042733ef4305dc037bba4c/GitHub/curso-lse/workspace_lpc845/sdks/04_alarma_sdk/devices/LPC845/drivers/fsl_clock.c.obj
                0x00001350                CLOCK_GetFreq
 .text.CLOCK_GetSystemPLLInClockRate
                0x000013e0       0x64 CMakeFiles/new_project.elf.dir/08d8c53291042733ef4305dc037bba4c/GitHub/curso-lse/workspace_lpc845/sdks/04_alarma_sdk/devices/LPC845/drivers/fsl_clock.c.obj
                0x000013e0                CLOCK_GetSystemPLLInClockRate
 .text.CLOCK_SetMainClkSrc
                0x00001444       0x9c CMakeFiles/new_project.elf.dir/08d8c53291042733ef4305dc037bba4c/GitHub/curso-lse/workspace_lpc845/sdks/04_alarma_sdk/devices/LPC845/drivers/fsl_clock.c.obj
                0x00001444                CLOCK_SetMainClkSrc
 .text.CLOCK_SetFroOutClkSrc
                0x000014e0       0x48 CMakeFiles/new_project.elf.dir/08d8c53291042733ef4305dc037bba4c/GitHub/curso-lse/workspace_lpc845/sdks/04_alarma_sdk/devices/LPC845/drivers/fsl_clock.c.obj
                0x000014e0                CLOCK_SetFroOutClkSrc
 .text.DelayLoop
                0x00001528       0x1a CMakeFiles/new_project.elf.dir/b2f5765e3116205059112aab3ed77601/curso-lse/workspace_lpc845/sdks/04_alarma_sdk/devices/LPC845/drivers/fsl_common_arm.c.obj
 *fill*         0x00001542        0x2 
 .text.SDK_DelayAtLeastUs
                0x00001544       0x84 CMakeFiles/new_project.elf.dir/b2f5765e3116205059112aab3ed77601/curso-lse/workspace_lpc845/sdks/04_alarma_sdk/devices/LPC845/drivers/fsl_common_arm.c.obj
                0x00001544                SDK_DelayAtLeastUs
 .text.CLOCK_EnableClock
                0x000015c8       0x54 CMakeFiles/new_project.elf.dir/C_/Users/totia/OneDrive/Documentos/GitHub/curso-lse/workspace_lpc845/sdks/04_alarma_sdk/devices/LPC845/drivers/fsl_adc.c.obj
 .text.RESET_ReleasePeripheralReset
                0x0000161c       0x18 CMakeFiles/new_project.elf.dir/C_/Users/totia/OneDrive/Documentos/GitHub/curso-lse/workspace_lpc845/sdks/04_alarma_sdk/devices/LPC845/drivers/fsl_adc.c.obj
 .text.ADC_GetInstance
                0x00001634       0x54 CMakeFiles/new_project.elf.dir/C_/Users/totia/OneDrive/Documentos/GitHub/curso-lse/workspace_lpc845/sdks/04_alarma_sdk/devices/LPC845/drivers/fsl_adc.c.obj
 .text.ADC_Init
                0x00001688       0xb4 CMakeFiles/new_project.elf.dir/C_/Users/totia/OneDrive/Documentos/GitHub/curso-lse/workspace_lpc845/sdks/04_alarma_sdk/devices/LPC845/drivers/fsl_adc.c.obj
                0x00001688                ADC_Init
 .text.ADC_GetDefaultConfig
                0x0000173c       0x34 CMakeFiles/new_project.elf.dir/C_/Users/totia/OneDrive/Documentos/GitHub/curso-lse/workspace_lpc845/sdks/04_alarma_sdk/devices/LPC845/drivers/fsl_adc.c.obj
                0x0000173c                ADC_GetDefaultConfig
 .text.ADC_DoSelfCalibration
                0x00001770       0xc0 CMakeFiles/new_project.elf.dir/C_/Users/totia/OneDrive/Documentos/GitHub/curso-lse/workspace_lpc845/sdks/04_alarma_sdk/devices/LPC845/drivers/fsl_adc.c.obj
                0x00001770                ADC_DoSelfCalibration
 .text.ADC_SetConvSeqAConfig
                0x00001830       0xa0 CMakeFiles/new_project.elf.dir/C_/Users/totia/OneDrive/Documentos/GitHub/curso-lse/workspace_lpc845/sdks/04_alarma_sdk/devices/LPC845/drivers/fsl_adc.c.obj
                0x00001830                ADC_SetConvSeqAConfig
 .text.ADC_SetConvSeqBConfig
                0x000018d0       0xa0 CMakeFiles/new_project.elf.dir/C_/Users/totia/OneDrive/Documentos/GitHub/curso-lse/workspace_lpc845/sdks/04_alarma_sdk/devices/LPC845/drivers/fsl_adc.c.obj
                0x000018d0                ADC_SetConvSeqBConfig
 .text.ADC_GetChannelConversionResult
                0x00001970       0xbc CMakeFiles/new_project.elf.dir/C_/Users/totia/OneDrive/Documentos/GitHub/curso-lse/workspace_lpc845/sdks/04_alarma_sdk/devices/LPC845/drivers/fsl_adc.c.obj
                0x00001970                ADC_GetChannelConversionResult
 .text.CLOCK_EnableClock
                0x00001a2c       0x54 CMakeFiles/new_project.elf.dir/C_/Users/totia/OneDrive/Documentos/GitHub/curso-lse/workspace_lpc845/sdks/04_alarma_sdk/devices/LPC845/drivers/fsl_gpio.c.obj
 .text.GPIO_EnablePortClock
                0x00001a80       0x44 CMakeFiles/new_project.elf.dir/C_/Users/totia/OneDrive/Documentos/GitHub/curso-lse/workspace_lpc845/sdks/04_alarma_sdk/devices/LPC845/drivers/fsl_gpio.c.obj
 .text.GPIO_PortInit
                0x00001ac4       0x30 CMakeFiles/new_project.elf.dir/C_/Users/totia/OneDrive/Documentos/GitHub/curso-lse/workspace_lpc845/sdks/04_alarma_sdk/devices/LPC845/drivers/fsl_gpio.c.obj
                0x00001ac4                GPIO_PortInit
 .text.GPIO_PinInit
                0x00001af4       0xc0 CMakeFiles/new_project.elf.dir/C_/Users/totia/OneDrive/Documentos/GitHub/curso-lse/workspace_lpc845/sdks/04_alarma_sdk/devices/LPC845/drivers/fsl_gpio.c.obj
                0x00001af4                GPIO_PinInit
 .text.CLOCK_EnableClock
                0x00001bb4       0x54 CMakeFiles/new_project.elf.dir/08d8c53291042733ef4305dc037bba4c/GitHub/curso-lse/workspace_lpc845/sdks/04_alarma_sdk/devices/LPC845/drivers/fsl_usart.c.obj
 .text.USART_EnableContinuousSCLK
                0x00001c08       0x40 CMakeFiles/new_project.elf.dir/08d8c53291042733ef4305dc037bba4c/GitHub/curso-lse/workspace_lpc845/sdks/04_alarma_sdk/devices/LPC845/drivers/fsl_usart.c.obj
 .text.USART_EnableTx
                0x00001c48       0x46 CMakeFiles/new_project.elf.dir/08d8c53291042733ef4305dc037bba4c/GitHub/curso-lse/workspace_lpc845/sdks/04_alarma_sdk/devices/LPC845/drivers/fsl_usart.c.obj
 .text.USART_EnableRx
                0x00001c8e       0x44 CMakeFiles/new_project.elf.dir/08d8c53291042733ef4305dc037bba4c/GitHub/curso-lse/workspace_lpc845/sdks/04_alarma_sdk/devices/LPC845/drivers/fsl_usart.c.obj
 *fill*         0x00001cd2        0x2 
 .text.USART_GetInstance
                0x00001cd4       0x58 CMakeFiles/new_project.elf.dir/08d8c53291042733ef4305dc037bba4c/GitHub/curso-lse/workspace_lpc845/sdks/04_alarma_sdk/devices/LPC845/drivers/fsl_usart.c.obj
                0x00001cd4                USART_GetInstance
 .text.USART_Init
                0x00001d2c      0x138 CMakeFiles/new_project.elf.dir/08d8c53291042733ef4305dc037bba4c/GitHub/curso-lse/workspace_lpc845/sdks/04_alarma_sdk/devices/LPC845/drivers/fsl_usart.c.obj
                0x00001d2c                USART_Init
 .text.USART_GetDefaultConfig
                0x00001e64       0x80 CMakeFiles/new_project.elf.dir/08d8c53291042733ef4305dc037bba4c/GitHub/curso-lse/workspace_lpc845/sdks/04_alarma_sdk/devices/LPC845/drivers/fsl_usart.c.obj
                0x00001e64                USART_GetDefaultConfig
 .text.USART_SetBaudRate
                0x00001ee4      0x15c CMakeFiles/new_project.elf.dir/08d8c53291042733ef4305dc037bba4c/GitHub/curso-lse/workspace_lpc845/sdks/04_alarma_sdk/devices/LPC845/drivers/fsl_usart.c.obj
                0x00001ee4                USART_SetBaudRate
 .text.USART_WriteBlocking
                0x00002040       0x70 CMakeFiles/new_project.elf.dir/08d8c53291042733ef4305dc037bba4c/GitHub/curso-lse/workspace_lpc845/sdks/04_alarma_sdk/devices/LPC845/drivers/fsl_usart.c.obj
                0x00002040                USART_WriteBlocking
 .text.USART_ReadBlocking
                0x000020b0       0xd0 CMakeFiles/new_project.elf.dir/08d8c53291042733ef4305dc037bba4c/GitHub/curso-lse/workspace_lpc845/sdks/04_alarma_sdk/devices/LPC845/drivers/fsl_usart.c.obj
                0x000020b0                USART_ReadBlocking
 .text.USART0_DriverIRQHandler
                0x00002180       0x24 CMakeFiles/new_project.elf.dir/08d8c53291042733ef4305dc037bba4c/GitHub/curso-lse/workspace_lpc845/sdks/04_alarma_sdk/devices/LPC845/drivers/fsl_usart.c.obj
                0x00002180                USART0_DriverIRQHandler
 .text.USART1_DriverIRQHandler
                0x000021a4       0x24 CMakeFiles/new_project.elf.dir/08d8c53291042733ef4305dc037bba4c/GitHub/curso-lse/workspace_lpc845/sdks/04_alarma_sdk/devices/LPC845/drivers/fsl_usart.c.obj
                0x000021a4                USART1_DriverIRQHandler
 .text.USART2_DriverIRQHandler
                0x000021c8       0x24 CMakeFiles/new_project.elf.dir/08d8c53291042733ef4305dc037bba4c/GitHub/curso-lse/workspace_lpc845/sdks/04_alarma_sdk/devices/LPC845/drivers/fsl_usart.c.obj
                0x000021c8                USART2_DriverIRQHandler
 .text.PIN_INT6_USART3_DriverIRQHandler
                0x000021ec       0x24 CMakeFiles/new_project.elf.dir/08d8c53291042733ef4305dc037bba4c/GitHub/curso-lse/workspace_lpc845/sdks/04_alarma_sdk/devices/LPC845/drivers/fsl_usart.c.obj
                0x000021ec                PIN_INT6_USART3_DriverIRQHandler
 .text.PIN_INT7_USART4_DriverIRQHandler
                0x00002210       0x24 CMakeFiles/new_project.elf.dir/08d8c53291042733ef4305dc037bba4c/GitHub/curso-lse/workspace_lpc845/sdks/04_alarma_sdk/devices/LPC845/drivers/fsl_usart.c.obj
                0x00002210                PIN_INT7_USART4_DriverIRQHandler
 .text.RESET_SetPeripheralReset
                0x00002234       0x7c CMakeFiles/new_project.elf.dir/08d8c53291042733ef4305dc037bba4c/GitHub/curso-lse/workspace_lpc845/sdks/04_alarma_sdk/devices/LPC845/drivers/fsl_reset.c.obj
                0x00002234                RESET_SetPeripheralReset
 .text.RESET_ClearPeripheralReset
                0x000022b0       0x78 CMakeFiles/new_project.elf.dir/08d8c53291042733ef4305dc037bba4c/GitHub/curso-lse/workspace_lpc845/sdks/04_alarma_sdk/devices/LPC845/drivers/fsl_reset.c.obj
                0x000022b0                RESET_ClearPeripheralReset
 .text.RESET_PeripheralReset
                0x00002328       0x20 CMakeFiles/new_project.elf.dir/08d8c53291042733ef4305dc037bba4c/GitHub/curso-lse/workspace_lpc845/sdks/04_alarma_sdk/devices/LPC845/drivers/fsl_reset.c.obj
                0x00002328                RESET_PeripheralReset
 .text.SWM_SetFixedPinSelect
                0x00002348       0xac CMakeFiles/new_project.elf.dir/C_/Users/totia/OneDrive/Documentos/GitHub/curso-lse/workspace_lpc845/sdks/04_alarma_sdk/devices/LPC845/drivers/fsl_swm.c.obj
                0x00002348                SWM_SetFixedPinSelect
 .text.fsl_assert_hook
                0x000023f4       0x16 CMakeFiles/new_project.elf.dir/e50fa42c96dad9d8d207ba90a8b49f56/sdks/04_alarma_sdk/devices/LPC845/utilities/debug_console_lite/fsl_assert.c.obj
                0x000023f4                fsl_assert_hook
 *fill*         0x0000240a        0x2 
 .text.__assert_func
                0x0000240c       0x34 CMakeFiles/new_project.elf.dir/e50fa42c96dad9d8d207ba90a8b49f56/sdks/04_alarma_sdk/devices/LPC845/utilities/debug_console_lite/fsl_assert.c.obj
                0x0000240c                __assert_func
 .text.DbgConsole_Init
                0x00002440       0xa8 CMakeFiles/new_project.elf.dir/e50fa42c96dad9d8d207ba90a8b49f56/sdks/04_alarma_sdk/devices/LPC845/utilities/debug_console_lite/fsl_debug_console.c.obj
                0x00002440                DbgConsole_Init
 .text.DbgConsole_Printf
                0x000024e8       0x32 CMakeFiles/new_project.elf.dir/e50fa42c96dad9d8d207ba90a8b49f56/sdks/04_alarma_sdk/devices/LPC845/utilities/debug_console_lite/fsl_debug_console.c.obj
                0x000024e8                DbgConsole_Printf
 *fill*         0x0000251a        0x2 
 .text.DbgConsole_Vprintf
                0x0000251c       0x40 CMakeFiles/new_project.elf.dir/e50fa42c96dad9d8d207ba90a8b49f56/sdks/04_alarma_sdk/devices/LPC845/utilities/debug_console_lite/fsl_debug_console.c.obj
                0x0000251c                DbgConsole_Vprintf
 .text.DbgConsole_Putchar
                0x0000255c       0x30 CMakeFiles/new_project.elf.dir/e50fa42c96dad9d8d207ba90a8b49f56/sdks/04_alarma_sdk/devices/LPC845/utilities/debug_console_lite/fsl_debug_console.c.obj
                0x0000255c                DbgConsole_Putchar
 .text.DbgConsole_PrintfPaddingCharacter
                0x0000258c       0x48 CMakeFiles/new_project.elf.dir/e50fa42c96dad9d8d207ba90a8b49f56/sdks/04_alarma_sdk/devices/LPC845/utilities/debug_console_lite/fsl_debug_console.c.obj
 .text.DbgConsole_ConvertRadixNumToString
                0x000025d4       0xc2 CMakeFiles/new_project.elf.dir/e50fa42c96dad9d8d207ba90a8b49f56/sdks/04_alarma_sdk/devices/LPC845/utilities/debug_console_lite/fsl_debug_console.c.obj
 .text.DbgConsole_PrintfFormattedData
                0x00002696      0x3da CMakeFiles/new_project.elf.dir/e50fa42c96dad9d8d207ba90a8b49f56/sdks/04_alarma_sdk/devices/LPC845/utilities/debug_console_lite/fsl_debug_console.c.obj
 .text.__muldi3
                0x00002a70       0x5c C:/Users/totia/.mcuxpressotools/arm-gnu-toolchain-13.2.Rel1-mingw-w64-i686-arm-none-eabi/bin/../lib/gcc/arm-none-eabi/13.2.1/thumb/v6-m/nofp\libgcc.a(_muldi3.o)
                0x00002a70                __muldi3
                0x00002a70                __aeabi_lmul
 .text.__udivmoddi4
                0x00002acc      0x198 C:/Users/totia/.mcuxpressotools/arm-gnu-toolchain-13.2.Rel1-mingw-w64-i686-arm-none-eabi/bin/../lib/gcc/arm-none-eabi/13.2.1/thumb/v6-m/nofp\libgcc.a(_udivmoddi4.o)
                0x00002acc                __udivmoddi4
 .text.exit     0x00002c64       0x28 C:/Users/totia/.mcuxpressotools/arm-gnu-toolchain-13.2.Rel1-mingw-w64-i686-arm-none-eabi/bin/../lib/gcc/arm-none-eabi/13.2.1/thumb/v6-m/nofp\libc_nano.a(libc_a-exit.o)
                0x00002c64                exit
 .text.memset   0x00002c8c       0x10 C:/Users/totia/.mcuxpressotools/arm-gnu-toolchain-13.2.Rel1-mingw-w64-i686-arm-none-eabi/bin/../lib/gcc/arm-none-eabi/13.2.1/thumb/v6-m/nofp\libc_nano.a(libc_a-memset.o)
                0x00002c8c                memset
 .text.__libc_init_array
                0x00002c9c       0x48 C:/Users/totia/.mcuxpressotools/arm-gnu-toolchain-13.2.Rel1-mingw-w64-i686-arm-none-eabi/bin/../lib/gcc/arm-none-eabi/13.2.1/thumb/v6-m/nofp\libc_nano.a(libc_a-init.o)
                0x00002c9c                __libc_init_array
 .text.memcpy   0x00002ce4       0x12 C:/Users/totia/.mcuxpressotools/arm-gnu-toolchain-13.2.Rel1-mingw-w64-i686-arm-none-eabi/bin/../lib/gcc/arm-none-eabi/13.2.1/thumb/v6-m/nofp\libc_nano.a(libc_a-memcpy-stub.o)
                0x00002ce4                memcpy
 .text._exit    0x00002cf6        0x2 C:/Users/totia/.mcuxpressotools/arm-gnu-toolchain-13.2.Rel1-mingw-w64-i686-arm-none-eabi/bin/../lib/gcc/arm-none-eabi/13.2.1/../../../../arm-none-eabi/lib/thumb/v6-m/nofp\libcr_newlib_nohost.a(_exit.o)
                0x00002cf6                _exit
 .text.prvCreateTask
                0x00002cf8       0x82 freertos/libfreertos.a(tasks.c.obj)
 .text.xTaskCreate
                0x00002d7a       0x4c freertos/libfreertos.a(tasks.c.obj)
                0x00002d7a                xTaskCreate
 *fill*         0x00002dc6        0x2 
 .text.prvInitialiseNewTask
                0x00002dc8      0x108 freertos/libfreertos.a(tasks.c.obj)
 .text.prvAddNewTaskToReadyList
                0x00002ed0      0x120 freertos/libfreertos.a(tasks.c.obj)
 .text.vTaskDelete
                0x00002ff0       0xec freertos/libfreertos.a(tasks.c.obj)
                0x00002ff0                vTaskDelete
 .text.vTaskDelay
                0x000030dc       0x4c freertos/libfreertos.a(tasks.c.obj)
                0x000030dc                vTaskDelay
 .text.uxTaskPriorityGet
                0x00003128       0x34 freertos/libfreertos.a(tasks.c.obj)
                0x00003128                uxTaskPriorityGet
 .text.vTaskPrioritySet
                0x0000315c      0x178 freertos/libfreertos.a(tasks.c.obj)
                0x0000315c                vTaskPrioritySet
 .text.prvCreateIdleTasks
                0x000032d4       0x98 freertos/libfreertos.a(tasks.c.obj)
 .text.vTaskStartScheduler
                0x0000336c       0x58 freertos/libfreertos.a(tasks.c.obj)
                0x0000336c                vTaskStartScheduler
 .text.vTaskSuspendAll
                0x000033c4       0x18 freertos/libfreertos.a(tasks.c.obj)
                0x000033c4                vTaskSuspendAll
 .text.prvGetExpectedIdleTime
                0x000033dc       0x70 freertos/libfreertos.a(tasks.c.obj)
 .text.xTaskResumeAll
                0x0000344c      0x1ec freertos/libfreertos.a(tasks.c.obj)
                0x0000344c                xTaskResumeAll
 .text.vTaskStepTick
                0x00003638       0x84 freertos/libfreertos.a(tasks.c.obj)
                0x00003638                vTaskStepTick
 .text.xTaskIncrementTick
                0x000036bc      0x21c freertos/libfreertos.a(tasks.c.obj)
                0x000036bc                xTaskIncrementTick
 .text.vTaskSwitchContext
                0x000038d8       0xa8 freertos/libfreertos.a(tasks.c.obj)
                0x000038d8                vTaskSwitchContext
 .text.prvIdleTask
                0x00003980       0x64 freertos/libfreertos.a(tasks.c.obj)
 .text.eTaskConfirmSleepModeStatus
                0x000039e4       0x78 freertos/libfreertos.a(tasks.c.obj)
                0x000039e4                eTaskConfirmSleepModeStatus
 .text.prvInitialiseTaskLists
                0x00003a5c       0x88 freertos/libfreertos.a(tasks.c.obj)
 .text.prvCheckTasksWaitingTermination
                0x00003ae4       0x5c freertos/libfreertos.a(tasks.c.obj)
 .text.prvDeleteTCB
                0x00003b40       0x22 freertos/libfreertos.a(tasks.c.obj)
 *fill*         0x00003b62        0x2 
 .text.prvResetNextTaskUnblockTime
                0x00003b64       0x34 freertos/libfreertos.a(tasks.c.obj)
 .text.prvAddCurrentTaskToDelayedList
                0x00003b98       0xe4 freertos/libfreertos.a(tasks.c.obj)
 .text.pvPortMalloc
                0x00003c7c      0x140 freertos/libfreertos.a(heap_2.c.obj)
                0x00003c7c                pvPortMalloc
 .text.vPortFree
                0x00003dbc       0xac freertos/libfreertos.a(heap_2.c.obj)
                0x00003dbc                vPortFree
 .text.prvHeapInit
                0x00003e68       0x50 freertos/libfreertos.a(heap_2.c.obj)
 .text.pxPortInitialiseStack
                0x00003eb8       0x54 freertos/libfreertos.a(port.c.obj)
                0x00003eb8                pxPortInitialiseStack
 .text.prvTaskExitError
                0x00003f0c       0x30 freertos/libfreertos.a(port.c.obj)
 .text.SVC_Handler
                0x00003f3c        0xa freertos/libfreertos.a(port.c.obj)
                0x00003f3c                SVC_Handler
 *fill*         0x00003f46        0xa 
 .text.vPortStartFirstTask
                0x00003f50       0x38 freertos/libfreertos.a(port.c.obj)
 .text.xPortStartScheduler
                0x00003f88       0x48 freertos/libfreertos.a(port.c.obj)
                0x00003f88                xPortStartScheduler
 .text.vPortYield
                0x00003fd0       0x20 freertos/libfreertos.a(port.c.obj)
                0x00003fd0                vPortYield
 .text.vPortEnterCritical
                0x00003ff0       0x24 freertos/libfreertos.a(port.c.obj)
                0x00003ff0                vPortEnterCritical
 .text.vPortExitCritical
                0x00004014       0x30 freertos/libfreertos.a(port.c.obj)
                0x00004014                vPortExitCritical
 .text.ulSetInterruptMaskFromISR
                0x00004044        0xc freertos/libfreertos.a(port.c.obj)
                0x00004044                ulSetInterruptMaskFromISR
 .text.vClearInterruptMaskFromISR
                0x00004050        0x8 freertos/libfreertos.a(port.c.obj)
                0x00004050                vClearInterruptMaskFromISR
 *fill*         0x00004058        0x8 
 .text.PendSV_Handler
                0x00004060       0x48 freertos/libfreertos.a(port.c.obj)
                0x00004060                PendSV_Handler
 .text.SysTick_Handler
                0x000040a8       0x34 freertos/libfreertos.a(port.c.obj)
                0x000040a8                SysTick_Handler
 .text.vPortSetupTimerInterrupt
                0x000040dc       0x84 freertos/libfreertos.a(port.c.obj)
                0x000040dc                vPortSetupTimerInterrupt
 .text.vPortSuppressTicksAndSleep
                0x00004160      0x194 freertos/libfreertos.a(port.c.obj)
                0x00004160                vPortSuppressTicksAndSleep
 .text.vListInitialise
                0x000042f4       0x3c freertos/libfreertos.a(list.c.obj)
                0x000042f4                vListInitialise
 .text.vListInitialiseItem
                0x00004330       0x16 freertos/libfreertos.a(list.c.obj)
                0x00004330                vListInitialiseItem
 .text.vListInsertEnd
                0x00004346       0x44 freertos/libfreertos.a(list.c.obj)
                0x00004346                vListInsertEnd
 .text.vListInsert
                0x0000438a       0x6c freertos/libfreertos.a(list.c.obj)
                0x0000438a                vListInsert
 .text.uxListRemove
                0x000043f6       0x50 freertos/libfreertos.a(list.c.obj)
                0x000043f6                uxListRemove
 *(.rodata)
 *fill*         0x00004446        0x2 
 .rodata        0x00004448       0x8e CMakeFiles/new_project.elf.dir/C_/Users/totia/OneDrive/Documentos/GitHub/curso-lse/workspace_lpc845/04_alarma/main.c.obj
 *fill*         0x000044d6        0x2 
 .rodata        0x000044d8       0x73 CMakeFiles/new_project.elf.dir/C_/Users/totia/OneDrive/Documentos/GitHub/curso-lse/workspace_lpc845/04_alarma/board.c.obj
 *fill*         0x0000454b        0x1 
 .rodata        0x0000454c       0x87 CMakeFiles/new_project.elf.dir/C_/Users/totia/OneDrive/Documentos/GitHub/curso-lse/workspace_lpc845/04_alarma/clock_config.c.obj
 *fill*         0x000045d3        0x1 
 .rodata        0x000045d4      0x11b CMakeFiles/new_project.elf.dir/b2f5765e3116205059112aab3ed77601/curso-lse/workspace_lpc845/sdks/04_alarma_sdk/components/uart/fsl_adapter_miniusart.c.obj
 *fill*         0x000046ef        0x1 
 .rodata        0x000046f0       0xdc CMakeFiles/new_project.elf.dir/08d8c53291042733ef4305dc037bba4c/GitHub/curso-lse/workspace_lpc845/sdks/04_alarma_sdk/devices/LPC845/drivers/fsl_clock.c.obj
 .rodata        0x000047cc       0x94 CMakeFiles/new_project.elf.dir/b2f5765e3116205059112aab3ed77601/curso-lse/workspace_lpc845/sdks/04_alarma_sdk/devices/LPC845/drivers/fsl_common_arm.c.obj
 .rodata        0x00004860       0xe8 CMakeFiles/new_project.elf.dir/C_/Users/totia/OneDrive/Documentos/GitHub/curso-lse/workspace_lpc845/sdks/04_alarma_sdk/devices/LPC845/drivers/fsl_adc.c.obj
 .rodata        0x00004948       0x9e CMakeFiles/new_project.elf.dir/C_/Users/totia/OneDrive/Documentos/GitHub/curso-lse/workspace_lpc845/sdks/04_alarma_sdk/devices/LPC845/drivers/fsl_gpio.c.obj
 *fill*         0x000049e6        0x2 
 .rodata        0x000049e8      0x2bb CMakeFiles/new_project.elf.dir/08d8c53291042733ef4305dc037bba4c/GitHub/curso-lse/workspace_lpc845/sdks/04_alarma_sdk/devices/LPC845/drivers/fsl_usart.c.obj
 *fill*         0x00004ca3        0x1 
 .rodata        0x00004ca4       0x8b CMakeFiles/new_project.elf.dir/08d8c53291042733ef4305dc037bba4c/GitHub/curso-lse/workspace_lpc845/sdks/04_alarma_sdk/devices/LPC845/drivers/fsl_reset.c.obj
 *fill*         0x00004d2f        0x1 
 .rodata        0x00004d30       0xaa CMakeFiles/new_project.elf.dir/C_/Users/totia/OneDrive/Documentos/GitHub/curso-lse/workspace_lpc845/sdks/04_alarma_sdk/devices/LPC845/drivers/fsl_swm.c.obj
 *fill*         0x00004dda        0x2 
 .rodata        0x00004ddc       0x3e CMakeFiles/new_project.elf.dir/e50fa42c96dad9d8d207ba90a8b49f56/sdks/04_alarma_sdk/devices/LPC845/utilities/debug_console_lite/fsl_assert.c.obj
 *fill*         0x00004e1a        0x2 
 .rodata        0x00004e1c        0x5 freertos/libfreertos.a(tasks.c.obj)
 *(.rodata*)
 *fill*         0x00004e21        0x3 
 .rodata.__func__.0
                0x00004e24       0x17 CMakeFiles/new_project.elf.dir/C_/Users/totia/OneDrive/Documentos/GitHub/curso-lse/workspace_lpc845/04_alarma/board.c.obj
 *fill*         0x00004e3b        0x1 
 .rodata.__func__.0
                0x00004e3c       0x17 CMakeFiles/new_project.elf.dir/C_/Users/totia/OneDrive/Documentos/GitHub/curso-lse/workspace_lpc845/04_alarma/clock_config.c.obj
 *fill*         0x00004e53        0x1 
 .rodata.s_UsartAdapterBase
                0x00004e54       0x14 CMakeFiles/new_project.elf.dir/b2f5765e3116205059112aab3ed77601/curso-lse/workspace_lpc845/sdks/04_alarma_sdk/components/uart/fsl_adapter_miniusart.c.obj
 .rodata.__func__.5
                0x00004e68        0xd CMakeFiles/new_project.elf.dir/b2f5765e3116205059112aab3ed77601/curso-lse/workspace_lpc845/sdks/04_alarma_sdk/components/uart/fsl_adapter_miniusart.c.obj
 *fill*         0x00004e75        0x3 
 .rodata.__func__.3
                0x00004e78       0x18 CMakeFiles/new_project.elf.dir/b2f5765e3116205059112aab3ed77601/curso-lse/workspace_lpc845/sdks/04_alarma_sdk/components/uart/fsl_adapter_miniusart.c.obj
 .rodata.__func__.2
                0x00004e90       0x15 CMakeFiles/new_project.elf.dir/b2f5765e3116205059112aab3ed77601/curso-lse/workspace_lpc845/sdks/04_alarma_sdk/components/uart/fsl_adapter_miniusart.c.obj
 *fill*         0x00004ea5        0x3 
 .rodata.CLOCK_GetFreq
                0x00004ea8       0x24 CMakeFiles/new_project.elf.dir/08d8c53291042733ef4305dc037bba4c/GitHub/curso-lse/workspace_lpc845/sdks/04_alarma_sdk/devices/LPC845/drivers/fsl_clock.c.obj
 .rodata.__func__.2
                0x00004ecc       0x13 CMakeFiles/new_project.elf.dir/08d8c53291042733ef4305dc037bba4c/GitHub/curso-lse/workspace_lpc845/sdks/04_alarma_sdk/devices/LPC845/drivers/fsl_clock.c.obj
 *fill*         0x00004edf        0x1 
 .rodata.__func__.0
                0x00004ee0       0x13 CMakeFiles/new_project.elf.dir/b2f5765e3116205059112aab3ed77601/curso-lse/workspace_lpc845/sdks/04_alarma_sdk/devices/LPC845/drivers/fsl_common_arm.c.obj
 *fill*         0x00004ef3        0x1 
 .rodata.__func__.7
                0x00004ef4       0x10 CMakeFiles/new_project.elf.dir/C_/Users/totia/OneDrive/Documentos/GitHub/curso-lse/workspace_lpc845/sdks/04_alarma_sdk/devices/LPC845/drivers/fsl_adc.c.obj
 .rodata.__func__.6
                0x00004f04        0x9 CMakeFiles/new_project.elf.dir/C_/Users/totia/OneDrive/Documentos/GitHub/curso-lse/workspace_lpc845/sdks/04_alarma_sdk/devices/LPC845/drivers/fsl_adc.c.obj
 *fill*         0x00004f0d        0x3 
 .rodata.__func__.5
                0x00004f10       0x16 CMakeFiles/new_project.elf.dir/C_/Users/totia/OneDrive/Documentos/GitHub/curso-lse/workspace_lpc845/sdks/04_alarma_sdk/devices/LPC845/drivers/fsl_adc.c.obj
 *fill*         0x00004f26        0x2 
 .rodata.__func__.4
                0x00004f28       0x16 CMakeFiles/new_project.elf.dir/C_/Users/totia/OneDrive/Documentos/GitHub/curso-lse/workspace_lpc845/sdks/04_alarma_sdk/devices/LPC845/drivers/fsl_adc.c.obj
 *fill*         0x00004f3e        0x2 
 .rodata.__func__.3
                0x00004f40       0x16 CMakeFiles/new_project.elf.dir/C_/Users/totia/OneDrive/Documentos/GitHub/curso-lse/workspace_lpc845/sdks/04_alarma_sdk/devices/LPC845/drivers/fsl_adc.c.obj
 *fill*         0x00004f56        0x2 
 .rodata.__func__.0
                0x00004f58       0x1f CMakeFiles/new_project.elf.dir/C_/Users/totia/OneDrive/Documentos/GitHub/curso-lse/workspace_lpc845/sdks/04_alarma_sdk/devices/LPC845/drivers/fsl_adc.c.obj
 *fill*         0x00004f77        0x1 
 .rodata.s_gpioClockName
                0x00004f78        0x4 CMakeFiles/new_project.elf.dir/C_/Users/totia/OneDrive/Documentos/GitHub/curso-lse/workspace_lpc845/sdks/04_alarma_sdk/devices/LPC845/drivers/fsl_gpio.c.obj
 .rodata.s_gpioResets
                0x00004f7c        0x8 CMakeFiles/new_project.elf.dir/C_/Users/totia/OneDrive/Documentos/GitHub/curso-lse/workspace_lpc845/sdks/04_alarma_sdk/devices/LPC845/drivers/fsl_gpio.c.obj
 .rodata.__func__.0
                0x00004f84       0x15 CMakeFiles/new_project.elf.dir/C_/Users/totia/OneDrive/Documentos/GitHub/curso-lse/workspace_lpc845/sdks/04_alarma_sdk/devices/LPC845/drivers/fsl_gpio.c.obj
 *fill*         0x00004f99        0x3 
 .rodata.s_usartBaseAddrs
                0x00004f9c       0x14 CMakeFiles/new_project.elf.dir/08d8c53291042733ef4305dc037bba4c/GitHub/curso-lse/workspace_lpc845/sdks/04_alarma_sdk/devices/LPC845/drivers/fsl_usart.c.obj
 .rodata.s_usartClock
                0x00004fb0        0xa CMakeFiles/new_project.elf.dir/08d8c53291042733ef4305dc037bba4c/GitHub/curso-lse/workspace_lpc845/sdks/04_alarma_sdk/devices/LPC845/drivers/fsl_usart.c.obj
 *fill*         0x00004fba        0x2 
 .rodata.s_usartRest
                0x00004fbc       0x14 CMakeFiles/new_project.elf.dir/08d8c53291042733ef4305dc037bba4c/GitHub/curso-lse/workspace_lpc845/sdks/04_alarma_sdk/devices/LPC845/drivers/fsl_usart.c.obj
 .rodata.__func__.18
                0x00004fd0       0x12 CMakeFiles/new_project.elf.dir/08d8c53291042733ef4305dc037bba4c/GitHub/curso-lse/workspace_lpc845/sdks/04_alarma_sdk/devices/LPC845/drivers/fsl_usart.c.obj
 *fill*         0x00004fe2        0x2 
 .rodata.__func__.13
                0x00004fe4        0xb CMakeFiles/new_project.elf.dir/08d8c53291042733ef4305dc037bba4c/GitHub/curso-lse/workspace_lpc845/sdks/04_alarma_sdk/devices/LPC845/drivers/fsl_usart.c.obj
 *fill*         0x00004fef        0x1 
 .rodata.__func__.11
                0x00004ff0       0x17 CMakeFiles/new_project.elf.dir/08d8c53291042733ef4305dc037bba4c/GitHub/curso-lse/workspace_lpc845/sdks/04_alarma_sdk/devices/LPC845/drivers/fsl_usart.c.obj
 *fill*         0x00005007        0x1 
 .rodata.__func__.10
                0x00005008       0x12 CMakeFiles/new_project.elf.dir/08d8c53291042733ef4305dc037bba4c/GitHub/curso-lse/workspace_lpc845/sdks/04_alarma_sdk/devices/LPC845/drivers/fsl_usart.c.obj
 *fill*         0x0000501a        0x2 
 .rodata.__func__.9
                0x0000501c       0x14 CMakeFiles/new_project.elf.dir/08d8c53291042733ef4305dc037bba4c/GitHub/curso-lse/workspace_lpc845/sdks/04_alarma_sdk/devices/LPC845/drivers/fsl_usart.c.obj
 .rodata.__func__.8
                0x00005030       0x13 CMakeFiles/new_project.elf.dir/08d8c53291042733ef4305dc037bba4c/GitHub/curso-lse/workspace_lpc845/sdks/04_alarma_sdk/devices/LPC845/drivers/fsl_usart.c.obj
 *fill*         0x00005043        0x1 
 .rodata.__func__.1
                0x00005044       0x19 CMakeFiles/new_project.elf.dir/08d8c53291042733ef4305dc037bba4c/GitHub/curso-lse/workspace_lpc845/sdks/04_alarma_sdk/devices/LPC845/drivers/fsl_reset.c.obj
 *fill*         0x0000505d        0x3 
 .rodata.__func__.0
                0x00005060       0x1b CMakeFiles/new_project.elf.dir/08d8c53291042733ef4305dc037bba4c/GitHub/curso-lse/workspace_lpc845/sdks/04_alarma_sdk/devices/LPC845/drivers/fsl_reset.c.obj
 *fill*         0x0000507b        0x1 
 .rodata.__func__.0
                0x0000507c       0x16 CMakeFiles/new_project.elf.dir/C_/Users/totia/OneDrive/Documentos/GitHub/curso-lse/workspace_lpc845/sdks/04_alarma_sdk/devices/LPC845/drivers/fsl_swm.c.obj
 *fill*         0x00005092        0x2 
 .rodata.uxTopUsedPriority
                0x00005094        0x4 freertos/libfreertos.a(tasks.c.obj)
 *(.glue_7)
 .glue_7        0x00005098        0x0 linker stubs
 *(.glue_7t)
 .glue_7t       0x00005098        0x0 linker stubs
 *(.eh_frame)
 .eh_frame      0x00005098        0x0 C:/Users/totia/.mcuxpressotools/arm-gnu-toolchain-13.2.Rel1-mingw-w64-i686-arm-none-eabi/bin/../lib/gcc/arm-none-eabi/13.2.1/thumb/v6-m/nofp/crtbegin.o
 *(.init)
 .init          0x00005098        0x4 C:/Users/totia/.mcuxpressotools/arm-gnu-toolchain-13.2.Rel1-mingw-w64-i686-arm-none-eabi/bin/../lib/gcc/arm-none-eabi/13.2.1/thumb/v6-m/nofp/crti.o
                0x00005098                _init
 .init          0x0000509c        0x8 C:/Users/totia/.mcuxpressotools/arm-gnu-toolchain-13.2.Rel1-mingw-w64-i686-arm-none-eabi/bin/../lib/gcc/arm-none-eabi/13.2.1/thumb/v6-m/nofp/crtn.o
 *(.fini)
 .fini          0x000050a4        0x4 C:/Users/totia/.mcuxpressotools/arm-gnu-toolchain-13.2.Rel1-mingw-w64-i686-arm-none-eabi/bin/../lib/gcc/arm-none-eabi/13.2.1/thumb/v6-m/nofp/crti.o
                0x000050a4                _fini
 .fini          0x000050a8        0x8 C:/Users/totia/.mcuxpressotools/arm-gnu-toolchain-13.2.Rel1-mingw-w64-i686-arm-none-eabi/bin/../lib/gcc/arm-none-eabi/13.2.1/thumb/v6-m/nofp/crtn.o
                0x000050b0                        . = ALIGN (0x4)

.vfp11_veneer   0x000050b0        0x0
 .vfp11_veneer  0x000050b0        0x0 linker stubs

.v4_bx          0x000050b0        0x0
 .v4_bx         0x000050b0        0x0 linker stubs

.iplt           0x000050b0        0x0
 .iplt          0x000050b0        0x0 C:/Users/totia/.mcuxpressotools/arm-gnu-toolchain-13.2.Rel1-mingw-w64-i686-arm-none-eabi/bin/../lib/gcc/arm-none-eabi/13.2.1/thumb/v6-m/nofp/crtbegin.o

.ARM.extab
 *(.ARM.extab* .gnu.linkonce.armextab.*)

.ARM            0x000050b0        0x8
                0x000050b0                        __exidx_start = .
 *(.ARM.exidx*)
 .ARM.exidx     0x000050b0        0x8 C:/Users/totia/.mcuxpressotools/arm-gnu-toolchain-13.2.Rel1-mingw-w64-i686-arm-none-eabi/bin/../lib/gcc/arm-none-eabi/13.2.1/thumb/v6-m/nofp/crt0.o
                                 0x10 (size before relaxing)
 .ARM.exidx.text.__udivmoddi4
                0x000050b8        0x0 C:/Users/totia/.mcuxpressotools/arm-gnu-toolchain-13.2.Rel1-mingw-w64-i686-arm-none-eabi/bin/../lib/gcc/arm-none-eabi/13.2.1/thumb/v6-m/nofp\libgcc.a(_udivmoddi4.o)
                                  0x8 (size before relaxing)
                0x000050b8                        __exidx_end = .

.rel.dyn        0x000050b8        0x0
 .rel.iplt      0x000050b8        0x0 C:/Users/totia/.mcuxpressotools/arm-gnu-toolchain-13.2.Rel1-mingw-w64-i686-arm-none-eabi/bin/../lib/gcc/arm-none-eabi/13.2.1/thumb/v6-m/nofp/crtbegin.o

.ctors          0x000050b8        0x0
                0x000050b8                        __CTOR_LIST__ = .
 *crtbegin.o(.ctors)
 *crtbegin?.o(.ctors)
 *(EXCLUDE_FILE(*crtend.o *crtend?.o) .ctors)
 *(SORT_BY_NAME(.ctors.*))
 *(.ctors)
                0x000050b8                        __CTOR_END__ = .

.dtors          0x000050b8        0x0
                0x000050b8                        __DTOR_LIST__ = .
 *crtbegin.o(.dtors)
 *crtbegin?.o(.dtors)
 *(EXCLUDE_FILE(*crtend.o *crtend?.o) .dtors)
 *(SORT_BY_NAME(.dtors.*))
 *(.dtors)
                0x000050b8                        __DTOR_END__ = .

.preinit_array  0x000050b8        0x0
                0x000050b8                        PROVIDE (__preinit_array_start = .)
 *(.preinit_array*)
                0x000050b8                        PROVIDE (__preinit_array_end = .)

.init_array     0x000050b8        0x4
                0x000050b8                        PROVIDE (__init_array_start = .)
 *(SORT_BY_NAME(.init_array.*))
 *(.init_array*)
 .init_array    0x000050b8        0x4 C:/Users/totia/.mcuxpressotools/arm-gnu-toolchain-13.2.Rel1-mingw-w64-i686-arm-none-eabi/bin/../lib/gcc/arm-none-eabi/13.2.1/thumb/v6-m/nofp/crtbegin.o
                0x000050bc                        PROVIDE (__init_array_end = .)

.fini_array     0x000050bc        0x4
                [!provide]                        PROVIDE (__fini_array_start = .)
 *(SORT_BY_NAME(.fini_array.*))
 *(.fini_array*)
 .fini_array    0x000050bc        0x4 C:/Users/totia/.mcuxpressotools/arm-gnu-toolchain-13.2.Rel1-mingw-w64-i686-arm-none-eabi/bin/../lib/gcc/arm-none-eabi/13.2.1/thumb/v6-m/nofp/crtbegin.o
                [!provide]                        PROVIDE (__fini_array_end = .)
                0x000050c0                        __etext = .
                0x000050c0                        __DATA_ROM = .

.data           0x10000000        0xc load address 0x000050c0
                0x10000000                        . = ALIGN (0x4)
                0x10000000                        __DATA_RAM = .
                0x10000000                        __data_start__ = .
 *(.ramfunc*)
 *(.data)
 *(.data*)
 .data.SystemCoreClock
                0x10000000        0x4 CMakeFiles/new_project.elf.dir/C_/Users/totia/OneDrive/Documentos/GitHub/curso-lse/workspace_lpc845/sdks/04_alarma_sdk/devices/LPC845/system_LPC845.c.obj
                0x10000000                SystemCoreClock
 .data.xFreeBytesRemaining
                0x10000004        0x4 freertos/libfreertos.a(heap_2.c.obj)
 .data.uxCriticalNesting
                0x10000008        0x4 freertos/libfreertos.a(port.c.obj)
 *(.jcr*)
                0x1000000c                        . = ALIGN (0x4)
                0x1000000c                        __data_end__ = .
                0x000050cc                        __DATA_END = (__DATA_ROM + (__data_end__ - __data_start__))
                0x00010000                        text_end = (ORIGIN (m_text) + LENGTH (m_text))
                0x00000001                        ASSERT ((__DATA_END <= text_end), region m_text overflowed with text and data)

.tm_clone_table
                0x1000000c        0x0 load address 0x000050cc
 .tm_clone_table
                0x1000000c        0x0 C:/Users/totia/.mcuxpressotools/arm-gnu-toolchain-13.2.Rel1-mingw-w64-i686-arm-none-eabi/bin/../lib/gcc/arm-none-eabi/13.2.1/thumb/v6-m/nofp/crtbegin.o
 .tm_clone_table
                0x1000000c        0x0 C:/Users/totia/.mcuxpressotools/arm-gnu-toolchain-13.2.Rel1-mingw-w64-i686-arm-none-eabi/bin/../lib/gcc/arm-none-eabi/13.2.1/thumb/v6-m/nofp/crtend.o

.igot.plt       0x1000000c        0x0 load address 0x000050cc
 .igot.plt      0x1000000c        0x0 C:/Users/totia/.mcuxpressotools/arm-gnu-toolchain-13.2.Rel1-mingw-w64-i686-arm-none-eabi/bin/../lib/gcc/arm-none-eabi/13.2.1/thumb/v6-m/nofp/crtbegin.o

.bss            0x1000000c     0x21bc load address 0x000050cc
                0x1000000c                        . = ALIGN (0x4)
                0x1000000c                        __START_BSS = .
                0x1000000c                        __bss_start__ = .
 *(.bss)
 *(.bss*)
 .bss.completed.1
                0x1000000c        0x1 C:/Users/totia/.mcuxpressotools/arm-gnu-toolchain-13.2.Rel1-mingw-w64-i686-arm-none-eabi/bin/../lib/gcc/arm-none-eabi/13.2.1/thumb/v6-m/nofp/crtbegin.o
 *fill*         0x1000000d        0x3 
 .bss.object.0  0x10000010       0x18 C:/Users/totia/.mcuxpressotools/arm-gnu-toolchain-13.2.Rel1-mingw-w64-i686-arm-none-eabi/bin/../lib/gcc/arm-none-eabi/13.2.1/thumb/v6-m/nofp/crtbegin.o
 .bss.seq_a_handle
                0x10000028        0x4 CMakeFiles/new_project.elf.dir/C_/Users/totia/OneDrive/Documentos/GitHub/curso-lse/workspace_lpc845/04_alarma/main.c.obj
                0x10000028                seq_a_handle
 .bss.seq_b_handle
                0x1000002c        0x4 CMakeFiles/new_project.elf.dir/C_/Users/totia/OneDrive/Documentos/GitHub/curso-lse/workspace_lpc845/04_alarma/main.c.obj
                0x1000002c                seq_b_handle
 .bss.g_Ext_Clk_Freq
                0x10000030        0x4 CMakeFiles/new_project.elf.dir/08d8c53291042733ef4305dc037bba4c/GitHub/curso-lse/workspace_lpc845/sdks/04_alarma_sdk/devices/LPC845/drivers/fsl_clock.c.obj
                0x10000030                g_Ext_Clk_Freq
 .bss.g_Wdt_Osc_Freq
                0x10000034        0x4 CMakeFiles/new_project.elf.dir/08d8c53291042733ef4305dc037bba4c/GitHub/curso-lse/workspace_lpc845/sdks/04_alarma_sdk/devices/LPC845/drivers/fsl_clock.c.obj
                0x10000034                g_Wdt_Osc_Freq
 .bss.s_usartHandle
                0x10000038       0x14 CMakeFiles/new_project.elf.dir/08d8c53291042733ef4305dc037bba4c/GitHub/curso-lse/workspace_lpc845/sdks/04_alarma_sdk/devices/LPC845/drivers/fsl_usart.c.obj
 .bss.s_usartIsr
                0x1000004c        0x4 CMakeFiles/new_project.elf.dir/08d8c53291042733ef4305dc037bba4c/GitHub/curso-lse/workspace_lpc845/sdks/04_alarma_sdk/devices/LPC845/drivers/fsl_usart.c.obj
 .bss.s_debugConsole
                0x10000050       0x14 CMakeFiles/new_project.elf.dir/e50fa42c96dad9d8d207ba90a8b49f56/sdks/04_alarma_sdk/devices/LPC845/utilities/debug_console_lite/fsl_debug_console.c.obj
 .bss.__stdio_exit_handler
                0x10000064        0x4 C:/Users/totia/.mcuxpressotools/arm-gnu-toolchain-13.2.Rel1-mingw-w64-i686-arm-none-eabi/bin/../lib/gcc/arm-none-eabi/13.2.1/thumb/v6-m/nofp\libc_nano.a(libc_a-findfp.o)
                0x10000064                __stdio_exit_handler
 .bss.pxCurrentTCB
                0x10000068        0x4 freertos/libfreertos.a(tasks.c.obj)
                0x10000068                pxCurrentTCB
 .bss.pxReadyTasksLists
                0x1000006c       0xa0 freertos/libfreertos.a(tasks.c.obj)
 .bss.xDelayedTaskList1
                0x1000010c       0x14 freertos/libfreertos.a(tasks.c.obj)
 .bss.xDelayedTaskList2
                0x10000120       0x14 freertos/libfreertos.a(tasks.c.obj)
 .bss.pxDelayedTaskList
                0x10000134        0x4 freertos/libfreertos.a(tasks.c.obj)
 .bss.pxOverflowDelayedTaskList
                0x10000138        0x4 freertos/libfreertos.a(tasks.c.obj)
 .bss.xPendingReadyList
                0x1000013c       0x14 freertos/libfreertos.a(tasks.c.obj)
 .bss.xTasksWaitingTermination
                0x10000150       0x14 freertos/libfreertos.a(tasks.c.obj)
 .bss.uxDeletedTasksWaitingCleanUp
                0x10000164        0x4 freertos/libfreertos.a(tasks.c.obj)
 .bss.xSuspendedTaskList
                0x10000168       0x14 freertos/libfreertos.a(tasks.c.obj)
 .bss.uxCurrentNumberOfTasks
                0x1000017c        0x4 freertos/libfreertos.a(tasks.c.obj)
 .bss.xTickCount
                0x10000180        0x4 freertos/libfreertos.a(tasks.c.obj)
 .bss.uxTopReadyPriority
                0x10000184        0x4 freertos/libfreertos.a(tasks.c.obj)
 .bss.xSchedulerRunning
                0x10000188        0x4 freertos/libfreertos.a(tasks.c.obj)
 .bss.xPendedTicks
                0x1000018c        0x4 freertos/libfreertos.a(tasks.c.obj)
 .bss.xYieldPendings
                0x10000190        0x4 freertos/libfreertos.a(tasks.c.obj)
 .bss.xNumOfOverflows
                0x10000194        0x4 freertos/libfreertos.a(tasks.c.obj)
 .bss.uxTaskNumber
                0x10000198        0x4 freertos/libfreertos.a(tasks.c.obj)
 .bss.xNextTaskUnblockTime
                0x1000019c        0x4 freertos/libfreertos.a(tasks.c.obj)
 .bss.xIdleTaskHandles
                0x100001a0        0x4 freertos/libfreertos.a(tasks.c.obj)
 .bss.uxSchedulerSuspended
                0x100001a4        0x4 freertos/libfreertos.a(tasks.c.obj)
 .bss.ucHeap    0x100001a8     0x2000 freertos/libfreertos.a(heap_2.c.obj)
 .bss.xStart    0x100021a8        0x8 freertos/libfreertos.a(heap_2.c.obj)
 .bss.xEnd      0x100021b0        0x8 freertos/libfreertos.a(heap_2.c.obj)
 .bss.xHeapHasBeenInitialised.0
                0x100021b8        0x4 freertos/libfreertos.a(heap_2.c.obj)
 .bss.ulTimerCountsForOneTick
                0x100021bc        0x4 freertos/libfreertos.a(port.c.obj)
 .bss.xMaximumPossibleSuppressedTicks
                0x100021c0        0x4 freertos/libfreertos.a(port.c.obj)
 .bss.ulStoppedTimerCompensation
                0x100021c4        0x4 freertos/libfreertos.a(port.c.obj)
 *(COMMON)
                0x100021c8                        . = ALIGN (0x4)
                0x100021c8                        __bss_end__ = .
                0x100021c8                        __END_BSS = .

.heap           0x100021c8      0x400 load address 0x00007288
                0x100021c8                        . = ALIGN (0x8)
                0x100021c8                        __end__ = .
                0x100021c8                        PROVIDE (end = .)
                0x100021c8                        __HeapBase = .
                0x100025c8                        . = (. + HEAP_SIZE)
 *fill*         0x100021c8      0x400 
                0x100025c8                        __HeapLimit = .
                0x100025c8                        __heap_limit = .

.stack          0x100025c8      0x800 load address 0x00007688
                0x100025c8                        . = ALIGN (0x8)
                0x10002dc8                        . = (. + STACK_SIZE)
 *fill*         0x100025c8      0x800 
                0x10003fe0                        __StackTop = (ORIGIN (m_data) + LENGTH (m_data))
                0x100037e0                        __StackLimit = (__StackTop - STACK_SIZE)
                0x10003fe0                        PROVIDE (__stack = __StackTop)

.ARM.attributes
                0x00000000       0x28
 *(.ARM.attributes)
 .ARM.attributes
                0x00000000       0x1e C:/Users/totia/.mcuxpressotools/arm-gnu-toolchain-13.2.Rel1-mingw-w64-i686-arm-none-eabi/bin/../lib/gcc/arm-none-eabi/13.2.1/thumb/v6-m/nofp/crti.o
 .ARM.attributes
                0x0000001e       0x2c C:/Users/totia/.mcuxpressotools/arm-gnu-toolchain-13.2.Rel1-mingw-w64-i686-arm-none-eabi/bin/../lib/gcc/arm-none-eabi/13.2.1/thumb/v6-m/nofp/crtbegin.o
 .ARM.attributes
                0x0000004a       0x1b C:/Users/totia/.mcuxpressotools/arm-gnu-toolchain-13.2.Rel1-mingw-w64-i686-arm-none-eabi/bin/../lib/gcc/arm-none-eabi/13.2.1/thumb/v6-m/nofp/crt0.o
 .ARM.attributes
                0x00000065       0x2c CMakeFiles/new_project.elf.dir/C_/Users/totia/OneDrive/Documentos/GitHub/curso-lse/workspace_lpc845/04_alarma/main.c.obj
 .ARM.attributes
                0x00000091       0x2c CMakeFiles/new_project.elf.dir/C_/Users/totia/OneDrive/Documentos/GitHub/curso-lse/workspace_lpc845/04_alarma/board.c.obj
 .ARM.attributes
                0x000000bd       0x2c CMakeFiles/new_project.elf.dir/C_/Users/totia/OneDrive/Documentos/GitHub/curso-lse/workspace_lpc845/04_alarma/clock_config.c.obj
 .ARM.attributes
                0x000000e9       0x2c CMakeFiles/new_project.elf.dir/b2f5765e3116205059112aab3ed77601/curso-lse/workspace_lpc845/sdks/04_alarma_sdk/components/uart/fsl_adapter_miniusart.c.obj
 .ARM.attributes
                0x00000115       0x1b CMakeFiles/new_project.elf.dir/08d8c53291042733ef4305dc037bba4c/GitHub/curso-lse/workspace_lpc845/sdks/04_alarma_sdk/devices/LPC845/gcc/startup_LPC845.S.obj
 .ARM.attributes
                0x00000130       0x2c CMakeFiles/new_project.elf.dir/C_/Users/totia/OneDrive/Documentos/GitHub/curso-lse/workspace_lpc845/sdks/04_alarma_sdk/devices/LPC845/system_LPC845.c.obj
 .ARM.attributes
                0x0000015c       0x2c CMakeFiles/new_project.elf.dir/08d8c53291042733ef4305dc037bba4c/GitHub/curso-lse/workspace_lpc845/sdks/04_alarma_sdk/devices/LPC845/drivers/fsl_clock.c.obj
 .ARM.attributes
                0x00000188       0x2c CMakeFiles/new_project.elf.dir/b2f5765e3116205059112aab3ed77601/curso-lse/workspace_lpc845/sdks/04_alarma_sdk/devices/LPC845/drivers/fsl_common_arm.c.obj
 .ARM.attributes
                0x000001b4       0x2c CMakeFiles/new_project.elf.dir/C_/Users/totia/OneDrive/Documentos/GitHub/curso-lse/workspace_lpc845/sdks/04_alarma_sdk/devices/LPC845/drivers/fsl_adc.c.obj
 .ARM.attributes
                0x000001e0       0x2c CMakeFiles/new_project.elf.dir/C_/Users/totia/OneDrive/Documentos/GitHub/curso-lse/workspace_lpc845/sdks/04_alarma_sdk/devices/LPC845/drivers/fsl_gpio.c.obj
 .ARM.attributes
                0x0000020c       0x2c CMakeFiles/new_project.elf.dir/08d8c53291042733ef4305dc037bba4c/GitHub/curso-lse/workspace_lpc845/sdks/04_alarma_sdk/devices/LPC845/drivers/fsl_usart.c.obj
 .ARM.attributes
                0x00000238       0x2c CMakeFiles/new_project.elf.dir/08d8c53291042733ef4305dc037bba4c/GitHub/curso-lse/workspace_lpc845/sdks/04_alarma_sdk/devices/LPC845/drivers/fsl_reset.c.obj
 .ARM.attributes
                0x00000264       0x2c CMakeFiles/new_project.elf.dir/C_/Users/totia/OneDrive/Documentos/GitHub/curso-lse/workspace_lpc845/sdks/04_alarma_sdk/devices/LPC845/drivers/fsl_swm.c.obj
 .ARM.attributes
                0x00000290       0x2c CMakeFiles/new_project.elf.dir/e50fa42c96dad9d8d207ba90a8b49f56/sdks/04_alarma_sdk/devices/LPC845/utilities/debug_console_lite/fsl_assert.c.obj
 .ARM.attributes
                0x000002bc       0x2c CMakeFiles/new_project.elf.dir/e50fa42c96dad9d8d207ba90a8b49f56/sdks/04_alarma_sdk/devices/LPC845/utilities/debug_console_lite/fsl_debug_console.c.obj
 .ARM.attributes
                0x000002e8       0x1e C:/Users/totia/.mcuxpressotools/arm-gnu-toolchain-13.2.Rel1-mingw-w64-i686-arm-none-eabi/bin/../lib/gcc/arm-none-eabi/13.2.1/thumb/v6-m/nofp\libgcc.a(_udivsi3.o)
 .ARM.attributes
                0x00000306       0x1e C:/Users/totia/.mcuxpressotools/arm-gnu-toolchain-13.2.Rel1-mingw-w64-i686-arm-none-eabi/bin/../lib/gcc/arm-none-eabi/13.2.1/thumb/v6-m/nofp\libgcc.a(_dvmd_tls.o)
 .ARM.attributes
                0x00000324       0x1e C:/Users/totia/.mcuxpressotools/arm-gnu-toolchain-13.2.Rel1-mingw-w64-i686-arm-none-eabi/bin/../lib/gcc/arm-none-eabi/13.2.1/thumb/v6-m/nofp\libgcc.a(_aeabi_uldivmod.o)
 .ARM.attributes
                0x00000342       0x2c C:/Users/totia/.mcuxpressotools/arm-gnu-toolchain-13.2.Rel1-mingw-w64-i686-arm-none-eabi/bin/../lib/gcc/arm-none-eabi/13.2.1/thumb/v6-m/nofp\libgcc.a(_muldi3.o)
 .ARM.attributes
                0x0000036e       0x2c C:/Users/totia/.mcuxpressotools/arm-gnu-toolchain-13.2.Rel1-mingw-w64-i686-arm-none-eabi/bin/../lib/gcc/arm-none-eabi/13.2.1/thumb/v6-m/nofp\libgcc.a(_udivmoddi4.o)
 .ARM.attributes
                0x0000039a       0x1e C:/Users/totia/.mcuxpressotools/arm-gnu-toolchain-13.2.Rel1-mingw-w64-i686-arm-none-eabi/bin/../lib/gcc/arm-none-eabi/13.2.1/thumb/v6-m/nofp\libgcc.a(_clzdi2.o)
 .ARM.attributes
                0x000003b8       0x1e C:/Users/totia/.mcuxpressotools/arm-gnu-toolchain-13.2.Rel1-mingw-w64-i686-arm-none-eabi/bin/../lib/gcc/arm-none-eabi/13.2.1/thumb/v6-m/nofp\libgcc.a(_clzsi2.o)
 .ARM.attributes
                0x000003d6       0x2c C:/Users/totia/.mcuxpressotools/arm-gnu-toolchain-13.2.Rel1-mingw-w64-i686-arm-none-eabi/bin/../lib/gcc/arm-none-eabi/13.2.1/thumb/v6-m/nofp\libc_nano.a(libc_a-exit.o)
 .ARM.attributes
                0x00000402       0x2c C:/Users/totia/.mcuxpressotools/arm-gnu-toolchain-13.2.Rel1-mingw-w64-i686-arm-none-eabi/bin/../lib/gcc/arm-none-eabi/13.2.1/thumb/v6-m/nofp\libc_nano.a(libc_a-findfp.o)
 .ARM.attributes
                0x0000042e       0x2c C:/Users/totia/.mcuxpressotools/arm-gnu-toolchain-13.2.Rel1-mingw-w64-i686-arm-none-eabi/bin/../lib/gcc/arm-none-eabi/13.2.1/thumb/v6-m/nofp\libc_nano.a(libc_a-memset.o)
 .ARM.attributes
                0x0000045a       0x2c C:/Users/totia/.mcuxpressotools/arm-gnu-toolchain-13.2.Rel1-mingw-w64-i686-arm-none-eabi/bin/../lib/gcc/arm-none-eabi/13.2.1/thumb/v6-m/nofp\libc_nano.a(libc_a-init.o)
 .ARM.attributes
                0x00000486       0x2c C:/Users/totia/.mcuxpressotools/arm-gnu-toolchain-13.2.Rel1-mingw-w64-i686-arm-none-eabi/bin/../lib/gcc/arm-none-eabi/13.2.1/thumb/v6-m/nofp\libc_nano.a(libc_a-memcpy-stub.o)
 .ARM.attributes
                0x000004b2       0x1c C:/Users/totia/.mcuxpressotools/arm-gnu-toolchain-13.2.Rel1-mingw-w64-i686-arm-none-eabi/bin/../lib/gcc/arm-none-eabi/13.2.1/thumb/v6-m/nofp\libc_nano.a(libc_a-strlen.o)
 .ARM.attributes
                0x000004ce       0x2c C:/Users/totia/.mcuxpressotools/arm-gnu-toolchain-13.2.Rel1-mingw-w64-i686-arm-none-eabi/bin/../lib/gcc/arm-none-eabi/13.2.1/../../../../arm-none-eabi/lib/thumb/v6-m/nofp\libcr_newlib_nohost.a(_exit.o)
 .ARM.attributes
                0x000004fa       0x2c freertos/libfreertos.a(tasks.c.obj)
 .ARM.attributes
                0x00000526       0x2c freertos/libfreertos.a(heap_2.c.obj)
 .ARM.attributes
                0x00000552       0x2c freertos/libfreertos.a(port.c.obj)
 .ARM.attributes
                0x0000057e       0x2c freertos/libfreertos.a(list.c.obj)
 .ARM.attributes
                0x000005aa       0x2c C:/Users/totia/.mcuxpressotools/arm-gnu-toolchain-13.2.Rel1-mingw-w64-i686-arm-none-eabi/bin/../lib/gcc/arm-none-eabi/13.2.1/thumb/v6-m/nofp/crtend.o
 .ARM.attributes
                0x000005d6       0x1e C:/Users/totia/.mcuxpressotools/arm-gnu-toolchain-13.2.Rel1-mingw-w64-i686-arm-none-eabi/bin/../lib/gcc/arm-none-eabi/13.2.1/thumb/v6-m/nofp/crtn.o
                0x00000001                        ASSERT ((__StackLimit >= __HeapLimit), region m_data overflowed with stack and heap)
OUTPUT(new_project.elf elf32-littlearm)
LOAD linker stubs

.debug_line_str
                0x00000000      0x366
 .debug_line_str
                0x00000000      0x366 C:/Users/totia/.mcuxpressotools/arm-gnu-toolchain-13.2.Rel1-mingw-w64-i686-arm-none-eabi/bin/../lib/gcc/arm-none-eabi/13.2.1/thumb/v6-m/nofp/crt0.o
                                 0xd2 (size before relaxing)
 .debug_line_str
                0x00000366       0xd8 CMakeFiles/new_project.elf.dir/08d8c53291042733ef4305dc037bba4c/GitHub/curso-lse/workspace_lpc845/sdks/04_alarma_sdk/devices/LPC845/gcc/startup_LPC845.S.obj
 .debug_line_str
                0x00000366       0xc9 C:/Users/totia/.mcuxpressotools/arm-gnu-toolchain-13.2.Rel1-mingw-w64-i686-arm-none-eabi/bin/../lib/gcc/arm-none-eabi/13.2.1/thumb/v6-m/nofp\libgcc.a(_udivsi3.o)
 .debug_line_str
                0x00000366       0xc9 C:/Users/totia/.mcuxpressotools/arm-gnu-toolchain-13.2.Rel1-mingw-w64-i686-arm-none-eabi/bin/../lib/gcc/arm-none-eabi/13.2.1/thumb/v6-m/nofp\libgcc.a(_dvmd_tls.o)
 .debug_line_str
                0x00000366       0xc9 C:/Users/totia/.mcuxpressotools/arm-gnu-toolchain-13.2.Rel1-mingw-w64-i686-arm-none-eabi/bin/../lib/gcc/arm-none-eabi/13.2.1/thumb/v6-m/nofp\libgcc.a(_aeabi_uldivmod.o)
 .debug_line_str
                0x00000366       0xc9 C:/Users/totia/.mcuxpressotools/arm-gnu-toolchain-13.2.Rel1-mingw-w64-i686-arm-none-eabi/bin/../lib/gcc/arm-none-eabi/13.2.1/thumb/v6-m/nofp\libgcc.a(_clzdi2.o)
 .debug_line_str
                0x00000366       0xc9 C:/Users/totia/.mcuxpressotools/arm-gnu-toolchain-13.2.Rel1-mingw-w64-i686-arm-none-eabi/bin/../lib/gcc/arm-none-eabi/13.2.1/thumb/v6-m/nofp\libgcc.a(_clzsi2.o)
 .debug_line_str
                0x00000366       0xe7 C:/Users/totia/.mcuxpressotools/arm-gnu-toolchain-13.2.Rel1-mingw-w64-i686-arm-none-eabi/bin/../lib/gcc/arm-none-eabi/13.2.1/thumb/v6-m/nofp\libc_nano.a(libc_a-strlen.o)

.debug_info     0x00000000     0xe07d
 .debug_info    0x00000000     0x1a86 CMakeFiles/new_project.elf.dir/C_/Users/totia/OneDrive/Documentos/GitHub/curso-lse/workspace_lpc845/04_alarma/main.c.obj
 .debug_info    0x00001a86      0xcff CMakeFiles/new_project.elf.dir/C_/Users/totia/OneDrive/Documentos/GitHub/curso-lse/workspace_lpc845/04_alarma/board.c.obj
 .debug_info    0x00002785      0xa3e CMakeFiles/new_project.elf.dir/C_/Users/totia/OneDrive/Documentos/GitHub/curso-lse/workspace_lpc845/04_alarma/clock_config.c.obj
 .debug_info    0x000031c3      0xb98 CMakeFiles/new_project.elf.dir/b2f5765e3116205059112aab3ed77601/curso-lse/workspace_lpc845/sdks/04_alarma_sdk/components/uart/fsl_adapter_miniusart.c.obj
 .debug_info    0x00003d5b      0x37b CMakeFiles/new_project.elf.dir/08d8c53291042733ef4305dc037bba4c/GitHub/curso-lse/workspace_lpc845/sdks/04_alarma_sdk/devices/LPC845/gcc/startup_LPC845.S.obj
 .debug_info    0x000040d6      0x60e CMakeFiles/new_project.elf.dir/C_/Users/totia/OneDrive/Documentos/GitHub/curso-lse/workspace_lpc845/sdks/04_alarma_sdk/devices/LPC845/system_LPC845.c.obj
 .debug_info    0x000046e4     0x12f9 CMakeFiles/new_project.elf.dir/08d8c53291042733ef4305dc037bba4c/GitHub/curso-lse/workspace_lpc845/sdks/04_alarma_sdk/devices/LPC845/drivers/fsl_clock.c.obj
 .debug_info    0x000059dd      0x157 CMakeFiles/new_project.elf.dir/b2f5765e3116205059112aab3ed77601/curso-lse/workspace_lpc845/sdks/04_alarma_sdk/devices/LPC845/drivers/fsl_common_arm.c.obj
 .debug_info    0x00005b34     0x1238 CMakeFiles/new_project.elf.dir/C_/Users/totia/OneDrive/Documentos/GitHub/curso-lse/workspace_lpc845/sdks/04_alarma_sdk/devices/LPC845/drivers/fsl_adc.c.obj
 .debug_info    0x00006d6c      0xde8 CMakeFiles/new_project.elf.dir/C_/Users/totia/OneDrive/Documentos/GitHub/curso-lse/workspace_lpc845/sdks/04_alarma_sdk/devices/LPC845/drivers/fsl_gpio.c.obj
 .debug_info    0x00007b54     0x1dce CMakeFiles/new_project.elf.dir/08d8c53291042733ef4305dc037bba4c/GitHub/curso-lse/workspace_lpc845/sdks/04_alarma_sdk/devices/LPC845/drivers/fsl_usart.c.obj
 .debug_info    0x00009922      0x719 CMakeFiles/new_project.elf.dir/08d8c53291042733ef4305dc037bba4c/GitHub/curso-lse/workspace_lpc845/sdks/04_alarma_sdk/devices/LPC845/drivers/fsl_reset.c.obj
 .debug_info    0x0000a03b      0x76a CMakeFiles/new_project.elf.dir/C_/Users/totia/OneDrive/Documentos/GitHub/curso-lse/workspace_lpc845/sdks/04_alarma_sdk/devices/LPC845/drivers/fsl_swm.c.obj
 .debug_info    0x0000a7a5      0x126 CMakeFiles/new_project.elf.dir/e50fa42c96dad9d8d207ba90a8b49f56/sdks/04_alarma_sdk/devices/LPC845/utilities/debug_console_lite/fsl_assert.c.obj
 .debug_info    0x0000a8cb      0xcd3 CMakeFiles/new_project.elf.dir/e50fa42c96dad9d8d207ba90a8b49f56/sdks/04_alarma_sdk/devices/LPC845/utilities/debug_console_lite/fsl_debug_console.c.obj
 .debug_info    0x0000b59e       0xa3 C:/Users/totia/.mcuxpressotools/arm-gnu-toolchain-13.2.Rel1-mingw-w64-i686-arm-none-eabi/bin/../lib/gcc/arm-none-eabi/13.2.1/../../../../arm-none-eabi/lib/thumb/v6-m/nofp\libcr_newlib_nohost.a(_exit.o)
 .debug_info    0x0000b641     0x20a5 freertos/libfreertos.a(tasks.c.obj)
 .debug_info    0x0000d6e6      0x36e freertos/libfreertos.a(heap_2.c.obj)
 .debug_info    0x0000da54      0x38a freertos/libfreertos.a(port.c.obj)
 .debug_info    0x0000ddde      0x29f freertos/libfreertos.a(list.c.obj)

.debug_abbrev   0x00000000     0x25c5
 .debug_abbrev  0x00000000      0x377 CMakeFiles/new_project.elf.dir/C_/Users/totia/OneDrive/Documentos/GitHub/curso-lse/workspace_lpc845/04_alarma/main.c.obj
 .debug_abbrev  0x00000377      0x1fc CMakeFiles/new_project.elf.dir/C_/Users/totia/OneDrive/Documentos/GitHub/curso-lse/workspace_lpc845/04_alarma/board.c.obj
 .debug_abbrev  0x00000573      0x270 CMakeFiles/new_project.elf.dir/C_/Users/totia/OneDrive/Documentos/GitHub/curso-lse/workspace_lpc845/04_alarma/clock_config.c.obj
 .debug_abbrev  0x000007e3      0x1e3 CMakeFiles/new_project.elf.dir/b2f5765e3116205059112aab3ed77601/curso-lse/workspace_lpc845/sdks/04_alarma_sdk/components/uart/fsl_adapter_miniusart.c.obj
 .debug_abbrev  0x000009c6       0x26 CMakeFiles/new_project.elf.dir/08d8c53291042733ef4305dc037bba4c/GitHub/curso-lse/workspace_lpc845/sdks/04_alarma_sdk/devices/LPC845/gcc/startup_LPC845.S.obj
 .debug_abbrev  0x000009ec      0x16b CMakeFiles/new_project.elf.dir/C_/Users/totia/OneDrive/Documentos/GitHub/curso-lse/workspace_lpc845/sdks/04_alarma_sdk/devices/LPC845/system_LPC845.c.obj
 .debug_abbrev  0x00000b57      0x343 CMakeFiles/new_project.elf.dir/08d8c53291042733ef4305dc037bba4c/GitHub/curso-lse/workspace_lpc845/sdks/04_alarma_sdk/devices/LPC845/drivers/fsl_clock.c.obj
 .debug_abbrev  0x00000e9a       0xdc CMakeFiles/new_project.elf.dir/b2f5765e3116205059112aab3ed77601/curso-lse/workspace_lpc845/sdks/04_alarma_sdk/devices/LPC845/drivers/fsl_common_arm.c.obj
 .debug_abbrev  0x00000f76      0x2c3 CMakeFiles/new_project.elf.dir/C_/Users/totia/OneDrive/Documentos/GitHub/curso-lse/workspace_lpc845/sdks/04_alarma_sdk/devices/LPC845/drivers/fsl_adc.c.obj
 .debug_abbrev  0x00001239      0x1e8 CMakeFiles/new_project.elf.dir/C_/Users/totia/OneDrive/Documentos/GitHub/curso-lse/workspace_lpc845/sdks/04_alarma_sdk/devices/LPC845/drivers/fsl_gpio.c.obj
 .debug_abbrev  0x00001421      0x38f CMakeFiles/new_project.elf.dir/08d8c53291042733ef4305dc037bba4c/GitHub/curso-lse/workspace_lpc845/sdks/04_alarma_sdk/devices/LPC845/drivers/fsl_usart.c.obj
 .debug_abbrev  0x000017b0      0x153 CMakeFiles/new_project.elf.dir/08d8c53291042733ef4305dc037bba4c/GitHub/curso-lse/workspace_lpc845/sdks/04_alarma_sdk/devices/LPC845/drivers/fsl_reset.c.obj
 .debug_abbrev  0x00001903      0x180 CMakeFiles/new_project.elf.dir/C_/Users/totia/OneDrive/Documentos/GitHub/curso-lse/workspace_lpc845/sdks/04_alarma_sdk/devices/LPC845/drivers/fsl_swm.c.obj
 .debug_abbrev  0x00001a83       0xa8 CMakeFiles/new_project.elf.dir/e50fa42c96dad9d8d207ba90a8b49f56/sdks/04_alarma_sdk/devices/LPC845/utilities/debug_console_lite/fsl_assert.c.obj
 .debug_abbrev  0x00001b2b      0x242 CMakeFiles/new_project.elf.dir/e50fa42c96dad9d8d207ba90a8b49f56/sdks/04_alarma_sdk/devices/LPC845/utilities/debug_console_lite/fsl_debug_console.c.obj
 .debug_abbrev  0x00001d6d       0x67 C:/Users/totia/.mcuxpressotools/arm-gnu-toolchain-13.2.Rel1-mingw-w64-i686-arm-none-eabi/bin/../lib/gcc/arm-none-eabi/13.2.1/../../../../arm-none-eabi/lib/thumb/v6-m/nofp\libcr_newlib_nohost.a(_exit.o)
 .debug_abbrev  0x00001dd4      0x301 freertos/libfreertos.a(tasks.c.obj)
 .debug_abbrev  0x000020d5      0x1e0 freertos/libfreertos.a(heap_2.c.obj)
 .debug_abbrev  0x000022b5      0x224 freertos/libfreertos.a(port.c.obj)
 .debug_abbrev  0x000024d9       0xec freertos/libfreertos.a(list.c.obj)

.debug_aranges  0x00000000      0x930
 .debug_aranges
                0x00000000       0x98 CMakeFiles/new_project.elf.dir/C_/Users/totia/OneDrive/Documentos/GitHub/curso-lse/workspace_lpc845/04_alarma/main.c.obj
 .debug_aranges
                0x00000098       0x28 CMakeFiles/new_project.elf.dir/C_/Users/totia/OneDrive/Documentos/GitHub/curso-lse/workspace_lpc845/04_alarma/board.c.obj
 .debug_aranges
                0x000000c0       0x60 CMakeFiles/new_project.elf.dir/C_/Users/totia/OneDrive/Documentos/GitHub/curso-lse/workspace_lpc845/04_alarma/clock_config.c.obj
 .debug_aranges
                0x00000120       0x50 CMakeFiles/new_project.elf.dir/b2f5765e3116205059112aab3ed77601/curso-lse/workspace_lpc845/sdks/04_alarma_sdk/components/uart/fsl_adapter_miniusart.c.obj
 .debug_aranges
                0x00000170       0x20 CMakeFiles/new_project.elf.dir/08d8c53291042733ef4305dc037bba4c/GitHub/curso-lse/workspace_lpc845/sdks/04_alarma_sdk/devices/LPC845/gcc/startup_LPC845.S.obj
 .debug_aranges
                0x00000190       0x30 CMakeFiles/new_project.elf.dir/C_/Users/totia/OneDrive/Documentos/GitHub/curso-lse/workspace_lpc845/sdks/04_alarma_sdk/devices/LPC845/system_LPC845.c.obj
 .debug_aranges
                0x000001c0      0x108 CMakeFiles/new_project.elf.dir/08d8c53291042733ef4305dc037bba4c/GitHub/curso-lse/workspace_lpc845/sdks/04_alarma_sdk/devices/LPC845/drivers/fsl_clock.c.obj
 .debug_aranges
                0x000002c8       0x28 CMakeFiles/new_project.elf.dir/b2f5765e3116205059112aab3ed77601/curso-lse/workspace_lpc845/sdks/04_alarma_sdk/devices/LPC845/drivers/fsl_common_arm.c.obj
 .debug_aranges
                0x000002f0       0x80 CMakeFiles/new_project.elf.dir/C_/Users/totia/OneDrive/Documentos/GitHub/curso-lse/workspace_lpc845/sdks/04_alarma_sdk/devices/LPC845/drivers/fsl_adc.c.obj
 .debug_aranges
                0x00000370       0x38 CMakeFiles/new_project.elf.dir/C_/Users/totia/OneDrive/Documentos/GitHub/curso-lse/workspace_lpc845/sdks/04_alarma_sdk/devices/LPC845/drivers/fsl_gpio.c.obj
 .debug_aranges
                0x000003a8      0x128 CMakeFiles/new_project.elf.dir/08d8c53291042733ef4305dc037bba4c/GitHub/curso-lse/workspace_lpc845/sdks/04_alarma_sdk/devices/LPC845/drivers/fsl_usart.c.obj
 .debug_aranges
                0x000004d0       0x30 CMakeFiles/new_project.elf.dir/08d8c53291042733ef4305dc037bba4c/GitHub/curso-lse/workspace_lpc845/sdks/04_alarma_sdk/devices/LPC845/drivers/fsl_reset.c.obj
 .debug_aranges
                0x00000500       0x28 CMakeFiles/new_project.elf.dir/C_/Users/totia/OneDrive/Documentos/GitHub/curso-lse/workspace_lpc845/sdks/04_alarma_sdk/devices/LPC845/drivers/fsl_swm.c.obj
 .debug_aranges
                0x00000528       0x28 CMakeFiles/new_project.elf.dir/e50fa42c96dad9d8d207ba90a8b49f56/sdks/04_alarma_sdk/devices/LPC845/utilities/debug_console_lite/fsl_assert.c.obj
 .debug_aranges
                0x00000550       0x78 CMakeFiles/new_project.elf.dir/e50fa42c96dad9d8d207ba90a8b49f56/sdks/04_alarma_sdk/devices/LPC845/utilities/debug_console_lite/fsl_debug_console.c.obj
 .debug_aranges
                0x000005c8       0x20 C:/Users/totia/.mcuxpressotools/arm-gnu-toolchain-13.2.Rel1-mingw-w64-i686-arm-none-eabi/bin/../lib/gcc/arm-none-eabi/13.2.1/../../../../arm-none-eabi/lib/thumb/v6-m/nofp\libcr_newlib_nohost.a(_exit.o)
 .debug_aranges
                0x000005e8      0x230 freertos/libfreertos.a(tasks.c.obj)
 .debug_aranges
                0x00000818       0x48 freertos/libfreertos.a(heap_2.c.obj)
 .debug_aranges
                0x00000860       0x90 freertos/libfreertos.a(port.c.obj)
 .debug_aranges
                0x000008f0       0x40 freertos/libfreertos.a(list.c.obj)

.debug_rnglists
                0x00000000      0x6b3
 .debug_rnglists
                0x00000000       0x6f CMakeFiles/new_project.elf.dir/C_/Users/totia/OneDrive/Documentos/GitHub/curso-lse/workspace_lpc845/04_alarma/main.c.obj
 .debug_rnglists
                0x0000006f       0x19 CMakeFiles/new_project.elf.dir/C_/Users/totia/OneDrive/Documentos/GitHub/curso-lse/workspace_lpc845/04_alarma/board.c.obj
 .debug_rnglists
                0x00000088       0x43 CMakeFiles/new_project.elf.dir/C_/Users/totia/OneDrive/Documentos/GitHub/curso-lse/workspace_lpc845/04_alarma/clock_config.c.obj
 .debug_rnglists
                0x000000cb       0x3a CMakeFiles/new_project.elf.dir/b2f5765e3116205059112aab3ed77601/curso-lse/workspace_lpc845/sdks/04_alarma_sdk/components/uart/fsl_adapter_miniusart.c.obj
 .debug_rnglists
                0x00000105       0x20 CMakeFiles/new_project.elf.dir/C_/Users/totia/OneDrive/Documentos/GitHub/curso-lse/workspace_lpc845/sdks/04_alarma_sdk/devices/LPC845/system_LPC845.c.obj
 .debug_rnglists
                0x00000125       0xc9 CMakeFiles/new_project.elf.dir/08d8c53291042733ef4305dc037bba4c/GitHub/curso-lse/workspace_lpc845/sdks/04_alarma_sdk/devices/LPC845/drivers/fsl_clock.c.obj
 .debug_rnglists
                0x000001ee       0x1a CMakeFiles/new_project.elf.dir/b2f5765e3116205059112aab3ed77601/curso-lse/workspace_lpc845/sdks/04_alarma_sdk/devices/LPC845/drivers/fsl_common_arm.c.obj
 .debug_rnglists
                0x00000208       0x62 CMakeFiles/new_project.elf.dir/C_/Users/totia/OneDrive/Documentos/GitHub/curso-lse/workspace_lpc845/sdks/04_alarma_sdk/devices/LPC845/drivers/fsl_adc.c.obj
 .debug_rnglists
                0x0000026a       0x26 CMakeFiles/new_project.elf.dir/C_/Users/totia/OneDrive/Documentos/GitHub/curso-lse/workspace_lpc845/sdks/04_alarma_sdk/devices/LPC845/drivers/fsl_gpio.c.obj
 .debug_rnglists
                0x00000290       0xe2 CMakeFiles/new_project.elf.dir/08d8c53291042733ef4305dc037bba4c/GitHub/curso-lse/workspace_lpc845/sdks/04_alarma_sdk/devices/LPC845/drivers/fsl_usart.c.obj
 .debug_rnglists
                0x00000372       0x1f CMakeFiles/new_project.elf.dir/08d8c53291042733ef4305dc037bba4c/GitHub/curso-lse/workspace_lpc845/sdks/04_alarma_sdk/devices/LPC845/drivers/fsl_reset.c.obj
 .debug_rnglists
                0x00000391       0x1b CMakeFiles/new_project.elf.dir/C_/Users/totia/OneDrive/Documentos/GitHub/curso-lse/workspace_lpc845/sdks/04_alarma_sdk/devices/LPC845/drivers/fsl_swm.c.obj
 .debug_rnglists
                0x000003ac       0x19 CMakeFiles/new_project.elf.dir/e50fa42c96dad9d8d207ba90a8b49f56/sdks/04_alarma_sdk/devices/LPC845/utilities/debug_console_lite/fsl_assert.c.obj
 .debug_rnglists
                0x000003c5       0x59 CMakeFiles/new_project.elf.dir/e50fa42c96dad9d8d207ba90a8b49f56/sdks/04_alarma_sdk/devices/LPC845/utilities/debug_console_lite/fsl_debug_console.c.obj
 .debug_rnglists
                0x0000041e      0x1ce freertos/libfreertos.a(tasks.c.obj)
 .debug_rnglists
                0x000005ec       0x33 freertos/libfreertos.a(heap_2.c.obj)
 .debug_rnglists
                0x0000061f       0x69 freertos/libfreertos.a(port.c.obj)
 .debug_rnglists
                0x00000688       0x2b freertos/libfreertos.a(list.c.obj)

.debug_line     0x00000000     0x7b18
 .debug_line    0x00000000      0x716 CMakeFiles/new_project.elf.dir/C_/Users/totia/OneDrive/Documentos/GitHub/curso-lse/workspace_lpc845/04_alarma/main.c.obj
 .debug_line    0x00000716      0x407 CMakeFiles/new_project.elf.dir/C_/Users/totia/OneDrive/Documentos/GitHub/curso-lse/workspace_lpc845/04_alarma/board.c.obj
 .debug_line    0x00000b1d      0x4c9 CMakeFiles/new_project.elf.dir/C_/Users/totia/OneDrive/Documentos/GitHub/curso-lse/workspace_lpc845/04_alarma/clock_config.c.obj
 .debug_line    0x00000fe6      0x570 CMakeFiles/new_project.elf.dir/b2f5765e3116205059112aab3ed77601/curso-lse/workspace_lpc845/sdks/04_alarma_sdk/components/uart/fsl_adapter_miniusart.c.obj
 .debug_line    0x00001556      0x136 CMakeFiles/new_project.elf.dir/08d8c53291042733ef4305dc037bba4c/GitHub/curso-lse/workspace_lpc845/sdks/04_alarma_sdk/devices/LPC845/gcc/startup_LPC845.S.obj
 .debug_line    0x0000168c      0x451 CMakeFiles/new_project.elf.dir/C_/Users/totia/OneDrive/Documentos/GitHub/curso-lse/workspace_lpc845/sdks/04_alarma_sdk/devices/LPC845/system_LPC845.c.obj
 .debug_line    0x00001add      0xab2 CMakeFiles/new_project.elf.dir/08d8c53291042733ef4305dc037bba4c/GitHub/curso-lse/workspace_lpc845/sdks/04_alarma_sdk/devices/LPC845/drivers/fsl_clock.c.obj
 .debug_line    0x0000258f      0x278 CMakeFiles/new_project.elf.dir/b2f5765e3116205059112aab3ed77601/curso-lse/workspace_lpc845/sdks/04_alarma_sdk/devices/LPC845/drivers/fsl_common_arm.c.obj
 .debug_line    0x00002807      0x6fd CMakeFiles/new_project.elf.dir/C_/Users/totia/OneDrive/Documentos/GitHub/curso-lse/workspace_lpc845/sdks/04_alarma_sdk/devices/LPC845/drivers/fsl_adc.c.obj
 .debug_line    0x00002f04      0x39e CMakeFiles/new_project.elf.dir/C_/Users/totia/OneDrive/Documentos/GitHub/curso-lse/workspace_lpc845/sdks/04_alarma_sdk/devices/LPC845/drivers/fsl_gpio.c.obj
 .debug_line    0x000032a2      0xe56 CMakeFiles/new_project.elf.dir/08d8c53291042733ef4305dc037bba4c/GitHub/curso-lse/workspace_lpc845/sdks/04_alarma_sdk/devices/LPC845/drivers/fsl_usart.c.obj
 .debug_line    0x000040f8      0x33f CMakeFiles/new_project.elf.dir/08d8c53291042733ef4305dc037bba4c/GitHub/curso-lse/workspace_lpc845/sdks/04_alarma_sdk/devices/LPC845/drivers/fsl_reset.c.obj
 .debug_line    0x00004437      0x369 CMakeFiles/new_project.elf.dir/C_/Users/totia/OneDrive/Documentos/GitHub/curso-lse/workspace_lpc845/sdks/04_alarma_sdk/devices/LPC845/drivers/fsl_swm.c.obj
 .debug_line    0x000047a0      0x176 CMakeFiles/new_project.elf.dir/e50fa42c96dad9d8d207ba90a8b49f56/sdks/04_alarma_sdk/devices/LPC845/utilities/debug_console_lite/fsl_assert.c.obj
 .debug_line    0x00004916      0x8e3 CMakeFiles/new_project.elf.dir/e50fa42c96dad9d8d207ba90a8b49f56/sdks/04_alarma_sdk/devices/LPC845/utilities/debug_console_lite/fsl_debug_console.c.obj