C:/Users/totia/OneDrive/Documentos/GitHub/curso-lse/workspace_lpc845/freertos/tasks.c:1622:20:prvCreateTask	56	static
C:/Users/totia/OneDrive/Documentos/GitHub/curso-lse/workspace_lpc845/freertos/tasks.c:1720:16:xTaskCreate	48	static
C:/Users/totia/OneDrive/Documentos/GitHub/curso-lse/workspace_lpc845/freertos/tasks.c:1795:13:prvInitialiseNewTask	32	static
C:/Users/totia/OneDrive/Documentos/GitHub/curso-lse/workspace_lpc845/freertos/tasks.c:2021:17:prvAddNewTaskToReadyList	24	static
C:/Users/totia/OneDrive/Documentos/GitHub/curso-lse/workspace_lpc845/freertos/tasks.c:2193:10:vTaskDelete	32	static
C:/Users/totia/OneDrive/Documentos/GitHub/curso-lse/workspace_lpc845/freertos/tasks.c:2345:16:xTaskDelayUntil	32	static
C:/Users/totia/OneDrive/Documentos/GitHub/curso-lse/workspace_lpc845/freertos/tasks.c:2437:10:vTaskDelay	24	static
C:/Users/totia/OneDrive/Documentos/GitHub/curso-lse/workspace_lpc845/freertos/tasks.c:2487:16:eTaskGetState	48	static
C:/Users/totia/OneDrive/Documentos/GitHub/curso-lse/workspace_lpc845/freertos/tasks.c:2619:17:uxTaskPriorityGet	24	static
C:/Users/totia/OneDrive/Documentos/GitHub/curso-lse/workspace_lpc845/freertos/tasks.c:2645:17:uxTaskPriorityGetFromISR	32	static
C:/Users/totia/OneDrive/Documentos/GitHub/curso-lse/workspace_lpc845/freertos/tasks.c:2693:17:uxTaskBasePriorityGet	24	static
C:/Users/totia/OneDrive/Documentos/GitHub/curso-lse/workspace_lpc845/freertos/tasks.c:2719:17:uxTaskBasePriorityGetFromISR	32	static
C:/Users/totia/OneDrive/Documentos/GitHub/curso-lse/workspace_lpc845/freertos/tasks.c:2767:10:vTaskPrioritySet	40	static
C:/Users/totia/OneDrive/Documentos/GitHub/curso-lse/workspace_lpc845/freertos/tasks.c:3123:10:vTaskSuspend	32	static
C:/Users/totia/OneDrive/Documentos/GitHub/curso-lse/workspace_lpc845/freertos/tasks.c:3285:23:prvTaskIsTaskSuspended	32	static
C:/Users/totia/OneDrive/Documentos/GitHub/curso-lse/workspace_lpc845/freertos/tasks.c:3355:10:vTaskResume	24	static
C:/Users/totia/OneDrive/Documentos/GitHub/curso-lse/workspace_lpc845/freertos/tasks.c:3416:16:xTaskResumeFromISR	32	static
C:/Users/totia/OneDrive/Documentos/GitHub/curso-lse/workspace_lpc845/freertos/tasks.c:3513:19:prvCreateIdleTasks	48	static
C:/Users/totia/OneDrive/Documentos/GitHub/curso-lse/workspace_lpc845/freertos/tasks.c:3667:6:vTaskStartScheduler	16	static
C:/Users/totia/OneDrive/Documentos/GitHub/curso-lse/workspace_lpc845/freertos/tasks.c:3772:6:vTaskEndScheduler	16	static
C:/Users/totia/OneDrive/Documentos/GitHub/curso-lse/workspace_lpc845/freertos/tasks.c:3815:6:vTaskSuspendAll	8	static
C:/Users/totia/OneDrive/Documentos/GitHub/curso-lse/workspace_lpc845/freertos/tasks.c:3898:23:prvGetExpectedIdleTime	16	static
C:/Users/totia/OneDrive/Documentos/GitHub/curso-lse/workspace_lpc845/freertos/tasks.c:3960:12:xTaskResumeAll	40	static
C:/Users/totia/OneDrive/Documentos/GitHub/curso-lse/workspace_lpc845/freertos/tasks.c:4110:12:xTaskGetTickCount	16	static
C:/Users/totia/OneDrive/Documentos/GitHub/curso-lse/workspace_lpc845/freertos/tasks.c:4129:12:xTaskGetTickCountFromISR	16	static
C:/Users/totia/OneDrive/Documentos/GitHub/curso-lse/workspace_lpc845/freertos/tasks.c:4164:13:uxTaskGetNumberOfTasks	8	static
C:/Users/totia/OneDrive/Documentos/GitHub/curso-lse/workspace_lpc845/freertos/tasks.c:4176:8:pcTaskGetName	24	static
C:/Users/totia/OneDrive/Documentos/GitHub/curso-lse/workspace_lpc845/freertos/tasks.c:4389:17:uxTaskGetSystemState	32	static
C:/Users/totia/OneDrive/Documentos/GitHub/curso-lse/workspace_lpc845/freertos/tasks.c:4508:10:vTaskStepTick	24	static
C:/Users/totia/OneDrive/Documentos/GitHub/curso-lse/workspace_lpc845/freertos/tasks.c:4550:12:xTaskCatchUpTicks	24	static
C:/Users/totia/OneDrive/Documentos/GitHub/curso-lse/workspace_lpc845/freertos/tasks.c:4674:12:xTaskIncrementTick	40	static
C:/Users/totia/OneDrive/Documentos/GitHub/curso-lse/workspace_lpc845/freertos/tasks.c:5060:10:vTaskSwitchContext	16	static
C:/Users/totia/OneDrive/Documentos/GitHub/curso-lse/workspace_lpc845/freertos/tasks.c:5247:6:vTaskPlaceOnEventList	16	static
C:/Users/totia/OneDrive/Documentos/GitHub/curso-lse/workspace_lpc845/freertos/tasks.c:5276:6:vTaskPlaceOnUnorderedEventList	32	static
C:/Users/totia/OneDrive/Documentos/GitHub/curso-lse/workspace_lpc845/freertos/tasks.c:5345:12:xTaskRemoveFromEventList	40	static
C:/Users/totia/OneDrive/Documentos/GitHub/curso-lse/workspace_lpc845/freertos/tasks.c:5438:6:vTaskRemoveFromUnorderedEventList	32	static
C:/Users/totia/OneDrive/Documentos/GitHub/curso-lse/workspace_lpc845/freertos/tasks.c:5510:6:vTaskSetTimeOutState	16	static
C:/Users/totia/OneDrive/Documentos/GitHub/curso-lse/workspace_lpc845/freertos/tasks.c:5526:6:vTaskInternalSetTimeOutState	16	static
C:/Users/totia/OneDrive/Documentos/GitHub/curso-lse/workspace_lpc845/freertos/tasks.c:5538:12:xTaskCheckForTimeOut	32	static
C:/Users/totia/OneDrive/Documentos/GitHub/curso-lse/workspace_lpc845/freertos/tasks.c:5607:6:vTaskMissedYield	8	static
C:/Users/totia/OneDrive/Documentos/GitHub/curso-lse/workspace_lpc845/freertos/tasks.c:5620:17:uxTaskGetTaskNumber	24	static
C:/Users/totia/OneDrive/Documentos/GitHub/curso-lse/workspace_lpc845/freertos/tasks.c:5647:10:vTaskSetTaskNumber	24	static
C:/Users/totia/OneDrive/Documentos/GitHub/curso-lse/workspace_lpc845/freertos/tasks.c:5752:8:prvIdleTask	24	static
C:/Users/totia/OneDrive/Documentos/GitHub/curso-lse/workspace_lpc845/freertos/tasks.c:5888:22:eTaskConfirmSleepModeStatus	16	static
C:/Users/totia/OneDrive/Documentos/GitHub/curso-lse/workspace_lpc845/freertos/tasks.c:6015:13:prvInitialiseTaskLists	16	static
C:/Users/totia/OneDrive/Documentos/GitHub/curso-lse/workspace_lpc845/freertos/tasks.c:6047:13:prvCheckTasksWaitingTermination	16	static
C:/Users/totia/OneDrive/Documentos/GitHub/curso-lse/workspace_lpc845/freertos/tasks.c:6125:10:vTaskGetInfo	32	static
C:/Users/totia/OneDrive/Documentos/GitHub/curso-lse/workspace_lpc845/freertos/tasks.c:6272:24:prvListTasksWithinSingleList	40	static
C:/Users/totia/OneDrive/Documentos/GitHub/curso-lse/workspace_lpc845/freertos/tasks.c:6311:35:prvTaskCheckFreeStackSpace	24	static
C:/Users/totia/OneDrive/Documentos/GitHub/curso-lse/workspace_lpc845/freertos/tasks.c:6407:17:prvDeleteTCB	16	static
C:/Users/totia/OneDrive/Documentos/GitHub/curso-lse/workspace_lpc845/freertos/tasks.c:6460:13:prvResetNextTaskUnblockTime	8	static
C:/Users/totia/OneDrive/Documentos/GitHub/curso-lse/workspace_lpc845/freertos/tasks.c:6484:22:xTaskGetCurrentTaskHandle	16	static
C:/Users/totia/OneDrive/Documentos/GitHub/curso-lse/workspace_lpc845/freertos/tasks.c:6519:18:xTaskGetCurrentTaskHandleForCore	24	static
C:/Users/totia/OneDrive/Documentos/GitHub/curso-lse/workspace_lpc845/freertos/tasks.c:6584:16:xTaskPriorityInherit	32	static
C:/Users/totia/OneDrive/Documentos/GitHub/curso-lse/workspace_lpc845/freertos/tasks.c:6687:16:xTaskPriorityDisinherit	32	static
C:/Users/totia/OneDrive/Documentos/GitHub/curso-lse/workspace_lpc845/freertos/tasks.c:6781:10:vTaskPriorityDisinheritAfterTimeout	40	static
C:/Users/totia/OneDrive/Documentos/GitHub/curso-lse/workspace_lpc845/freertos/tasks.c:7573:12:uxTaskResetEventItemValue	16	static
C:/Users/totia/OneDrive/Documentos/GitHub/curso-lse/workspace_lpc845/freertos/tasks.c:7593:18:pvTaskIncrementMutexHeldCount	16	static
C:/Users/totia/OneDrive/Documentos/GitHub/curso-lse/workspace_lpc845/freertos/tasks.c:7618:14:ulTaskGenericNotifyTake	40	static
C:/Users/totia/OneDrive/Documentos/GitHub/curso-lse/workspace_lpc845/freertos/tasks.c:7721:16:xTaskGenericNotifyWait	40	static
C:/Users/totia/OneDrive/Documentos/GitHub/curso-lse/workspace_lpc845/freertos/tasks.c:7836:16:xTaskGenericNotify	48	static
C:/Users/totia/OneDrive/Documentos/GitHub/curso-lse/workspace_lpc845/freertos/tasks.c:7956:16:xTaskGenericNotifyFromISR	56	static
C:/Users/totia/OneDrive/Documentos/GitHub/curso-lse/workspace_lpc845/freertos/tasks.c:8122:10:vTaskGenericNotifyGiveFromISR	56	static
C:/Users/totia/OneDrive/Documentos/GitHub/curso-lse/workspace_lpc845/freertos/tasks.c:8238:16:xTaskGenericNotifyStateClear	24	static
C:/Users/totia/OneDrive/Documentos/GitHub/curso-lse/workspace_lpc845/freertos/tasks.c:8276:14:ulTaskGenericNotifyValueClear	32	static
C:/Users/totia/OneDrive/Documentos/GitHub/curso-lse/workspace_lpc845/freertos/tasks.c:8419:13:prvAddCurrentTaskToDelayedList	40	static
C:/Users/totia/OneDrive/Documentos/GitHub/curso-lse/workspace_lpc845/freertos/tasks.c:8649:6:vTaskResetState	16	static
