C:/Users/totia/OneDrive/Documentos/GitHub/curso-lse/workspace_lpc845/sdks/proyecto_final_sdk/devices/LPC845/drivers/fsl_gpio.h:153:20:GPIO_PinWrite	24	static
C:/Users/totia/OneDrive/Documentos/GitHub/curso-lse/workspace_lpc845/sdks/proyecto_final_sdk/devices/LPC845/drivers/fsl_gpio.h:172:24:GPIO_PinRead	24	static
C:/Users/totia/OneDrive/Documentos/GitHub/curso-lse/workspace_lpc845/sdks/proyecto_final_sdk/devices/LPC845/drivers/fsl_gpio.h:210:20:GPIO_PortToggle	24	static
C:/Users/totia/OneDrive/Documentos/GitHub/curso-lse/workspace_lpc845/sdks/proyecto_final_sdk/devices/LPC845/drivers/fsl_adc.h:497:20:ADC_DoSoftwareTriggerConvSeqA	16	static
C:/Users/totia/OneDrive/Documentos/GitHub/curso-lse/trabajo_integrador/proyecto_final/wrappers.h:46:20:wrapper_gpio_init	16	static
C:/Users/totia/OneDrive/Documentos/GitHub/curso-lse/trabajo_integrador/proyecto_final/wrappers.h:55:20:wrapper_btn_get	24	static
C:/Users/totia/OneDrive/Documentos/GitHub/curso-lse/trabajo_integrador/proyecto_final/wrappers.h:65:20:wrapper_output_init	40	static
C:/Users/totia/OneDrive/Documentos/GitHub/curso-lse/trabajo_integrador/proyecto_final/wrappers.h:75:24:wrapper_gpio_get_port	24	static
C:/Users/totia/OneDrive/Documentos/GitHub/curso-lse/trabajo_integrador/proyecto_final/wrappers.h:85:24:wrapper_gpio_get_pin	24	static
C:/Users/totia/OneDrive/Documentos/GitHub/curso-lse/trabajo_integrador/proyecto_final/wrappers.h:94:20:wrapper_output_toggle	32	static
C:/Users/totia/OneDrive/Documentos/GitHub/curso-lse/trabajo_integrador/proyecto_final/wrappers.h:102:20:wrapper_display_off	8	static
C:/Users/totia/OneDrive/Documentos/GitHub/curso-lse/trabajo_integrador/proyecto_final/wrappers.h:112:20:wrapper_display_on	24	static
C:/Users/totia/OneDrive/Documentos/GitHub/curso-lse/trabajo_integrador/proyecto_final/wrappers.h:120:20:wrapper_display_on_both	40	static
C:/Users/totia/OneDrive/Documentos/GitHub/curso-lse/trabajo_integrador/proyecto_final/wrappers.h:129:20:wrapper_display_segments_off	104	static
C:/Users/totia/OneDrive/Documentos/GitHub/curso-lse/trabajo_integrador/proyecto_final/wrappers.h:141:20:wrapper_display_segment_on	24	static
C:/Users/totia/OneDrive/Documentos/GitHub/curso-lse/trabajo_integrador/proyecto_final/tasks.h:66:20:wrapper_btn_get_with_debouncing_with_pull_up	24	static
C:/Users/totia/OneDrive/Documentos/GitHub/curso-lse/trabajo_integrador/proyecto_final/tasks.c:29:6:task_init	96	static
C:/Users/totia/OneDrive/Documentos/GitHub/curso-lse/trabajo_integrador/proyecto_final/tasks.c:76:6:task_adc	16	static
C:/Users/totia/OneDrive/Documentos/GitHub/curso-lse/trabajo_integrador/proyecto_final/tasks.c:89:6:task_display_change	32	static
C:/Users/totia/OneDrive/Documentos/GitHub/curso-lse/trabajo_integrador/proyecto_final/tasks.c:106:6:task_control	40	static
C:/Users/totia/OneDrive/Documentos/GitHub/curso-lse/trabajo_integrador/proyecto_final/tasks.c:134:6:task_display	64	static
C:/Users/totia/OneDrive/Documentos/GitHub/curso-lse/trabajo_integrador/proyecto_final/tasks.c:156:6:task_pwm	32	static
C:/Users/totia/OneDrive/Documentos/GitHub/curso-lse/trabajo_integrador/proyecto_final/tasks.c:183:6:task_bh1750	24	static
C:/Users/totia/OneDrive/Documentos/GitHub/curso-lse/trabajo_integrador/proyecto_final/tasks.c:200:6:task_animation	112	static
C:/Users/totia/OneDrive/Documentos/GitHub/curso-lse/trabajo_integrador/proyecto_final/tasks.c:229:6:task_blinky	48	static
C:/Users/totia/OneDrive/Documentos/GitHub/curso-lse/trabajo_integrador/proyecto_final/tasks.c:248:6:task_buzzer	40	static
C:/Users/totia/OneDrive/Documentos/GitHub/curso-lse/trabajo_integrador/proyecto_final/tasks.c:261:6:task_counter	16	static
C:/Users/totia/OneDrive/Documentos/GitHub/curso-lse/trabajo_integrador/proyecto_final/tasks.c:272:6:task_counter_btns	56	static
